Component: ARM Compiler 5.06 update 7 (build 960) Tool: armlink [4d3601]

==============================================================================

Section Cross References

    startup_stm32g431xx.o(STACK) refers (Special) to heapauxi.o(.text) for __use_two_region_memory
    startup_stm32g431xx.o(HEAP) refers (Special) to heapauxi.o(.text) for __use_two_region_memory
    startup_stm32g431xx.o(RESET) refers (Special) to heapauxi.o(.text) for __use_two_region_memory
    startup_stm32g431xx.o(RESET) refers to startup_stm32g431xx.o(STACK) for __initial_sp
    startup_stm32g431xx.o(RESET) refers to startup_stm32g431xx.o(.text) for Reset_Handler
    startup_stm32g431xx.o(RESET) refers to stm32g4xx_it.o(i.NMI_Handler) for NMI_Handler
    startup_stm32g431xx.o(RESET) refers to stm32g4xx_it.o(i.HardFault_Handler) for HardFault_Handler
    startup_stm32g431xx.o(RESET) refers to stm32g4xx_it.o(i.MemManage_Handler) for MemManage_Handler
    startup_stm32g431xx.o(RESET) refers to stm32g4xx_it.o(i.BusFault_Handler) for BusFault_Handler
    startup_stm32g431xx.o(RESET) refers to stm32g4xx_it.o(i.UsageFault_Handler) for UsageFault_Handler
    startup_stm32g431xx.o(RESET) refers to port.o(.emb_text) for SVC_Handler
    startup_stm32g431xx.o(RESET) refers to stm32g4xx_it.o(i.DebugMon_Handler) for DebugMon_Handler
    startup_stm32g431xx.o(RESET) refers to systick_wrapper_ual.o(.text) for SysTick_Handler
    startup_stm32g431xx.o(RESET) refers to stm32g4xx_it.o(i.ADC1_2_IRQHandler) for ADC1_2_IRQHandler
    startup_stm32g431xx.o(RESET) refers to stm32g4xx_it.o(i.TIM1_UP_TIM16_IRQHandler) for TIM1_UP_TIM16_IRQHandler
    startup_stm32g431xx.o(RESET) refers to stm32g4xx_it.o(i.TIM1_TRG_COM_TIM17_IRQHandler) for TIM1_TRG_COM_TIM17_IRQHandler
    startup_stm32g431xx.o(RESET) refers to stm32g4xx_it.o(i.TIM3_IRQHandler) for TIM3_IRQHandler
    startup_stm32g431xx.o(RESET) refers to stm32g4xx_it.o(i.TIM4_IRQHandler) for TIM4_IRQHandler
    startup_stm32g431xx.o(RESET) refers to stm32g4xx_it.o(i.USART1_IRQHandler) for USART1_IRQHandler
    startup_stm32g431xx.o(RESET) refers to stm32g4xx_it.o(i.I2C3_EV_IRQHandler) for I2C3_EV_IRQHandler
    startup_stm32g431xx.o(.text) refers (Special) to heapauxi.o(.text) for __use_two_region_memory
    startup_stm32g431xx.o(.text) refers to system_stm32g4xx.o(i.SystemInit) for SystemInit
    startup_stm32g431xx.o(.text) refers to __main.o(!!!main) for __main
    startup_stm32g431xx.o(.text) refers to startup_stm32g431xx.o(HEAP) for Heap_Mem
    startup_stm32g431xx.o(.text) refers to startup_stm32g431xx.o(STACK) for Stack_Mem
    algorithm.o(i.inv_park_tf_0d) refers to f2d.o(x$fpl$f2d) for __aeabi_f2d
    algorithm.o(i.inv_park_tf_0d) refers to sin.o(i.__hardfp_sin) for __hardfp_sin
    algorithm.o(i.inv_park_tf_0d) refers to dmul.o(x$fpl$dmul) for __aeabi_dmul
    algorithm.o(i.inv_park_tf_0d) refers to d2f.o(x$fpl$d2f) for __aeabi_d2f
    algorithm.o(i.inv_park_tf_0d) refers to cos.o(i.__hardfp_cos) for __hardfp_cos
    algorithm.o(i.normalize_angle) refers to f2d.o(x$fpl$f2d) for __aeabi_f2d
    algorithm.o(i.normalize_angle) refers to fmod.o(i.__hardfp_fmod) for __hardfp_fmod
    algorithm.o(i.normalize_angle) refers to d2f.o(x$fpl$d2f) for __aeabi_d2f
    algorithm.o(i.sin_pwm) refers to algorithm.o(i.normalize_angle) for normalize_angle
    algorithm.o(i.sin_pwm) refers to algorithm.o(i.inv_park_tf_0d) for inv_park_tf_0d
    algorithm.o(i.space_vector_pwm) refers to f2d.o(x$fpl$f2d) for __aeabi_f2d
    algorithm.o(i.space_vector_pwm) refers to fabs.o(i.__hardfp_fabs) for __hardfp_fabs
    algorithm.o(i.space_vector_pwm) refers to d2f.o(x$fpl$d2f) for __aeabi_d2f
    algorithm.o(i.space_vector_pwm) refers to algorithm.o(i.normalize_angle) for normalize_angle
    algorithm.o(i.space_vector_pwm) refers to floor.o(i.__hardfp_floor) for __hardfp_floor
    algorithm.o(i.space_vector_pwm) refers to daddsub_clz.o(x$fpl$dadd) for __aeabi_dadd
    algorithm.o(i.space_vector_pwm) refers to dfix.o(x$fpl$dfix) for __aeabi_d2iz
    algorithm.o(i.space_vector_pwm) refers to sin.o(i.__hardfp_sin) for __hardfp_sin
    algorithm.o(i.space_vector_pwm) refers to dmul.o(x$fpl$dmul) for __aeabi_dmul
    heartbeat.o(i.heartbeat_handler) refers to heartbeat.o(.data) for ccr
    motion.o(i.open_loop_velocity) refers to stspin32g4.o(i.spg4_set_pwm) for spg4_set_pwm
    motion.o(i.open_loop_velocity) refers to motion.o(.data) for angle_prev
    stspin32g4.o(.rev16_text) refers (Special) to systick_wrapper_ual.o(.text) for __ensure_systick_wrapper
    stspin32g4.o(.revsh_text) refers (Special) to systick_wrapper_ual.o(.text) for __ensure_systick_wrapper
    stspin32g4.o(.rrx_text) refers (Special) to systick_wrapper_ual.o(.text) for __ensure_systick_wrapper
    stspin32g4.o(i.LL_ADC_REG_StartConversion) refers (Special) to systick_wrapper_ual.o(.text) for __ensure_systick_wrapper
[...]
    __rt_lib_init_heap_1                     0x08000253   Thumb Code     0  libinit2.o(.ARM.Collect$$libinit$$0000000A)
    __rt_lib_init_lc_collate_1               0x08000253   Thumb Code     0  libinit2.o(.ARM.Collect$$libinit$$00000011)
    __rt_lib_init_lc_ctype_1                 0x08000253   Thumb Code     0  libinit2.o(.ARM.Collect$$libinit$$00000013)
    __rt_lib_init_lc_monetary_1              0x08000253   Thumb Code     0  libinit2.o(.ARM.Collect$$libinit$$00000015)
    __rt_lib_init_lc_numeric_1               0x08000253   Thumb Code     0  libinit2.o(.ARM.Collect$$libinit$$00000017)
    __rt_lib_init_lc_time_1                  0x08000253   Thumb Code     0  libinit2.o(.ARM.Collect$$libinit$$00000019)
    __rt_lib_init_preinit_1                  0x08000253   Thumb Code     0  libinit2.o(.ARM.Collect$$libinit$$00000004)
    __rt_lib_init_rand_1                     0x08000253   Thumb Code     0  libinit2.o(.ARM.Collect$$libinit$$0000000E)
    __rt_lib_init_signal_1                   0x08000253   Thumb Code     0  libinit2.o(.ARM.Collect$$libinit$$0000001D)
    __rt_lib_init_stdio_1                    0x08000253   Thumb Code     0  libinit2.o(.ARM.Collect$$libinit$$00000025)
    __rt_lib_init_user_alloc_1               0x08000253   Thumb Code     0  libinit2.o(.ARM.Collect$$libinit$$0000000C)
    __rt_lib_init_cpp_1                      0x08000257   Thumb Code     0  libinit2.o(.ARM.Collect$$libinit$$00000032)
    __rt_lib_init_return                     0x08000257   Thumb Code     0  libinit2.o(.ARM.Collect$$libinit$$00000033)
    __rt_lib_shutdown                        0x08000259   Thumb Code     0  libshutdown.o(.ARM.Collect$$libshutdown$$00000000)
    __rt_lib_shutdown_cpp_1                  0x0800025b   Thumb Code     0  libshutdown2.o(.ARM.Collect$$libshutdown$$00000004)
    __rt_lib_shutdown_fini_1                 0x0800025b   Thumb Code     0  libshutdown2.o(.ARM.Collect$$libshutdown$$00000002)
    __rt_lib_shutdown_fp_trap_1              0x0800025b   Thumb Code     0  libshutdown2.o(.ARM.Collect$$libshutdown$$00000009)
    __rt_lib_shutdown_heap_1                 0x0800025b   Thumb Code     0  libshutdown2.o(.ARM.Collect$$libshutdown$$00000011)
    __rt_lib_shutdown_return                 0x0800025b   Thumb Code     0  libshutdown2.o(.ARM.Collect$$libshutdown$$00000012)
    __rt_lib_shutdown_signal_1               0x0800025b   Thumb Code     0  libshutdown2.o(.ARM.Collect$$libshutdown$$0000000C)
    __rt_lib_shutdown_stdio_1                0x0800025b   Thumb Code     0  libshutdown2.o(.ARM.Collect$$libshutdown$$00000006)
    __rt_lib_shutdown_user_alloc_1           0x0800025b   Thumb Code     0  libshutdown2.o(.ARM.Collect$$libshutdown$$0000000E)
    __rt_entry                               0x0800025d   Thumb Code     0  __rtentry.o(.ARM.Collect$$rtentry$$00000000)
    __rt_entry_presh_1                       0x0800025d   Thumb Code     0  __rtentry2.o(.ARM.Collect$$rtentry$$00000002)
    __rt_entry_sh                            0x0800025d   Thumb Code     0  __rtentry4.o(.ARM.Collect$$rtentry$$00000004)
    __rt_entry_li                            0x08000263   Thumb Code     0  __rtentry2.o(.ARM.Collect$$rtentry$$0000000A)
    __rt_entry_postsh_1                      0x08000263   Thumb Code     0  __rtentry2.o(.ARM.Collect$$rtentry$$00000009)
    __rt_entry_main                          0x08000267   Thumb Code     0  __rtentry2.o(.ARM.Collect$$rtentry$$0000000D)
    __rt_entry_postli_1                      0x08000267   Thumb Code     0  __rtentry2.o(.ARM.Collect$$rtentry$$0000000C)
    __rt_exit                                0x0800026f   Thumb Code     0  rtexit.o(.ARM.Collect$$rtexit$$00000000)
    __rt_exit_ls                             0x08000271   Thumb Code     0  rtexit2.o(.ARM.Collect$$rtexit$$00000003)
    __rt_exit_prels_1                        0x08000271   Thumb Code     0  rtexit2.o(.ARM.Collect$$rtexit$$00000002)
    __rt_exit_exit                           0x08000275   Thumb Code     0  rtexit2.o(.ARM.Collect$$rtexit$$00000004)
    SVC_Handler                              0x0800027d   Thumb Code    28  port.o(.emb_text)
    __asm___6_port_c_39a90d8d__prvStartFirstTask 0x0800029d   Thumb Code    36  port.o(.emb_text)
    __asm___6_port_c_39a90d8d__prvEnableVFP  0x080002c5   Thumb Code    16  port.o(.emb_text)
    PendSV_Handler                           0x080002d9   Thumb Code    88  port.o(.emb_text)
    vPortGetIPSR                             0x08000335   Thumb Code     6  port.o(.emb_text)
    Reset_Handler                            0x0800033d   Thumb Code     8  startup_stm32g431xx.o(.text)
    COMP1_2_3_IRQHandler                     0x08000357   Thumb Code     0  startup_stm32g431xx.o(.text)
    COMP4_IRQHandler                         0x08000357   Thumb Code     0  startup_stm32g431xx.o(.text)
    CORDIC_IRQHandler                        0x08000357   Thumb Code     0  startup_stm32g431xx.o(.text)
    CRS_IRQHandler                           0x08000357   Thumb Code     0  startup_stm32g431xx.o(.text)
    DMA1_Channel1_IRQHandler                 0x08000357   Thumb Code     0  startup_stm32g431xx.o(.text)
    DMA1_Channel2_IRQHandler                 0x08000357   Thumb Code     0  startup_stm32g431xx.o(.text)
    DMA1_Channel3_IRQHandler                 0x08000357   Thumb Code     0  startup_stm32g431xx.o(.text)
    DMA1_Channel4_IRQHandler                 0x08000357   Thumb Code     0  startup_stm32g431xx.o(.text)
    DMA1_Channel5_IRQHandler                 0x08000357   Thumb Code     0  startup_stm32g431xx.o(.text)
    DMA1_Channel6_IRQHandler                 0x08000357   Thumb Code     0  startup_stm32g431xx.o(.text)
    DMA2_Channel1_IRQHandler                 0x08000357   Thumb Code     0  startup_stm32g431xx.o(.text)
    DMA2_Channel2_IRQHandler                 0x08000357   Thumb Code     0  startup_stm32g431xx.o(.text)
    DMA2_Channel3_IRQHandler                 0x08000357   Thumb Code     0  startup_stm32g431xx.o(.text)
    DMA2_Channel4_IRQHandler                 0x08000357   Thumb Code     0  startup_stm32g431xx.o(.text)
    DMA2_Channel5_IRQHandler                 0x08000357   Thumb Code     0  startup_stm32g431xx.o(.text)
    DMA2_Channel6_IRQHandler                 0x08000357   Thumb Code     0  startup_stm32g431xx.o(.text)
    DMAMUX_OVR_IRQHandler                    0x08000357   Thumb Code     0  startup_stm32g431xx.o(.text)
    EXTI0_IRQHandler                         0x08000357   Thumb Code     0  startup_stm32g431xx.o(.text)
    EXTI15_10_IRQHandler                     0x08000357   Thumb Code     0  startup_stm32g431xx.o(.text)
    EXTI1_IRQHandler                         0x08000357   Thumb Code     0  startup_stm32g431xx.o(.text)
    EXTI2_IRQHandler                         0x08000357   Thumb Code     0  startup_stm32g431xx.o(.text)
    EXTI3_IRQHandler                         0x08000357   Thumb Code     0  startup_stm32g431xx.o(.text)
    EXTI4_IRQHandler                         0x08000357   Thumb Code     0  startup_stm32g431xx.o(.text)
    EXTI9_5_IRQHandler                       0x08000357   Thumb Code     0  startup_stm32g431xx.o(.text)
    FDCAN1_IT0_IRQHandler                    0x08000357   Thumb Code     0  startup_stm32g431xx.o(.text)
    FDCAN1_IT1_IRQHandler                    0x08000357   Thumb Code     0  startup_stm32g431xx.o(.text)
    FLASH_IRQHandler                         0x08000357   Thumb Code     0  startup_stm32g431xx.o(.text)
    FMAC_IRQHandler                          0x08000357   Thumb Code     0  startup_stm32g431xx.o(.text)
    FPU_IRQHandler                           0x08000357   Thumb Code     0  startup_stm32g431xx.o(.text)
    I2C1_ER_IRQHandler                       0x08000357   Thumb Code     0  startup_stm32g431xx.o(.text)
    I2C1_EV_IRQHandler                       0x08000357   Thumb Code     0  startup_stm32g431xx.o(.text)
    I2C2_ER_IRQHandler                       0x08000357   Thumb Code     0  startup_stm32g431xx.o(.text)
    I2C2_EV_IRQHandler                       0x08000357   Thumb Code     0  startup_stm32g431xx.o(.text)
    I2C3_ER_IRQHandler                       0x08000357   Thumb Code     0  startup_stm32g431xx.o(.text)
    LPTIM1_IRQHandler                        0x08000357   Thumb Code     0  startup_stm32g431xx.o(.text)
    LPUART1_IRQHandler                       0x08000357   Thumb Code     0  startup_stm32g431xx.o(.text)
    PVD_PVM_IRQHandler                       0x08000357   Thumb Code     0  startup_stm32g431xx.o(.text)
    RCC_IRQHandler                           0x08000357   Thumb Code     0  startup_stm32g431xx.o(.text)
    RNG_IRQHandler                           0x08000357   Thumb Code     0  startup_stm32g431xx.o(.text)
    RTC_Alarm_IRQHandler                     0x08000357   Thumb Code     0  startup_stm32g431xx.o(.text)
    RTC_TAMP_LSECSS_IRQHandler               0x08000357   Thumb Code     0  startup_stm32g431xx.o(.text)
    RTC_WKUP_IRQHandler                      0x08000357   Thumb Code     0  startup_stm32g431xx.o(.text)
    SAI1_IRQHandler                          0x08000357   Thumb Code     0  startup_stm32g431xx.o(.text)
    SPI1_IRQHandler                          0x08000357   Thumb Code     0  startup_stm32g431xx.o(.text)
    SPI2_IRQHandler                          0x08000357   Thumb Code     0  startup_stm32g431xx.o(.text)
    SPI3_IRQHandler                          0x08000357   Thumb Code     0  startup_stm32g431xx.o(.text)
    TIM1_BRK_TIM15_IRQHandler                0x08000357   Thumb Code     0  startup_stm32g431xx.o(.text)
    TIM1_CC_IRQHandler                       0x08000357   Thumb Code     0  startup_stm32g431xx.o(.text)
    TIM2_IRQHandler                          0x08000357   Thumb Code     0  startup_stm32g431xx.o(.text)
    TIM6_DAC_IRQHandler                      0x08000357   Thumb Code     0  startup_stm32g431xx.o(.text)
    TIM7_IRQHandler                          0x08000357   Thumb Code     0  startup_stm32g431xx.o(.text)
    TIM8_BRK_IRQHandler                      0x08000357   Thumb Code     0  startup_stm32g431xx.o(.text)
    TIM8_CC_IRQHandler                       0x08000357   Thumb Code     0  startup_stm32g431xx.o(.text)
    TIM8_TRG_COM_IRQHandler                  0x08000357   Thumb Code     0  startup_stm32g431xx.o(.text)
    TIM8_UP_IRQHandler                       0x08000357   Thumb Code     0  startup_stm32g431xx.o(.text)
    UART4_IRQHandler                         0x08000357   Thumb Code     0  startup_stm32g431xx.o(.text)
    UCPD1_IRQHandler                         0x08000357   Thumb Code     0  startup_stm32g431xx.o(.text)
    USART2_IRQHandler                        0x08000357   Thumb Code     0  startup_stm32g431xx.o(.text)
    USART3_IRQHandler                        0x08000357   Thumb Code     0  startup_stm32g431xx.o(.text)
    USBWakeUp_IRQHandler                     0x08000357   Thumb Code     0  startup_stm32g431xx.o(.text)
    USB_HP_IRQHandler                        0x08000357   Thumb Code     0  startup_stm32g431xx.o(.text)
    USB_LP_IRQHandler                        0x08000357   Thumb Code     0  startup_stm32g431xx.o(.text)
    WWDG_IRQHandler                          0x08000357   Thumb Code     0  startup_stm32g431xx.o(.text)
    __user_initial_stackheap                 0x08000359   Thumb Code     0  startup_stm32g431xx.o(.text)
    SysTick_Handler                          0x0800037d   Thumb Code    18  systick_wrapper_ual.o(.text)
    __ensure_systick_wrapper                 0x08000399   Thumb Code     4  systick_wrapper_ual.o(.text)
    __aeabi_ldivmod                          0x0800039d   Thumb Code     0  llsdiv.o(.text)
    _ll_sdiv                                 0x0800039d   Thumb Code    72  llsdiv.o(.text)
    __aeabi_memcpy                           0x080003e5   Thumb Code     0  rt_memcpy_v6.o(.text)
    __rt_memcpy                              0x080003e5   Thumb Code   138  rt_memcpy_v6.o(.text)
    _memcpy_lastbytes                        0x0800044b   Thumb Code     0  rt_memcpy_v6.o(.text)
    __aeabi_memset                           0x0800046f   Thumb Code    16  aeabi_memset.o(.text)
    __aeabi_memclr4                          0x0800047f   Thumb Code     0  rt_memclr_w.o(.text)
    __aeabi_memclr8                          0x0800047f   Thumb Code     0  rt_memclr_w.o(.text)
    __rt_memclr_w                            0x0800047f   Thumb Code    78  rt_memclr_w.o(.text)
    _memset_w                                0x08000483   Thumb Code     0  rt_memclr_w.o(.text)
    __use_two_region_memory                  0x080004cd   Thumb Code     2  heapauxi.o(.text)
    __rt_heap_escrow$2region                 0x080004cf   Thumb Code     2  heapauxi.o(.text)
    __rt_heap_expand$2region                 0x080004d1   Thumb Code     2  heapauxi.o(.text)
    __cpp_initialize__aeabi_                 0x080004d5   Thumb Code    26  init_aeabi.o(.text)
    __aeabi_uldivmod                         0x080004f9   Thumb Code     0  lludivv7m.o(.text)
    _ll_udiv                                 0x080004f9   Thumb Code   238  lludivv7m.o(.text)
    __aeabi_memcpy4                          0x080005e7   Thumb Code     0  rt_memcpy_w.o(.text)
    __aeabi_memcpy8                          0x080005e7   Thumb Code     0  rt_memcpy_w.o(.text)
    __rt_memcpy_w                            0x080005e7   Thumb Code   100  rt_memcpy_w.o(.text)
    _memcpy_lastbytes_aligned                0x0800062f   Thumb Code     0  rt_memcpy_w.o(.text)
    __aeabi_memclr                           0x0800064b   Thumb Code     0  rt_memclr.o(.text)
    __rt_memclr                              0x0800064b   Thumb Code    68  rt_memclr.o(.text)
    _memset                                  0x0800064f   Thumb Code     0  rt_memclr.o(.text)
    __user_libspace                          0x08000691   Thumb Code     8  libspace.o(.text)
    __user_perproc_libspace                  0x08000691   Thumb Code     0  libspace.o(.text)
    __user_perthread_libspace                0x08000691   Thumb Code     0  libspace.o(.text)
    __user_setup_stackheap                   0x08000699   Thumb Code    74  sys_stackheap_outer.o(.text)
    exit                                     0x080006e3   Thumb Code    18  exit.o(.text)
    __I$use$semihosting                      0x080006f5   Thumb Code     0  use_no_semi.o(.text)
    __use_no_semihosting_swi                 0x080006f5   Thumb Code     2  use_no_semi.o(.text)
    __semihosting_library_function           0x080006f7   Thumb Code     0  indicate_semi.o(.text)
    _sys_exit                                0x080006f9   Thumb Code     8  sys_exit.o(.text)
    ADC1_2_IRQHandler                        0x08000705   Thumb Code    20  stm32g4xx_it.o(i.ADC1_2_IRQHandler)
    ADC_Enable                               0x08000721   Thumb Code   182  stm32g4xx_hal_adc.o(i.ADC_Enable)
    BusFault_Handler                         0x080007e9   Thumb Code     4  stm32g4xx_it.o(i.BusFault_Handler)
    DebugMon_Handler                         0x080007ed   Thumb Code     2  stm32g4xx_it.o(i.DebugMon_Handler)
    Error_Handler                            0x080007ef   Thumb Code     6  main.o(i.Error_Handler)
    HAL_ADCEx_EndOfSamplingCallback          0x08000861   Thumb Code     2  stm32g4xx_hal_adc_ex.o(i.HAL_ADCEx_EndOfSamplingCallback)
    HAL_ADCEx_InjectedConfigChannel          0x08000865   Thumb Code  1540  stm32g4xx_hal_adc_ex.o(i.HAL_ADCEx_InjectedConfigChannel)
    HAL_ADCEx_InjectedConvCpltCallback       0x08000e91   Thumb Code     2  stm32g4xx_hal_adc_ex.o(i.HAL_ADCEx_InjectedConvCpltCallback)
    HAL_ADCEx_InjectedQueueOverflowCallback  0x08000e93   Thumb Code     2  stm32g4xx_hal_adc_ex.o(i.HAL_ADCEx_InjectedQueueOverflowCallback)
    HAL_ADCEx_InjectedStart_IT               0x08000e95   Thumb Code   338  stm32g4xx_hal_adc_ex.o(i.HAL_ADCEx_InjectedStart_IT)
    HAL_ADCEx_LevelOutOfWindow2Callback      0x08000ff1   Thumb Code     2  stm32g4xx_hal_adc_ex.o(i.HAL_ADCEx_LevelOutOfWindow2Callback)
    HAL_ADCEx_LevelOutOfWindow3Callback      0x08000ff3   Thumb Code     2  stm32g4xx_hal_adc_ex.o(i.HAL_ADCEx_LevelOutOfWindow3Callback)
    HAL_ADCEx_MultiModeConfigChannel         0x08000ff5   Thumb Code   260  stm32g4xx_hal_adc_ex.o(i.HAL_ADCEx_MultiModeConfigChannel)
    HAL_ADC_ConfigChannel                    0x08001101   Thumb Code  1252  stm32g4xx_hal_adc.o(i.HAL_ADC_ConfigChannel)
    HAL_ADC_ConvCpltCallback                 0x08001609   Thumb Code     2  stm32g4xx_hal_adc.o(i.HAL_ADC_ConvCpltCallback)
    HAL_ADC_ErrorCallback                    0x0800160b   Thumb Code     2  stm32g4xx_hal_adc.o(i.HAL_ADC_ErrorCallback)
    HAL_ADC_IRQHandler                       0x0800160d   Thumb Code   808  stm32g4xx_hal_adc.o(i.HAL_ADC_IRQHandler)
    HAL_ADC_Init                             0x0800193d   Thumb Code   576  stm32g4xx_hal_adc.o(i.HAL_ADC_Init)
    HAL_ADC_LevelOutOfWindowCallback         0x08001b99   Thumb Code     2  stm32g4xx_hal_adc.o(i.HAL_ADC_LevelOutOfWindowCallback)
    HAL_ADC_MspInit                          0x08001b9d   Thumb Code   362  adc.o(i.HAL_ADC_MspInit)
    HAL_Delay                                0x08001d21   Thumb Code    36  stm32g4xx_hal.o(i.HAL_Delay)
    HAL_FDCAN_Init                           0x08001d49   Thumb Code   526  stm32g4xx_hal_fdcan.o(i.HAL_FDCAN_Init)
    HAL_FDCAN_MspInit                        0x08001f61   Thumb Code   134  fdcan.o(i.HAL_FDCAN_MspInit)
    HAL_GPIO_Init                            0x08001ff5   Thumb Code   428  stm32g4xx_hal_gpio.o(i.HAL_GPIO_Init)
    HAL_GetTick                              0x080021c1   Thumb Code     6  stm32g4xx_hal.o(i.HAL_GetTick)
    HAL_IncTick                              0x080021cd   Thumb Code    16  stm32g4xx_hal.o(i.HAL_IncTick)
    HAL_Init                                 0x080021e5   Thumb Code    30  stm32g4xx_hal.o(i.HAL_Init)
    HAL_InitTick                             0x08002205   Thumb Code   134  stm32g4xx_hal_timebase_tim.o(i.HAL_InitTick)
    HAL_MspInit                              0x080022a1   Thumb Code    82  stm32g4xx_hal_msp.o(i.HAL_MspInit)
    HAL_NVIC_EnableIRQ                       0x080022f9   Thumb Code    40  stm32g4xx_hal_cortex.o(i.HAL_NVIC_EnableIRQ)
    HAL_NVIC_SetPriority                     0x08002321   Thumb Code   122  stm32g4xx_hal_cortex.o(i.HAL_NVIC_SetPriority)
    HAL_NVIC_SetPriorityGrouping             0x0800239d   Thumb Code    32  stm32g4xx_hal_cortex.o(i.HAL_NVIC_SetPriorityGrouping)
    HAL_OPAMP_Init                           0x080023c5   Thumb Code   330  stm32g4xx_hal_opamp.o(i.HAL_OPAMP_Init)
    HAL_OPAMP_MspInit                        0x08002519   Thumb Code   198  opamp.o(i.HAL_OPAMP_MspInit)
    HAL_OPAMP_Start                          0x080025ed   Thumb Code    54  stm32g4xx_hal_opamp.o(i.HAL_OPAMP_Start)
    HAL_PCDEx_ActivateLPM                    0x08002623   Thumb Code    40  stm32g4xx_hal_pcd_ex.o(i.HAL_PCDEx_ActivateLPM)
    HAL_PCD_Init                             0x0800264b   Thumb Code   266  stm32g4xx_hal_pcd.o(i.HAL_PCD_Init)
    HAL_PCD_MspInit                          0x08002755   Thumb Code    62  usb.o(i.HAL_PCD_MspInit)
    HAL_PWREx_DisableUCPDDeadBattery         0x0800279d   Thumb Code    14  stm32g4xx_hal_pwr_ex.o(i.HAL_PWREx_DisableUCPDDeadBattery)
    HAL_RCC_GetClockConfig                   0x080027b1   Thumb Code    58  stm32g4xx_hal_rcc.o(i.HAL_RCC_GetClockConfig)
    HAL_RCC_GetHCLKFreq                      0x080027f5   Thumb Code     6  stm32g4xx_hal_rcc.o(i.HAL_RCC_GetHCLKFreq)
    HAL_RCC_GetPCLK2Freq                     0x08002801   Thumb Code    26  stm32g4xx_hal_rcc.o(i.HAL_RCC_GetPCLK2Freq)
    HAL_SPI_Init                             0x08002825   Thumb Code   252  stm32g4xx_hal_spi.o(i.HAL_SPI_Init)
    HAL_SPI_MspInit                          0x08002921   Thumb Code   106  spi.o(i.HAL_SPI_MspInit)
    HAL_SYSCFG_DisableVREFBUF                0x08002999   Thumb Code    14  stm32g4xx_hal.o(i.HAL_SYSCFG_DisableVREFBUF)
    HAL_SYSCFG_VREFBUF_HighImpedanceConfig   0x080029ad   Thumb Code    16  stm32g4xx_hal.o(i.HAL_SYSCFG_VREFBUF_HighImpedanceConfig)
    HAL_TIMEx_Break2Callback                 0x080029c1   Thumb Code     2  stm32g4xx_hal_tim_ex.o(i.HAL_TIMEx_Break2Callback)
    HAL_TIMEx_BreakCallback                  0x080029c3   Thumb Code     2  stm32g4xx_hal_tim_ex.o(i.HAL_TIMEx_BreakCallback)
    HAL_TIMEx_CommutCallback                 0x080029c5   Thumb Code     2  stm32g4xx_hal_tim_ex.o(i.HAL_TIMEx_CommutCallback)
    HAL_TIMEx_ConfigBreakDeadTime            0x080029c9   Thumb Code   192  stm32g4xx_hal_tim_ex.o(i.HAL_TIMEx_ConfigBreakDeadTime)
    HAL_TIMEx_DirectionChangeCallback        0x08002a91   Thumb Code     2  stm32g4xx_hal_tim_ex.o(i.HAL_TIMEx_DirectionChangeCallback)
    HAL_TIMEx_EncoderIndexCallback           0x08002a93   Thumb Code     2  stm32g4xx_hal_tim_ex.o(i.HAL_TIMEx_EncoderIndexCallback)
    HAL_TIMEx_IndexErrorCallback             0x08002a95   Thumb Code     2  stm32g4xx_hal_tim_ex.o(i.HAL_TIMEx_IndexErrorCallback)
    HAL_TIMEx_MasterConfigSynchronization    0x08002a99   Thumb Code   158  stm32g4xx_hal_tim_ex.o(i.HAL_TIMEx_MasterConfigSynchronization)
    HAL_TIMEx_PWMN_Start                     0x08002b51   Thumb Code   206  stm32g4xx_hal_tim_ex.o(i.HAL_TIMEx_PWMN_Start)
    HAL_TIMEx_TransitionErrorCallback        0x08002c39   Thumb Code     2  stm32g4xx_hal_tim_ex.o(i.HAL_TIMEx_TransitionErrorCallback)
    HAL_TIM_Base_Init                        0x08002c3b   Thumb Code   110  stm32g4xx_hal_tim.o(i.HAL_TIM_Base_Init)
    HAL_TIM_Base_MspInit                     0x08002ca9   Thumb Code     2  stm32g4xx_hal_tim.o(i.HAL_TIM_Base_MspInit)
    HAL_TIM_Base_Start                       0x08002cad   Thumb Code   118  stm32g4xx_hal_tim.o(i.HAL_TIM_Base_Start)
    HAL_TIM_Base_Start_IT                    0x08002d3d   Thumb Code   130  stm32g4xx_hal_tim.o(i.HAL_TIM_Base_Start_IT)
    HAL_TIM_IC_CaptureCallback               0x08002dd9   Thumb Code     2  stm32g4xx_hal_tim.o(i.HAL_TIM_IC_CaptureCallback)
    HAL_TIM_IRQHandler                       0x08002ddb   Thumb Code   544  stm32g4xx_hal_tim.o(i.HAL_TIM_IRQHandler)
    HAL_TIM_MspPostInit                      0x08002ffd   Thumb Code    84  tim.o(i.HAL_TIM_MspPostInit)
    HAL_TIM_OC_DelayElapsedCallback          0x0800305d   Thumb Code     2  stm32g4xx_hal_tim.o(i.HAL_TIM_OC_DelayElapsedCallback)
    HAL_TIM_PWM_ConfigChannel                0x0800305f   Thumb Code   368  stm32g4xx_hal_tim.o(i.HAL_TIM_PWM_ConfigChannel)
    HAL_TIM_PWM_Init                         0x080031cf   Thumb Code   110  stm32g4xx_hal_tim.o(i.HAL_TIM_PWM_Init)
    HAL_TIM_PWM_MspInit                      0x0800323d   Thumb Code    74  tim.o(i.HAL_TIM_PWM_MspInit)
    HAL_TIM_PWM_PulseFinishedCallback        0x08003291   Thumb Code     2  stm32g4xx_hal_tim.o(i.HAL_TIM_PWM_PulseFinishedCallback)
    HAL_TIM_PWM_Start                        0x08003295   Thumb Code   298  stm32g4xx_hal_tim.o(i.HAL_TIM_PWM_Start)
    HAL_TIM_PeriodElapsedCallback            0x080033e1   Thumb Code    18  main.o(i.HAL_TIM_PeriodElapsedCallback)
    HAL_TIM_TriggerCallback                  0x080033f9   Thumb Code     2  stm32g4xx_hal_tim.o(i.HAL_TIM_TriggerCallback)
    HardFault_Handler                        0x080033fb   Thumb Code     4  stm32g4xx_it.o(i.HardFault_Handler)
    I2C3_EV_IRQHandler                       0x080033ff   Thumb Code     2  stm32g4xx_it.o(i.I2C3_EV_IRQHandler)
    LL_GPIO_Init                             0x08003599   Thumb Code   302  stm32g4xx_ll_gpio.o(i.LL_GPIO_Init)
    LL_I2C_Init                              0x08003725   Thumb Code   136  stm32g4xx_ll_i2c.o(i.LL_I2C_Init)
    LL_RCC_GetUARTClockFreq                  0x080037ad   Thumb Code   108  stm32g4xx_ll_rcc.o(i.LL_RCC_GetUARTClockFreq)
    LL_RCC_GetUSARTClockFreq                 0x08003821   Thumb Code   278  stm32g4xx_ll_rcc.o(i.LL_RCC_GetUSARTClockFreq)
    LL_SetSystemCoreClock                    0x080039bd   Thumb Code     6  stm32g4xx_ll_utils.o(i.LL_SetSystemCoreClock)
    LL_TIM_Init                              0x080039dd   Thumb Code   172  stm32g4xx_ll_tim.o(i.LL_TIM_Init)
    LL_TIM_OC_Init                           0x08003b9d   Thumb Code   132  stm32g4xx_ll_tim.o(i.LL_TIM_OC_Init)
    LL_USART_Init                            0x08003c45   Thumb Code   182  stm32g4xx_ll_usart.o(i.LL_USART_Init)
    MX_ADC1_Init                             0x08003d81   Thumb Code   238  adc.o(i.MX_ADC1_Init)
    MX_ADC2_Init                             0x08003e81   Thumb Code   226  adc.o(i.MX_ADC2_Init)
    MX_FDCAN1_Init                           0x08003f75   Thumb Code    66  fdcan.o(i.MX_FDCAN1_Init)
    MX_FREERTOS_Init                         0x08003fc1   Thumb Code    18  app_freertos.o(i.MX_FREERTOS_Init)
    MX_GPIO_Init                             0x08003fe1   Thumb Code   160  gpio.o(i.MX_GPIO_Init)
    MX_I2C3_Init                             0x08004085   Thumb Code   464  i2c.o(i.MX_I2C3_Init)
    MX_OPAMP1_Init                           0x0800426d   Thumb Code    40  opamp.o(i.MX_OPAMP1_Init)
    MX_OPAMP2_Init                           0x0800429d   Thumb Code    40  opamp.o(i.MX_OPAMP2_Init)
    MX_OPAMP3_Init                           0x080042cd   Thumb Code    40  opamp.o(i.MX_OPAMP3_Init)
    MX_SPI3_Init                             0x080042fd   Thumb Code    74  spi.o(i.MX_SPI3_Init)
    MX_TIM16_Init                            0x08004351   Thumb Code   106  tim.o(i.MX_TIM16_Init)
    MX_TIM1_Init                             0x080043c5   Thumb Code   242  tim.o(i.MX_TIM1_Init)
    MX_TIM3_Init                             0x080044c1   Thumb Code   108  tim.o(i.MX_TIM3_Init)
    MX_TIM4_Init                             0x08004531   Thumb Code   216  tim.o(i.MX_TIM4_Init)
    MX_USART1_UART_Init                      0x08004615   Thumb Code   528  usart.o(i.MX_USART1_UART_Init)
    MX_USB_PCD_Init                          0x08004835   Thumb Code    42  usb.o(i.MX_USB_PCD_Init)
    MemManage_Handler                        0x08004869   Thumb Code     4  stm32g4xx_it.o(i.MemManage_Handler)
    NMI_Handler                              0x0800486d   Thumb Code     4  stm32g4xx_it.o(i.NMI_Handler)
    StartDefaultTask                         0x08004d59   Thumb Code    34  app_freertos.o(i.StartDefaultTask)
    $Super$$SysTick_Handler                  0x08004d81   Thumb Code    22  cmsis_os2.o(i.SysTick_Handler)
    SystemClock_Config                       0x08004d99   Thumb Code   342  main.o(i.SystemClock_Config)
    SystemInit                               0x08004f05   Thumb Code    14  system_stm32g4xx.o(i.SystemInit)
    TIM1_TRG_COM_TIM17_IRQHandler            0x08004f19   Thumb Code    28  stm32g4xx_it.o(i.TIM1_TRG_COM_TIM17_IRQHandler)
    TIM1_UP_TIM16_IRQHandler                 0x08004f3d   Thumb Code    16  stm32g4xx_it.o(i.TIM1_UP_TIM16_IRQHandler)
    TIM3_IRQHandler                          0x08004f51   Thumb Code    20  stm32g4xx_it.o(i.TIM3_IRQHandler)
    TIM4_IRQHandler                          0x08004f69   Thumb Code    20  stm32g4xx_it.o(i.TIM4_IRQHandler)
    TIM_Base_SetConfig                       0x08004f81   Thumb Code   174  stm32g4xx_hal_tim.o(i.TIM_Base_SetConfig)
    TIM_CCxChannelCmd                        0x0800504d   Thumb Code    34  stm32g4xx_hal_tim.o(i.TIM_CCxChannelCmd)
    TIM_OC2_SetConfig                        0x0800513d   Thumb Code   156  stm32g4xx_hal_tim.o(i.TIM_OC2_SetConfig)
    USART1_IRQHandler                        0x08005439   Thumb Code     2  stm32g4xx_it.o(i.USART1_IRQHandler)
    USB_DevInit                              0x0800543b   Thumb Code    20  stm32g4xx_ll_usb.o(i.USB_DevInit)
    USB_DisableGlobalInt                     0x0800544f   Thumb Code    20  stm32g4xx_ll_usb.o(i.USB_DisableGlobalInt)
    UsageFault_Handler                       0x08005463   Thumb Code     4  stm32g4xx_it.o(i.UsageFault_Handler)
    __perf_counter_init                      0x080054ff   Thumb Code    10  perf_counter.o(i.__perf_counter_init)
    __perf_os_patch_init                     0x08005509   Thumb Code     2  perf_counter.o(i.__perf_os_patch_init)
    adc2_isr                                 0x0800550d   Thumb Code    70  stspin32g4.o(i.adc2_isr)
    gd_clear_fault                           0x080055a1   Thumb Code    26  stspin32g4_gate_driver.o(i.gd_clear_fault)
    gd_init                                  0x080055c5   Thumb Code    60  stspin32g4_gate_driver.o(i.gd_init)
    gd_lock                                  0x08005601   Thumb Code    26  stspin32g4_gate_driver.o(i.gd_lock)
    gd_reset                                 0x08005625   Thumb Code    26  stspin32g4_gate_driver.o(i.gd_reset)
    gd_unlock                                0x08005649   Thumb Code    26  stspin32g4_gate_driver.o(i.gd_unlock)
    gd_wakeup                                0x0800566d   Thumb Code    26  stspin32g4_gate_driver.o(i.gd_wakeup)
    get_status                               0x0800568d   Thumb Code    10  stspin32g4_gate_driver.o(i.get_status)
    get_system_ticks                         0x08005699   Thumb Code    86  perf_counter.o(i.get_system_ticks)
    heartbeat_handler                        0x080056f9   Thumb Code    72  heartbeat.o(i.heartbeat_handler)
    heartbeat_init                           0x08005751   Thumb Code    60  heartbeat.o(i.heartbeat_init)
    i2c_read_blocking                        0x08005791   Thumb Code    62  stspin32g4_gate_driver.o(i.i2c_read_blocking)
    i2c_send_blocking                        0x080057d9   Thumb Code    66  stspin32g4_gate_driver.o(i.i2c_send_blocking)
    init_cycle_counter                       0x08005825   Thumb Code    98  perf_counter.o(i.init_cycle_counter)
    main                                     0x080058a1   Thumb Code   104  main.o(i.main)
    ml_handler                               0x08005909   Thumb Code     2  stspin32g4.o(i.ml_handler)
    osDelay                                  0x0800590b   Thumb Code    30  cmsis_os2.o(i.osDelay)
    osKernelInitialize                       0x08005929   Thumb Code    38  cmsis_os2.o(i.osKernelInitialize)
    osKernelStart                            0x08005955   Thumb Code    82  cmsis_os2.o(i.osKernelStart)
    osThreadNew                              0x080059b5   Thumb Code   184  cmsis_os2.o(i.osThreadNew)
    perfc_port_clear_system_timer_ovf_pending 0x08005a6d   Thumb Code    10  perfc_port_default.o(i.perfc_port_clear_system_timer_ovf_pending)
    perfc_port_get_system_timer_elapsed      0x08005a89   Thumb Code    18  perfc_port_default.o(i.perfc_port_get_system_timer_elapsed)
    perfc_port_get_system_timer_freq         0x08005a9d   Thumb Code     6  perfc_port_default.o(i.perfc_port_get_system_timer_freq)
    perfc_port_get_system_timer_top          0x08005aa9   Thumb Code    10  perfc_port_default.o(i.perfc_port_get_system_timer_top)
    perfc_port_init_system_timer             0x08005ab3   Thumb Code    82  perfc_port_default.o(i.perfc_port_init_system_timer)
    perfc_port_insert_to_system_timer_insert_ovf_handler 0x08005b05   Thumb Code   222  perf_counter.o(i.perfc_port_insert_to_system_timer_insert_ovf_handler)
    perfc_port_is_system_timer_ovf_pending   0x08005c01   Thumb Code    10  perfc_port_default.o(i.perfc_port_is_system_timer_ovf_pending)
    pvPortMalloc                             0x08006641   Thumb Code   306  heap_4.o(i.pvPortMalloc)
    pxPortInitialiseStack                    0x0800678d   Thumb Code    38  port.o(i.pxPortInitialiseStack)
    spg4_init                                0x080067b9   Thumb Code   112  stspin32g4.o(i.spg4_init)
    spg4_set_pwm                             0x08006845   Thumb Code    64  stspin32g4.o(i.spg4_set_pwm)
    update_perf_counter                      0x0800688d   Thumb Code   118  perf_counter.o(i.update_perf_counter)
    uxListRemove                             0x08006919   Thumb Code    40  list.o(i.uxListRemove)
    vApplicationGetIdleTaskMemory            0x08006941   Thumb Code    14  cmsis_os2.o(i.vApplicationGetIdleTaskMemory)
    vApplicationGetTimerTaskMemory           0x08006959   Thumb Code    16  cmsis_os2.o(i.vApplicationGetTimerTaskMemory)
    vListInitialise                          0x08006971   Thumb Code    26  list.o(i.vListInitialise)
    vListInitialiseItem                      0x0800698b   Thumb Code     6  list.o(i.vListInitialiseItem)
    vListInsert                              0x08006991   Thumb Code    52  list.o(i.vListInsert)
    vListInsertEnd                           0x080069c5   Thumb Code    24  list.o(i.vListInsertEnd)
    vPortEnterCritical                       0x080069dd   Thumb Code    76  port.o(i.vPortEnterCritical)
    vPortExitCritical                        0x08006a31   Thumb Code    56  port.o(i.vPortExitCritical)
    vPortFree                                0x08006a6d   Thumb Code   150  heap_4.o(i.vPortFree)
    vPortSetupTimerInterrupt                 0x08006b11   Thumb Code    36  port.o(i.vPortSetupTimerInterrupt)
    vPortValidateInterruptPriority           0x08006b39   Thumb Code   106  port.o(i.vPortValidateInterruptPriority)
    vQueueAddToRegistry                      0x08006bb1   Thumb Code    38  queue.o(i.vQueueAddToRegistry)
    vQueueWaitForMessageRestricted           0x08006bdd   Thumb Code    74  queue.o(i.vQueueWaitForMessageRestricted)
    vTaskDelay                               0x08006c29   Thumb Code    82  tasks.o(i.vTaskDelay)
    vTaskInternalSetTimeOutState             0x08006c85   Thumb Code    14  tasks.o(i.vTaskInternalSetTimeOutState)
    vTaskMissedYield                         0x08006c9d   Thumb Code     8  tasks.o(i.vTaskMissedYield)
    vTaskPlaceOnEventList                    0x08006ca9   Thumb Code    52  tasks.o(i.vTaskPlaceOnEventList)
    vTaskPlaceOnEventListRestricted          0x08006ce1   Thumb Code    60  tasks.o(i.vTaskPlaceOnEventListRestricted)
    vTaskStartScheduler                      0x08006d21   Thumb Code   156  tasks.o(i.vTaskStartScheduler)
    vTaskSuspendAll                          0x08006dd9   Thumb Code    12  tasks.o(i.vTaskSuspendAll)
    vTaskSwitchContext                       0x08006de9   Thumb Code   122  tasks.o(i.vTaskSwitchContext)
    xPortStartScheduler                      0x08006e79   Thumb Code   330  port.o(i.xPortStartScheduler)
    xPortSysTickHandler                      0x08006fe1   Thumb Code    46  port.o(i.xPortSysTickHandler)
    xQueueGenericCreateStatic                0x08007015   Thumb Code   224  queue.o(i.xQueueGenericCreateStatic)
    xQueueGenericReset                       0x080070f5   Thumb Code   146  queue.o(i.xQueueGenericReset)
    xQueueGenericSend                        0x0800718d   Thumb Code   420  queue.o(i.xQueueGenericSend)
    xQueueGenericSendFromISR                 0x08007335   Thumb Code   252  queue.o(i.xQueueGenericSendFromISR)
    xQueueReceive                            0x08007431   Thumb Code   356  queue.o(i.xQueueReceive)
    xTaskCheckForTimeOut                     0x08007599   Thumb Code   132  tasks.o(i.xTaskCheckForTimeOut)
    xTaskCreate                              0x08007625   Thumb Code   100  tasks.o(i.xTaskCreate)
    xTaskCreateStatic                        0x08007689   Thumb Code   186  tasks.o(i.xTaskCreateStatic)
    xTaskGetSchedulerState                   0x08007745   Thumb Code    24  tasks.o(i.xTaskGetSchedulerState)
    xTaskGetTickCount                        0x08007765   Thumb Code     6  tasks.o(i.xTaskGetTickCount)
    xTaskIncrementTick                       0x08007771   Thumb Code   280  tasks.o(i.xTaskIncrementTick)
    xTaskPriorityDisinherit                  0x080078b5   Thumb Code   152  tasks.o(i.xTaskPriorityDisinherit)
    xTaskRemoveFromEventList                 0x08007959   Thumb Code   126  tasks.o(i.xTaskRemoveFromEventList)
    xTaskResumeAll                           0x080079f1   Thumb Code   222  tasks.o(i.xTaskResumeAll)
    xTimerCreateTimerTask                    0x08007af5   Thumb Code   100  timers.o(i.xTimerCreateTimerTask)
    xTimerGenericCommand                     0x08007b6d   Thumb Code   128  timers.o(i.xTimerGenericCommand)
    _fp_init                                 0x08007bf1   Thumb Code    10  fpinit.o(x$fpl$fpinit)
    __fplib_config_fpu_vfp                   0x08007bf9   Thumb Code     0  fpinit.o(x$fpl$fpinit)
    __fplib_config_pureend_doubles           0x08007bf9   Thumb Code     0  fpinit.o(x$fpl$fpinit)
    reg_stby                                 0x08007c64   Data           1  stspin32g4_gate_driver.o(.constdata)
    reg_unlock                               0x08007c65   Data           1  stspin32g4_gate_driver.o(.constdata)
    reg_lock                                 0x08007c66   Data           1  stspin32g4_gate_driver.o(.constdata)
    reg_clear                                0x08007c67   Data           1  stspin32g4_gate_driver.o(.constdata)
    reg_reset                                0x08007c68   Data           1  stspin32g4_gate_driver.o(.constdata)
    defaultTask_attributes                   0x08007cd4   Data          36  app_freertos.o(.constdata)
    AHBPrescTable                            0x08007d90   Data          16  system_stm32g4xx.o(.constdata)
    APBPrescTable                            0x08007da0   Data           8  system_stm32g4xx.o(.constdata)
    Region$$Table$$Base                      0x08007db4   Number         0  anon$$obj.o(Region$$Table)
    Region$$Table$$Limit                     0x08007dd4   Number         0  anon$$obj.o(Region$$Table)
    SHT$$INIT_ARRAY$$Base                    0x08007dd4   Number         0  perf_counter.o(.init_array)
    SHT$$INIT_ARRAY$$Limit                   0x08007dd8   Number         0  init_aeabi.o(.init_array)
    a                                        0x20000004   Data           4  stspin32g4.o(.data)
    vbus_adc                                 0x20000008   Data           4  stspin32g4.o(.data)
    adc_1                                    0x2000000c   Data           2  stspin32g4.o(.data)
    adc_2                                    0x2000000e   Data           2  stspin32g4.o(.data)
    adc_3                                    0x20000010   Data           2  stspin32g4.o(.data)
    adc_4                                    0x20000012   Data           2  stspin32g4.o(.data)
    adc_5                                    0x20000014   Data           2  stspin32g4.o(.data)
    adc_6                                    0x20000016   Data           2  stspin32g4.o(.data)
    state                                    0x20000018   Data           1  app_freertos.o(.data)
    defaultTaskHandle                        0x2000001c   Data           4  app_freertos.o(.data)
    uwTick                                   0x20000024   Data           4  stm32g4xx_hal.o(.data)
    uwTickPrio                               0x20000028   Data           4  stm32g4xx_hal.o(.data)
    uwTickFreq                               0x2000002c   Data           4  stm32g4xx_hal.o(.data)
    SystemCoreClock                          0x20000030   Data           4  system_stm32g4xx.o(.data)
    pxCurrentTCB                             0x20000034   Data           4  tasks.o(.data)
    g_nOffset                                0x200000f8   Data           4  perf_counter.o(.data)
    g_lLastTimeStamp                         0x20000100   Data           8  perf_counter.o(.data)
    hadc1                                    0x20000108   Data         108  adc.o(.bss)
    hadc2                                    0x20000174   Data         108  adc.o(.bss)
    hfdcan1                                  0x200001e0   Data         100  fdcan.o(.bss)
    hopamp1                                  0x20000244   Data          60  opamp.o(.bss)
    hopamp2                                  0x20000280   Data          60  opamp.o(.bss)
    hopamp3                                  0x200002bc   Data          60  opamp.o(.bss)
    hspi3                                    0x200002f8   Data         100  spi.o(.bss)
    htim1                                    0x2000035c   Data          76  tim.o(.bss)
    hpcd_USB_FS                              0x200003a8   Data         732  usb.o(.bss)
    htim17                                   0x20000684   Data          76  stm32g4xx_hal_timebase_tim.o(.bss)
    xQueueRegistry                           0x200006d0   Data          64  queue.o(.bss)
    __libspace_start                         0x20001fa4   Data          96  libspace.o(.bss)
    __temporary_stack_top$libspace           0x20002004   Data           0  libspace.o(.bss)



==============================================================================

Memory Map of the image

  Image Entry point : 0x080001d9

  Load Region LR_IROM1 (Base: 0x08000000, Size: 0x00007ee0, Max: 0x00020000, ABSOLUTE)

    Execution Region ER_IROM1 (Exec base: 0x08000000, Load base: 0x08000000, Size: 0x00007dd8, Max: 0x00020000, ABSOLUTE)

    Exec Addr    Load Addr    Size         Type   Attr      Idx    E Section Name        Object

    0x08000000   0x08000000   0x000001d8   Data   RO            3    RESET               startup_stm32g431xx.o
    0x080001d8   0x080001d8   0x00000008   Code   RO         8958  * !!!main             c_w.l(__main.o)
    0x080001e0   0x080001e0   0x00000034   Code   RO         9271    !!!scatter          c_w.l(__scatter.o)
    0x08000214   0x08000214   0x0000001a   Code   RO         9273    !!handler_copy      c_w.l(__scatter_copy.o)
    0x0800022e   0x0800022e   0x00000002   PAD
    0x08000230   0x08000230   0x0000001c   Code   RO         9275    !!handler_zi        c_w.l(__scatter_zi.o)
    0x0800024c   0x0800024c   0x00000002   Code   RO         9189    .ARM.Collect$$libinit$$00000000  c_w.l(libinit.o)
    0x0800024e   0x0800024e   0x00000004   Code   RO         9049    .ARM.Collect$$libinit$$00000001  c_w.l(libinit2.o)
    0x08000252   0x08000252   0x00000000   Code   RO         9052    .ARM.Collect$$libinit$$00000004  c_w.l(libinit2.o)
    0x08000252   0x08000252   0x00000000   Code   RO         9055    .ARM.Collect$$libinit$$0000000A  c_w.l(libinit2.o)
    0x08000252   0x08000252   0x00000000   Code   RO         9057    .ARM.Collect$$libinit$$0000000C  c_w.l(libinit2.o)
    0x08000252   0x08000252   0x00000000   Code   RO         9059    .ARM.Collect$$libinit$$0000000E  c_w.l(libinit2.o)
    0x08000252   0x08000252   0x00000000   Code   RO         9062    .ARM.Collect$$libinit$$00000011  c_w.l(libinit2.o)
    0x08000252   0x08000252   0x00000000   Code   RO         9064    .ARM.Collect$$libinit$$00000013  c_w.l(libinit2.o)
    0x08000252   0x08000252   0x00000000   Code   RO         9066    .ARM.Collect$$libinit$$00000015  c_w.l(libinit2.o)
    0x08000252   0x08000252   0x00000000   Code   RO         9068    .ARM.Collect$$libinit$$00000017  c_w.l(libinit2.o)
    0x08000252   0x08000252   0x00000000   Code   RO         9070    .ARM.Collect$$libinit$$00000019  c_w.l(libinit2.o)
    0x08000252   0x08000252   0x00000000   Code   RO         9072    .ARM.Collect$$libinit$$0000001B  c_w.l(libinit2.o)
    0x08000252   0x08000252   0x00000000   Code   RO         9074    .ARM.Collect$$libinit$$0000001D  c_w.l(libinit2.o)
    0x08000252   0x08000252   0x00000000   Code   RO         9076    .ARM.Collect$$libinit$$0000001F  c_w.l(libinit2.o)
    0x08000252   0x08000252   0x00000000   Code   RO         9078    .ARM.Collect$$libinit$$00000021  c_w.l(libinit2.o)
    0x08000252   0x08000252   0x00000000   Code   RO         9080    .ARM.Collect$$libinit$$00000023  c_w.l(libinit2.o)
    0x08000252   0x08000252   0x00000000   Code   RO         9082    .ARM.Collect$$libinit$$00000025  c_w.l(libinit2.o)
    0x08000252   0x08000252   0x00000000   Code   RO         9086    .ARM.Collect$$libinit$$0000002C  c_w.l(libinit2.o)
    0x08000252   0x08000252   0x00000000   Code   RO         9088    .ARM.Collect$$libinit$$0000002E  c_w.l(libinit2.o)
    0x08000252   0x08000252   0x00000000   Code   RO         9090    .ARM.Collect$$libinit$$00000030  c_w.l(libinit2.o)
    0x08000252   0x08000252   0x00000004   Code   RO         9091    .ARM.Collect$$libinit$$00000031  c_w.l(libinit2.o)
    0x08000256   0x08000256   0x00000000   Code   RO         9092    .ARM.Collect$$libinit$$00000032  c_w.l(libinit2.o)
    0x08000256   0x08000256   0x00000002   Code   RO         9093    .ARM.Collect$$libinit$$00000033  c_w.l(libinit2.o)
    0x08000258   0x08000258   0x00000002   Code   RO         9232    .ARM.Collect$$libshutdown$$00000000  c_w.l(libshutdown.o)
    0x0800025a   0x0800025a   0x00000000   Code   RO         9238    .ARM.Collect$$libshutdown$$00000002  c_w.l(libshutdown2.o)
    0x0800025a   0x0800025a   0x00000000   Code   RO         9240    .ARM.Collect$$libshutdown$$00000004  c_w.l(libshutdown2.o)
    0x0800025a   0x0800025a   0x00000000   Code   RO         9242    .ARM.Collect$$libshutdown$$00000006  c_w.l(libshutdown2.o)
    0x0800025a   0x0800025a   0x00000000   Code   RO         9245    .ARM.Collect$$libshutdown$$00000009  c_w.l(libshutdown2.o)
    0x0800025a   0x0800025a   0x00000000   Code   RO         9248    .ARM.Collect$$libshutdown$$0000000C  c_w.l(libshutdown2.o)
    0x0800025a   0x0800025a   0x00000000   Code   RO         9250    .ARM.Collect$$libshutdown$$0000000E  c_w.l(libshutdown2.o)
    0x0800025a   0x0800025a   0x00000000   Code   RO         9253    .ARM.Collect$$libshutdown$$00000011  c_w.l(libshutdown2.o)
    0x0800025a   0x0800025a   0x00000002   Code   RO         9254    .ARM.Collect$$libshutdown$$00000012  c_w.l(libshutdown2.o)
    0x0800025c   0x0800025c   0x00000000   Code   RO         9040    .ARM.Collect$$rtentry$$00000000  c_w.l(__rtentry.o)
    0x0800025c   0x0800025c   0x00000000   Code   RO         9138    .ARM.Collect$$rtentry$$00000002  c_w.l(__rtentry2.o)
    0x0800025c   0x0800025c   0x00000006   Code   RO         9150    .ARM.Collect$$rtentry$$00000004  c_w.l(__rtentry4.o)
    0x08000262   0x08000262   0x00000000   Code   RO         9140    .ARM.Collect$$rtentry$$00000009  c_w.l(__rtentry2.o)
    0x08000262   0x08000262   0x00000004   Code   RO         9141    .ARM.Collect$$rtentry$$0000000A  c_w.l(__rtentry2.o)
    0x08000266   0x08000266   0x00000000   Code   RO         9143    .ARM.Collect$$rtentry$$0000000C  c_w.l(__rtentry2.o)
    0x08000266   0x08000266   0x00000008   Code   RO         9144    .ARM.Collect$$rtentry$$0000000D  c_w.l(__rtentry2.o)
    0x0800026e   0x0800026e   0x00000002   Code   RO         9194    .ARM.Collect$$rtexit$$00000000  c_w.l(rtexit.o)
    0x08000270   0x08000270   0x00000000   Code   RO         9210    .ARM.Collect$$rtexit$$00000002  c_w.l(rtexit2.o)
    0x08000270   0x08000270   0x00000004   Code   RO         9211    .ARM.Collect$$rtexit$$00000003  c_w.l(rtexit2.o)
    0x08000274   0x08000274   0x00000006   Code   RO         9212    .ARM.Collect$$rtexit$$00000004  c_w.l(rtexit2.o)
    0x0800027a   0x0800027a   0x00000002   PAD
    0x0800027c   0x0800027c   0x000000be   Code   RO         8542    .emb_text           port.o
    0x0800033a   0x0800033a   0x00000002   PAD
    0x0800033c   0x0800033c   0x00000040   Code   RO            4    .text               startup_stm32g431xx.o
    0x0800037c   0x0800037c   0x00000020   Code   RO         8940    .text               systick_wrapper_ual.o
    0x0800039c   0x0800039c   0x00000048   Code   RO         8946    .text               c_w.l(llsdiv.o)
    0x080003e4   0x080003e4   0x0000008a   Code   RO         8948    .text               c_w.l(rt_memcpy_v6.o)
    0x0800046e   0x0800046e   0x00000010   Code   RO         8952    .text               c_w.l(aeabi_memset.o)
    0x0800047e   0x0800047e   0x0000004e   Code   RO         8954    .text               c_w.l(rt_memclr_w.o)
    0x080004cc   0x080004cc   0x00000006   Code   RO         8956    .text               c_w.l(heapauxi.o)
    0x080004d2   0x080004d2   0x00000002   PAD
    0x080004d4   0x080004d4   0x00000024   Code   RO         8963    .text               c_w.l(init_aeabi.o)
    0x080004f8   0x080004f8   0x000000ee   Code   RO         9041    .text               c_w.l(lludivv7m.o)
    0x080005e6   0x080005e6   0x00000064   Code   RO         9045    .text               c_w.l(rt_memcpy_w.o)
    0x0800064a   0x0800064a   0x00000044   Code   RO         9047    .text               c_w.l(rt_memclr.o)
    0x0800068e   0x0800068e   0x00000002   PAD
    0x08000690   0x08000690   0x00000008   Code   RO         9171    .text               c_w.l(libspace.o)
    0x08000698   0x08000698   0x0000004a   Code   RO         9174    .text               c_w.l(sys_stackheap_outer.o)
    0x080006e2   0x080006e2   0x00000012   Code   RO         9178    .text               c_w.l(exit.o)
    0x080006f4   0x080006f4   0x00000002   Code   RO         9206    .text               c_w.l(use_no_semi.o)
    0x080006f6   0x080006f6   0x00000000   Code   RO         9208    .text               c_w.l(indicate_semi.o)
    0x080006f6   0x080006f6   0x00000002   PAD
    0x080006f8   0x080006f8   0x0000000c   Code   RO         9224    .text               c_w.l(sys_exit.o)
    0x08000704   0x08000704   0x0000001c   Code   RO         1188    i.ADC1_2_IRQHandler  stm32g4xx_it.o
    0x08000720   0x08000720   0x000000c8   Code   RO         2773    i.ADC_Enable        stm32g4xx_hal_adc.o
    0x080007e8   0x080007e8   0x00000004   Code   RO         1189    i.BusFault_Handler  stm32g4xx_it.o
    0x080007ec   0x080007ec   0x00000002   Code   RO         1190    i.DebugMon_Handler  stm32g4xx_it.o
    0x080007ee   0x080007ee   0x00000006   Code   RO          525    i.Error_Handler     main.o
    0x080007f4   0x080007f4   0x0000006c   Code   RO         4943    i.FDCAN_CalcultateRamBlockAddresses  stm32g4xx_hal_fdcan.o
    0x08000860   0x08000860   0x00000002   Code   RO         3050    i.HAL_ADCEx_EndOfSamplingCallback  stm32g4xx_hal_adc_ex.o
    0x08000862   0x08000862   0x00000002   PAD
    0x08000864   0x08000864   0x0000062c   Code   RO         3052    i.HAL_ADCEx_InjectedConfigChannel  stm32g4xx_hal_adc_ex.o
    0x08000e90   0x08000e90   0x00000002   Code   RO         3053    i.HAL_ADCEx_InjectedConvCpltCallback  stm32g4xx_hal_adc_ex.o
    0x08000e92   0x08000e92   0x00000002   Code   RO         3056    i.HAL_ADCEx_InjectedQueueOverflowCallback  stm32g4xx_hal_adc_ex.o
    0x08000e94   0x08000e94   0x0000015c   Code   RO         3058    i.HAL_ADCEx_InjectedStart_IT  stm32g4xx_hal_adc_ex.o
    0x08000ff0   0x08000ff0   0x00000002   Code   RO         3061    i.HAL_ADCEx_LevelOutOfWindow2Callback  stm32g4xx_hal_adc_ex.o
    0x08000ff2   0x08000ff2   0x00000002   Code   RO         3062    i.HAL_ADCEx_LevelOutOfWindow3Callback  stm32g4xx_hal_adc_ex.o
    0x08000ff4   0x08000ff4   0x0000010c   Code   RO         3063    i.HAL_ADCEx_MultiModeConfigChannel  stm32g4xx_hal_adc_ex.o
    0x08001100   0x08001100   0x00000508   Code   RO         2775    i.HAL_ADC_ConfigChannel  stm32g4xx_hal_adc.o
    0x08001608   0x08001608   0x00000002   Code   RO         2776    i.HAL_ADC_ConvCpltCallback  stm32g4xx_hal_adc.o
    0x0800160a   0x0800160a   0x00000002   Code   RO         2779    i.HAL_ADC_ErrorCallback  stm32g4xx_hal_adc.o
    0x0800160c   0x0800160c   0x00000330   Code   RO         2783    i.HAL_ADC_IRQHandler  stm32g4xx_hal_adc.o
    0x0800193c   0x0800193c   0x0000025c   Code   RO         2784    i.HAL_ADC_Init      stm32g4xx_hal_adc.o
    0x08001b98   0x08001b98   0x00000002   Code   RO         2785    i.HAL_ADC_LevelOutOfWindowCallback  stm32g4xx_hal_adc.o
    0x08001b9a   0x08001b9a   0x00000002   PAD
    0x08001b9c   0x08001b9c   0x00000184   Code   RO          735    i.HAL_ADC_MspInit   adc.o
    0x08001d20   0x08001d20   0x00000028   Code   RO         3380    i.HAL_Delay         stm32g4xx_hal.o
    0x08001d48   0x08001d48   0x00000218   Code   RO         4988    i.HAL_FDCAN_Init    stm32g4xx_hal_fdcan.o
    0x08001f60   0x08001f60   0x00000094   Code   RO          793    i.HAL_FDCAN_MspInit  fdcan.o
    0x08001ff4   0x08001ff4   0x000001cc   Code   RO         4149    i.HAL_GPIO_Init     stm32g4xx_hal_gpio.o
    0x080021c0   0x080021c0   0x0000000c   Code   RO         3384    i.HAL_GetTick       stm32g4xx_hal.o
    0x080021cc   0x080021cc   0x00000018   Code   RO         3390    i.HAL_IncTick       stm32g4xx_hal.o
    0x080021e4   0x080021e4   0x0000001e   Code   RO         3391    i.HAL_Init          stm32g4xx_hal.o
    0x08002202   0x08002202   0x00000002   PAD
    0x08002204   0x08002204   0x0000009c   Code   RO         1319    i.HAL_InitTick      stm32g4xx_hal_timebase_tim.o
    0x080022a0   0x080022a0   0x00000058   Code   RO         1293    i.HAL_MspInit       stm32g4xx_hal_msp.o
    0x080022f8   0x080022f8   0x00000028   Code   RO         4798    i.HAL_NVIC_EnableIRQ  stm32g4xx_hal_cortex.o
    0x08002320   0x08002320   0x0000007a   Code   RO         4804    i.HAL_NVIC_SetPriority  stm32g4xx_hal_cortex.o
    0x0800239a   0x0800239a   0x00000002   PAD
    0x0800239c   0x0800239c   0x00000028   Code   RO         4805    i.HAL_NVIC_SetPriorityGrouping  stm32g4xx_hal_cortex.o
    0x080023c4   0x080023c4   0x00000154   Code   RO         5447    i.HAL_OPAMP_Init    stm32g4xx_hal_opamp.o
    0x08002518   0x08002518   0x000000d4   Code   RO          878    i.HAL_OPAMP_MspInit  opamp.o
    0x080025ec   0x080025ec   0x00000036   Code   RO         5453    i.HAL_OPAMP_Start   stm32g4xx_hal_opamp.o
    0x08002622   0x08002622   0x00000028   Code   RO         6561    i.HAL_PCDEx_ActivateLPM  stm32g4xx_hal_pcd_ex.o
    0x0800264a   0x0800264a   0x0000010a   Code   RO         6353    i.HAL_PCD_Init      stm32g4xx_hal_pcd.o
    0x08002754   0x08002754   0x00000048   Code   RO         1143    i.HAL_PCD_MspInit   usb.o
    0x0800279c   0x0800279c   0x00000014   Code   RO         4564    i.HAL_PWREx_DisableUCPDDeadBattery  stm32g4xx_hal_pwr_ex.o
    0x080027b0   0x080027b0   0x00000044   Code   RO         3631    i.HAL_RCC_GetClockConfig  stm32g4xx_hal_rcc.o
    0x080027f4   0x080027f4   0x0000000c   Code   RO         3632    i.HAL_RCC_GetHCLKFreq  stm32g4xx_hal_rcc.o
    0x08002800   0x08002800   0x00000024   Code   RO         3635    i.HAL_RCC_GetPCLK2Freq  stm32g4xx_hal_rcc.o
    0x08002824   0x08002824   0x000000fc   Code   RO         5563    i.HAL_SPI_Init      stm32g4xx_hal_spi.o
    0x08002920   0x08002920   0x00000078   Code   RO          933    i.HAL_SPI_MspInit   spi.o
    0x08002998   0x08002998   0x00000014   Code   RO         3401    i.HAL_SYSCFG_DisableVREFBUF  stm32g4xx_hal.o
    0x080029ac   0x080029ac   0x00000014   Code   RO         3406    i.HAL_SYSCFG_VREFBUF_HighImpedanceConfig  stm32g4xx_hal.o
    0x080029c0   0x080029c0   0x00000002   Code   RO         2287    i.HAL_TIMEx_Break2Callback  stm32g4xx_hal_tim_ex.o
    0x080029c2   0x080029c2   0x00000002   Code   RO         2288    i.HAL_TIMEx_BreakCallback  stm32g4xx_hal_tim_ex.o
    0x080029c4   0x080029c4   0x00000002   Code   RO         2289    i.HAL_TIMEx_CommutCallback  stm32g4xx_hal_tim_ex.o
    0x080029c6   0x080029c6   0x00000002   PAD
    0x080029c8   0x080029c8   0x000000c8   Code   RO         2292    i.HAL_TIMEx_ConfigBreakDeadTime  stm32g4xx_hal_tim_ex.o
    0x08002a90   0x08002a90   0x00000002   Code   RO         2300    i.HAL_TIMEx_DirectionChangeCallback  stm32g4xx_hal_tim_ex.o
    0x08002a92   0x08002a92   0x00000002   Code   RO         2314    i.HAL_TIMEx_EncoderIndexCallback  stm32g4xx_hal_tim_ex.o
    0x08002a94   0x08002a94   0x00000002   Code   RO         2328    i.HAL_TIMEx_IndexErrorCallback  stm32g4xx_hal_tim_ex.o
    0x08002a96   0x08002a96   0x00000002   PAD
    0x08002a98   0x08002a98   0x000000b8   Code   RO         2329    i.HAL_TIMEx_MasterConfigSynchronization  stm32g4xx_hal_tim_ex.o
    0x08002b50   0x08002b50   0x000000e8   Code   RO         2341    i.HAL_TIMEx_PWMN_Start  stm32g4xx_hal_tim_ex.o
    0x08002c38   0x08002c38   0x00000002   Code   RO         2350    i.HAL_TIMEx_TransitionErrorCallback  stm32g4xx_hal_tim_ex.o
    0x08002c3a   0x08002c3a   0x0000006e   Code   RO         1562    i.HAL_TIM_Base_Init  stm32g4xx_hal_tim.o
    0x08002ca8   0x08002ca8   0x00000002   Code   RO         1564    i.HAL_TIM_Base_MspInit  stm32g4xx_hal_tim.o
    0x08002caa   0x08002caa   0x00000002   PAD
    0x08002cac   0x08002cac   0x00000090   Code   RO         1565    i.HAL_TIM_Base_Start  stm32g4xx_hal_tim.o
    0x08002d3c   0x08002d3c   0x0000009c   Code   RO         1567    i.HAL_TIM_Base_Start_IT  stm32g4xx_hal_tim.o
    0x08002dd8   0x08002dd8   0x00000002   Code   RO         1596    i.HAL_TIM_IC_CaptureCallback  stm32g4xx_hal_tim.o
    0x08002dda   0x08002dda   0x00000220   Code   RO         1610    i.HAL_TIM_IRQHandler  stm32g4xx_hal_tim.o
    0x08002ffa   0x08002ffa   0x00000002   PAD
    0x08002ffc   0x08002ffc   0x00000060   Code   RO          975    i.HAL_TIM_MspPostInit  tim.o
    0x0800305c   0x0800305c   0x00000002   Code   RO         1613    i.HAL_TIM_OC_DelayElapsedCallback  stm32g4xx_hal_tim.o
    0x0800305e   0x0800305e   0x00000170   Code   RO         1634    i.HAL_TIM_PWM_ConfigChannel  stm32g4xx_hal_tim.o
    0x080031ce   0x080031ce   0x0000006e   Code   RO         1637    i.HAL_TIM_PWM_Init  stm32g4xx_hal_tim.o
    0x0800323c   0x0800323c   0x00000054   Code   RO          977    i.HAL_TIM_PWM_MspInit  tim.o
    0x08003290   0x08003290   0x00000002   Code   RO         1640    i.HAL_TIM_PWM_PulseFinishedCallback  stm32g4xx_hal_tim.o
    0x08003292   0x08003292   0x00000002   PAD
    0x08003294   0x08003294   0x0000014c   Code   RO         1642    i.HAL_TIM_PWM_Start  stm32g4xx_hal_tim.o
    0x080033e0   0x080033e0   0x00000018   Code   RO          526    i.HAL_TIM_PeriodElapsedCallback  main.o
    0x080033f8   0x080033f8   0x00000002   Code   RO         1653    i.HAL_TIM_TriggerCallback  stm32g4xx_hal_tim.o
    0x080033fa   0x080033fa   0x00000004   Code   RO         1191    i.HardFault_Handler  stm32g4xx_it.o
    0x080033fe   0x080033fe   0x00000002   Code   RO         1192    i.I2C3_EV_IRQHandler  stm32g4xx_it.o
    0x08003400   0x08003400   0x00000010   Code   RO         2798    i.LL_ADC_Enable     stm32g4xx_hal_adc.o
    0x08003410   0x08003410   0x0000000a   Code   RO         2799    i.LL_ADC_GetMultimode  stm32g4xx_hal_adc.o
    0x0800341a   0x0800341a   0x00000012   Code   RO         2800    i.LL_ADC_GetOffsetChannel  stm32g4xx_hal_adc.o
    0x0800342c   0x0800342c   0x00000012   Code   RO         3071    i.LL_ADC_GetOffsetChannel  stm32g4xx_hal_adc_ex.o
    0x0800343e   0x0800343e   0x0000000a   Code   RO         3072    i.LL_ADC_INJ_GetTrigAuto  stm32g4xx_hal_adc_ex.o
    0x08003448   0x08003448   0x0000000a   Code   RO         2801    i.LL_ADC_INJ_IsConversionOngoing  stm32g4xx_hal_adc.o
    0x08003452   0x08003452   0x0000000a   Code   RO         3073    i.LL_ADC_INJ_IsConversionOngoing  stm32g4xx_hal_adc_ex.o
    0x0800345c   0x0800345c   0x00000014   Code   RO         3074    i.LL_ADC_INJ_StartConversion  stm32g4xx_hal_adc_ex.o
    0x08003470   0x08003470   0x0000000a   Code   RO         2803    i.LL_ADC_IsEnabled  stm32g4xx_hal_adc.o
    0x0800347a   0x0800347a   0x0000000a   Code   RO         3075    i.LL_ADC_IsEnabled  stm32g4xx_hal_adc_ex.o
    0x08003484   0x08003484   0x0000000a   Code   RO         2804    i.LL_ADC_IsInternalRegulatorEnabled  stm32g4xx_hal_adc.o
    0x0800348e   0x0800348e   0x0000000a   Code   RO         2805    i.LL_ADC_REG_IsConversionOngoing  stm32g4xx_hal_adc.o
    0x08003498   0x08003498   0x0000000a   Code   RO         3076    i.LL_ADC_REG_IsConversionOngoing  stm32g4xx_hal_adc_ex.o
    0x080034a2   0x080034a2   0x00000012   Code   RO         2806    i.LL_ADC_REG_IsTriggerSourceSWStart  stm32g4xx_hal_adc.o
    0x080034b4   0x080034b4   0x00000028   Code   RO         2809    i.LL_ADC_SetChannelSamplingTime  stm32g4xx_hal_adc.o
    0x080034dc   0x080034dc   0x00000028   Code   RO         3077    i.LL_ADC_SetChannelSamplingTime  stm32g4xx_hal_adc_ex.o
    0x08003504   0x08003504   0x0000000c   Code   RO         2810    i.LL_ADC_SetCommonPathInternalCh  stm32g4xx_hal_adc.o
    0x08003510   0x08003510   0x0000000c   Code   RO         3078    i.LL_ADC_SetCommonPathInternalCh  stm32g4xx_hal_adc_ex.o
    0x0800351c   0x0800351c   0x00000016   Code   RO         2811    i.LL_ADC_SetOffsetState  stm32g4xx_hal_adc.o
    0x08003532   0x08003532   0x00000016   Code   RO         3079    i.LL_ADC_SetOffsetState  stm32g4xx_hal_adc_ex.o
    0x08003548   0x08003548   0x0000000c   Code   RO         2812    i.LL_ADC_SetSamplingTimeCommonConfig  stm32g4xx_hal_adc.o
    0x08003554   0x08003554   0x0000000c   Code   RO         3080    i.LL_ADC_SetSamplingTimeCommonConfig  stm32g4xx_hal_adc_ex.o
    0x08003560   0x08003560   0x0000001c   Code   RO          640    i.LL_AHB2_GRP1_EnableClock  gpio.o
    0x0800357c   0x0800357c   0x0000001c   Code   RO          978    i.LL_APB1_GRP1_EnableClock  tim.o
    0x08003598   0x08003598   0x0000012e   Code   RO         2719    i.LL_GPIO_Init      stm32g4xx_ll_gpio.o
    0x080036c6   0x080036c6   0x00000004   Code   RO          641    i.LL_GPIO_ResetOutputPin  gpio.o
    0x080036ca   0x080036ca   0x0000005a   Code   RO          426    i.LL_I2C_HandleTransfer  stspin32g4_gate_driver.o
    0x08003724   0x08003724   0x00000088   Code   RO         5336    i.LL_I2C_Init       stm32g4xx_ll_i2c.o
    0x080037ac   0x080037ac   0x00000074   Code   RO         6166    i.LL_RCC_GetUARTClockFreq  stm32g4xx_ll_rcc.o
    0x08003820   0x08003820   0x0000011c   Code   RO         6167    i.LL_RCC_GetUSARTClockFreq  stm32g4xx_ll_rcc.o
    0x0800393c   0x0800393c   0x00000014   Code   RO         6168    i.LL_RCC_GetUSARTClockSource  stm32g4xx_ll_rcc.o
    0x08003950   0x08003950   0x00000010   Code   RO         6171    i.LL_RCC_HSI_IsReady  stm32g4xx_ll_rcc.o
    0x08003960   0x08003960   0x00000010   Code   RO         6172    i.LL_RCC_LSE_IsReady  stm32g4xx_ll_rcc.o
    0x08003970   0x08003970   0x00000010   Code   RO         6173    i.LL_RCC_PLL_GetN   stm32g4xx_ll_rcc.o
    0x08003980   0x08003980   0x00000028   Code   RO          736    i.LL_RCC_SetADCClockSource  adc.o
    0x080039a8   0x080039a8   0x00000014   Code   RO          527    i.LL_RCC_SetAHBPrescaler  main.o
    0x080039bc   0x080039bc   0x0000000c   Code   RO         1367    i.LL_SetSystemCoreClock  stm32g4xx_ll_utils.o
    0x080039c8   0x080039c8   0x0000000a   Code   RO          979    i.LL_TIM_DisableARRPreload  tim.o
    0x080039d2   0x080039d2   0x0000000a   Code   RO          980    i.LL_TIM_DisableMasterSlaveMode  tim.o
    0x080039dc   0x080039dc   0x000000c8   Code   RO         5920    i.LL_TIM_Init       stm32g4xx_ll_tim.o
    0x08003aa4   0x08003aa4   0x0000007c   Code   RO          981    i.LL_TIM_OC_DisableFast  tim.o
    0x08003b20   0x08003b20   0x0000007c   Code   RO          982    i.LL_TIM_OC_EnablePreload  tim.o
    0x08003b9c   0x08003b9c   0x00000084   Code   RO         5921    i.LL_TIM_OC_Init    stm32g4xx_ll_tim.o
    0x08003c20   0x08003c20   0x00000004   Code   RO         5922    i.LL_TIM_OC_SetCompareCH2  stm32g4xx_ll_tim.o
    0x08003c24   0x08003c24   0x00000010   Code   RO          983    i.LL_TIM_SetClockSource  tim.o
    0x08003c34   0x08003c34   0x00000010   Code   RO          984    i.LL_TIM_SetTriggerOutput  tim.o
    0x08003c44   0x08003c44   0x000000cc   Code   RO         6087    i.LL_USART_Init     stm32g4xx_ll_usart.o
    0x08003d10   0x08003d10   0x0000000a   Code   RO         6088    i.LL_USART_IsEnabled  stm32g4xx_ll_usart.o
    0x08003d1a   0x08003d1a   0x00000002   PAD
    0x08003d1c   0x08003d1c   0x00000060   Code   RO         6089    i.LL_USART_SetBaudRate  stm32g4xx_ll_usart.o
    0x08003d7c   0x08003d7c   0x00000004   Code   RO          682    i.LL_USART_TransmitData8  app_freertos.o
    0x08003d80   0x08003d80   0x00000100   Code   RO          737    i.MX_ADC1_Init      adc.o
    0x08003e80   0x08003e80   0x000000f4   Code   RO          738    i.MX_ADC2_Init      adc.o
    0x08003f74   0x08003f74   0x0000004c   Code   RO          794    i.MX_FDCAN1_Init    fdcan.o
    0x08003fc0   0x08003fc0   0x00000020   Code   RO          683    i.MX_FREERTOS_Init  app_freertos.o
    0x08003fe0   0x08003fe0   0x000000a4   Code   RO          642    i.MX_GPIO_Init      gpio.o
    0x08004084   0x08004084   0x000001e8   Code   RO          838    i.MX_I2C3_Init      i2c.o
    0x0800426c   0x0800426c   0x00000030   Code   RO          879    i.MX_OPAMP1_Init    opamp.o
    0x0800429c   0x0800429c   0x00000030   Code   RO          880    i.MX_OPAMP2_Init    opamp.o
    0x080042cc   0x080042cc   0x00000030   Code   RO          881    i.MX_OPAMP3_Init    opamp.o
    0x080042fc   0x080042fc   0x00000054   Code   RO          934    i.MX_SPI3_Init      spi.o
    0x08004350   0x08004350   0x00000074   Code   RO          985    i.MX_TIM16_Init     tim.o
    0x080043c4   0x080043c4   0x000000fc   Code   RO          986    i.MX_TIM1_Init      tim.o
    0x080044c0   0x080044c0   0x00000070   Code   RO          987    i.MX_TIM3_Init      tim.o
    0x08004530   0x08004530   0x000000e4   Code   RO          988    i.MX_TIM4_Init      tim.o
    0x08004614   0x08004614   0x00000220   Code   RO         1107    i.MX_USART1_UART_Init  usart.o
    0x08004834   0x08004834   0x00000034   Code   RO         1144    i.MX_USB_PCD_Init   usb.o
    0x08004868   0x08004868   0x00000004   Code   RO         1193    i.MemManage_Handler  stm32g4xx_it.o
    0x0800486c   0x0800486c   0x00000004   Code   RO         1194    i.NMI_Handler       stm32g4xx_it.o
    0x08004870   0x08004870   0x00000040   Code   RO          989    i.NVIC_EncodePriority  tim.o
    0x080048b0   0x080048b0   0x000000a4   Code   RO         5925    i.OC1Config         stm32g4xx_ll_tim.o
    0x08004954   0x08004954   0x000000b0   Code   RO         5926    i.OC2Config         stm32g4xx_ll_tim.o
    0x08004a04   0x08004a04   0x000000a4   Code   RO         5927    i.OC3Config         stm32g4xx_ll_tim.o
    0x08004aa8   0x08004aa8   0x000000a4   Code   RO         5928    i.OC4Config         stm32g4xx_ll_tim.o
    0x08004b4c   0x08004b4c   0x00000084   Code   RO         5929    i.OC5Config         stm32g4xx_ll_tim.o
    0x08004bd0   0x08004bd0   0x00000080   Code   RO         5930    i.OC6Config         stm32g4xx_ll_tim.o
    0x08004c50   0x08004c50   0x00000024   Code   RO         6176    i.RCC_GetHCLKClockFreq  stm32g4xx_ll_rcc.o
    0x08004c74   0x08004c74   0x00000028   Code   RO         6177    i.RCC_GetPCLK1ClockFreq  stm32g4xx_ll_rcc.o
    0x08004c9c   0x08004c9c   0x00000028   Code   RO         6178    i.RCC_GetPCLK2ClockFreq  stm32g4xx_ll_rcc.o
    0x08004cc4   0x08004cc4   0x00000038   Code   RO         6179    i.RCC_GetSystemClockFreq  stm32g4xx_ll_rcc.o
    0x08004cfc   0x08004cfc   0x0000005c   Code   RO         6182    i.RCC_PLL_GetFreqDomain_SYS  stm32g4xx_ll_rcc.o
    0x08004d58   0x08004d58   0x00000028   Code   RO          684    i.StartDefaultTask  app_freertos.o
    0x08004d80   0x08004d80   0x00000016   Code   RO         7957    i.SysTick_Handler   cmsis_os2.o
    0x08004d96   0x08004d96   0x00000002   PAD
    0x08004d98   0x08004d98   0x0000016c   Code   RO          528    i.SystemClock_Config  main.o
    0x08004f04   0x08004f04   0x00000014   Code   RO         6777    i.SystemInit        system_stm32g4xx.o
    0x08004f18   0x08004f18   0x00000024   Code   RO         1195    i.TIM1_TRG_COM_TIM17_IRQHandler  stm32g4xx_it.o
    0x08004f3c   0x08004f3c   0x00000014   Code   RO         1196    i.TIM1_UP_TIM16_IRQHandler  stm32g4xx_it.o
    0x08004f50   0x08004f50   0x00000018   Code   RO         1197    i.TIM3_IRQHandler   stm32g4xx_it.o
    0x08004f68   0x08004f68   0x00000018   Code   RO         1198    i.TIM4_IRQHandler   stm32g4xx_it.o
    0x08004f80   0x08004f80   0x000000cc   Code   RO         1655    i.TIM_Base_SetConfig  stm32g4xx_hal_tim.o
    0x0800504c   0x0800504c   0x00000022   Code   RO         1656    i.TIM_CCxChannelCmd  stm32g4xx_hal_tim.o
    0x0800506e   0x0800506e   0x00000022   Code   RO         2353    i.TIM_CCxNChannelCmd  stm32g4xx_hal_tim_ex.o
    0x08005090   0x08005090   0x000000ac   Code   RO         1668    i.TIM_OC1_SetConfig  stm32g4xx_hal_tim.o
    0x0800513c   0x0800513c   0x000000b4   Code   RO         1669    i.TIM_OC2_SetConfig  stm32g4xx_hal_tim.o
    0x080051f0   0x080051f0   0x000000b4   Code   RO         1670    i.TIM_OC3_SetConfig  stm32g4xx_hal_tim.o
    0x080052a4   0x080052a4   0x000000b4   Code   RO         1671    i.TIM_OC4_SetConfig  stm32g4xx_hal_tim.o
    0x08005358   0x08005358   0x00000070   Code   RO         1672    i.TIM_OC5_SetConfig  stm32g4xx_hal_tim.o
    0x080053c8   0x080053c8   0x00000070   Code   RO         1673    i.TIM_OC6_SetConfig  stm32g4xx_hal_tim.o
    0x08005438   0x08005438   0x00000002   Code   RO         1199    i.USART1_IRQHandler  stm32g4xx_it.o
    0x0800543a   0x0800543a   0x00000014   Code   RO         6633    i.USB_DevInit       stm32g4xx_ll_usb.o
    0x0800544e   0x0800544e   0x00000014   Code   RO         6634    i.USB_DisableGlobalInt  stm32g4xx_ll_usb.o
    0x08005462   0x08005462   0x00000004   Code   RO         1200    i.UsageFault_Handler  stm32g4xx_it.o
    0x08005466   0x08005466   0x00000022   Code   RO          990    i.__NVIC_EnableIRQ  tim.o
    0x08005488   0x08005488   0x00000010   Code   RO          991    i.__NVIC_GetPriorityGrouping  tim.o
    0x08005498   0x08005498   0x00000010   Code   RO         4811    i.__NVIC_GetPriorityGrouping  stm32g4xx_hal_cortex.o
    0x080054a8   0x080054a8   0x00000028   Code   RO          992    i.__NVIC_SetPriority  tim.o
    0x080054d0   0x080054d0   0x00000028   Code   RO         4812    i.__NVIC_SetPriority  stm32g4xx_hal_cortex.o
    0x080054f8   0x080054f8   0x00000006   Code   RO         7959    i.__get_IPSR        cmsis_os2.o
    0x080054fe   0x080054fe   0x0000000a   Code   RO         8627    i.__perf_counter_init  perf_counter.o
    0x08005508   0x08005508   0x00000002   Code   RO         8628    i.__perf_os_patch_init  perf_counter.o
    0x0800550a   0x0800550a   0x00000002   PAD
    0x0800550c   0x0800550c   0x00000064   Code   RO          288    i.adc2_isr          stspin32g4.o
    0x08005570   0x08005570   0x00000030   Code   RO         8633    i.check_systick     perf_counter.o
    0x080055a0   0x080055a0   0x00000024   Code   RO          427    i.gd_clear_fault    stspin32g4_gate_driver.o
    0x080055c4   0x080055c4   0x0000003c   Code   RO          429    i.gd_init           stspin32g4_gate_driver.o
    0x08005600   0x08005600   0x00000024   Code   RO          430    i.gd_lock           stspin32g4_gate_driver.o
    0x08005624   0x08005624   0x00000024   Code   RO          431    i.gd_reset          stspin32g4_gate_driver.o
    0x08005648   0x08005648   0x00000024   Code   RO          432    i.gd_unlock         stspin32g4_gate_driver.o
    0x0800566c   0x0800566c   0x00000020   Code   RO          433    i.gd_wakeup         stspin32g4_gate_driver.o
    0x0800568c   0x0800568c   0x0000000a   Code   RO          434    i.get_status        stspin32g4_gate_driver.o
    0x08005696   0x08005696   0x00000002   PAD
    0x08005698   0x08005698   0x00000060   Code   RO         8641    i.get_system_ticks  perf_counter.o
    0x080056f8   0x080056f8   0x00000058   Code   RO          209    i.heartbeat_handler  heartbeat.o
    0x08005750   0x08005750   0x00000040   Code   RO          210    i.heartbeat_init    heartbeat.o
    0x08005790   0x08005790   0x00000048   Code   RO          435    i.i2c_read_blocking  stspin32g4_gate_driver.o
    0x080057d8   0x080057d8   0x0000004c   Code   RO          436    i.i2c_send_blocking  stspin32g4_gate_driver.o
    0x08005824   0x08005824   0x0000007c   Code   RO         8643    i.init_cycle_counter  perf_counter.o
    0x080058a0   0x080058a0   0x00000068   Code   RO          529    i.main              main.o
    0x08005908   0x08005908   0x00000002   Code   RO          290    i.ml_handler        stspin32g4.o
    0x0800590a   0x0800590a   0x0000001e   Code   RO         7960    i.osDelay           cmsis_os2.o
    0x08005928   0x08005928   0x0000002c   Code   RO         7974    i.osKernelInitialize  cmsis_os2.o
    0x08005954   0x08005954   0x00000060   Code   RO         7977    i.osKernelStart     cmsis_os2.o
    0x080059b4   0x080059b4   0x000000b8   Code   RO         8019    i.osThreadNew       cmsis_os2.o
    0x08005a6c   0x08005a6c   0x00000010   Code   RO         8873    i.perfc_port_clear_system_timer_ovf_pending  perfc_port_default.o
    0x08005a7c   0x08005a7c   0x0000000c   Code   RO         8652    i.perfc_port_disable_global_interrupt  perf_counter.o
    0x08005a88   0x08005a88   0x00000012   Code   RO         8874    i.perfc_port_get_system_timer_elapsed  perfc_port_default.o
    0x08005a9a   0x08005a9a   0x00000002   PAD
    0x08005a9c   0x08005a9c   0x0000000c   Code   RO         8875    i.perfc_port_get_system_timer_freq  perfc_port_default.o
    0x08005aa8   0x08005aa8   0x0000000a   Code   RO         8876    i.perfc_port_get_system_timer_top  perfc_port_default.o
    0x08005ab2   0x08005ab2   0x00000052   Code   RO         8877    i.perfc_port_init_system_timer  perfc_port_default.o
    0x08005b04   0x08005b04   0x000000fc   Code   RO         8653    i.perfc_port_insert_to_system_timer_insert_ovf_handler  perf_counter.o
    0x08005c00   0x08005c00   0x00000010   Code   RO         8878    i.perfc_port_is_system_timer_ovf_pending  perfc_port_default.o
    0x08005c10   0x08005c10   0x0000000a   Code   RO         8654    i.perfc_port_resume_global_interrupt  perf_counter.o
    0x08005c1a   0x08005c1a   0x00000002   PAD
    0x08005c1c   0x08005c1c   0x0000007c   Code   RO         7394    i.prvAddCurrentTaskToDelayedList  tasks.o
    0x08005c98   0x08005c98   0x000000b8   Code   RO         7395    i.prvAddNewTaskToReadyList  tasks.o
    0x08005d50   0x08005d50   0x00000074   Code   RO         7770    i.prvCheckForValidListAndQueue  timers.o
    0x08005dc4   0x08005dc4   0x00000048   Code   RO         7396    i.prvCheckTasksWaitingTermination  tasks.o
    0x08005e0c   0x08005e0c   0x0000002a   Code   RO         6981    i.prvCopyDataFromQueue  queue.o
    0x08005e36   0x08005e36   0x0000007e   Code   RO         6982    i.prvCopyDataToQueue  queue.o
    0x08005eb4   0x08005eb4   0x00000050   Code   RO         7397    i.prvDeleteTCB      tasks.o
    0x08005f04   0x08005f04   0x00000028   Code   RO         7771    i.prvGetNextExpireTime  timers.o
    0x08005f2c   0x08005f2c   0x0000007c   Code   RO         8487    i.prvHeapInit       heap_4.o
    0x08005fa8   0x08005fa8   0x00000028   Code   RO         7398    i.prvIdleTask       tasks.o
    0x08005fd0   0x08005fd0   0x0000002a   Code   RO         6985    i.prvInitialiseNewQueue  queue.o
    0x08005ffa   0x08005ffa   0x000000be   Code   RO         7399    i.prvInitialiseNewTask  tasks.o
    0x080060b8   0x080060b8   0x00000068   Code   RO         7400    i.prvInitialiseTaskLists  tasks.o
    0x08006120   0x08006120   0x00000068   Code   RO         8488    i.prvInsertBlockIntoFreeList  heap_4.o
    0x08006188   0x08006188   0x00000058   Code   RO         7773    i.prvInsertTimerInActiveList  timers.o
    0x080061e0   0x080061e0   0x0000001a   Code   RO         6986    i.prvIsQueueEmpty   queue.o
    0x080061fa   0x080061fa   0x0000001e   Code   RO         6987    i.prvIsQueueFull    queue.o
    0x08006218   0x08006218   0x00000074   Code   RO         7774    i.prvProcessExpiredTimer  timers.o
    0x0800628c   0x0800628c   0x00000164   Code   RO         7775    i.prvProcessReceivedCommands  timers.o
    0x080063f0   0x080063f0   0x00000074   Code   RO         7776    i.prvProcessTimerOrBlockTask  timers.o
    0x08006464   0x08006464   0x00000034   Code   RO         7402    i.prvResetNextTaskUnblockTime  tasks.o
    0x08006498   0x08006498   0x0000002c   Code   RO         7777    i.prvSampleTimeNow  timers.o
    0x080064c4   0x080064c4   0x000000a4   Code   RO         7778    i.prvSwitchTimerLists  timers.o
    0x08006568   0x08006568   0x00000040   Code   RO         8543    i.prvTaskExitError  port.o
    0x080065a8   0x080065a8   0x0000001a   Code   RO         7779    i.prvTimerTask      timers.o
    0x080065c2   0x080065c2   0x0000007e   Code   RO         6988    i.prvUnlockQueue    queue.o
    0x08006640   0x08006640   0x0000014c   Code   RO         8489    i.pvPortMalloc      heap_4.o
    0x0800678c   0x0800678c   0x0000002c   Code   RO         8544    i.pxPortInitialiseStack  port.o
    0x080067b8   0x080067b8   0x0000008c   Code   RO          293    i.spg4_init         stspin32g4.o
    0x08006844   0x08006844   0x00000048   Code   RO          294    i.spg4_set_pwm      stspin32g4.o
    0x0800688c   0x0800688c   0x0000008c   Code   RO         8658    i.update_perf_counter  perf_counter.o
    0x08006918   0x08006918   0x00000028   Code   RO         6941    i.uxListRemove      list.o
    0x08006940   0x08006940   0x00000018   Code   RO         8031    i.vApplicationGetIdleTaskMemory  cmsis_os2.o
    0x08006958   0x08006958   0x00000018   Code   RO         8032    i.vApplicationGetTimerTaskMemory  cmsis_os2.o
    0x08006970   0x08006970   0x0000001a   Code   RO         6942    i.vListInitialise   list.o
    0x0800698a   0x0800698a   0x00000006   Code   RO         6943    i.vListInitialiseItem  list.o
    0x08006990   0x08006990   0x00000034   Code   RO         6944    i.vListInsert       list.o
    0x080069c4   0x080069c4   0x00000018   Code   RO         6945    i.vListInsertEnd    list.o
    0x080069dc   0x080069dc   0x00000054   Code   RO         8546    i.vPortEnterCritical  port.o
    0x08006a30   0x08006a30   0x0000003c   Code   RO         8547    i.vPortExitCritical  port.o
    0x08006a6c   0x08006a6c   0x000000a4   Code   RO         8490    i.vPortFree         heap_4.o
    0x08006b10   0x08006b10   0x00000028   Code   RO         8548    i.vPortSetupTimerInterrupt  port.o
    0x08006b38   0x08006b38   0x00000078   Code   RO         8549    i.vPortValidateInterruptPriority  port.o
    0x08006bb0   0x08006bb0   0x0000002c   Code   RO         6994    i.vQueueAddToRegistry  queue.o
    0x08006bdc   0x08006bdc   0x0000004a   Code   RO         6998    i.vQueueWaitForMessageRestricted  queue.o
    0x08006c26   0x08006c26   0x00000002   PAD
    0x08006c28   0x08006c28   0x0000005c   Code   RO         7415    i.vTaskDelay        tasks.o
    0x08006c84   0x08006c84   0x00000018   Code   RO         7420    i.vTaskInternalSetTimeOutState  tasks.o
    0x08006c9c   0x08006c9c   0x0000000c   Code   RO         7421    i.vTaskMissedYield  tasks.o
    0x08006ca8   0x08006ca8   0x00000038   Code   RO         7423    i.vTaskPlaceOnEventList  tasks.o
    0x08006ce0   0x08006ce0   0x00000040   Code   RO         7424    i.vTaskPlaceOnEventListRestricted  tasks.o
    0x08006d20   0x08006d20   0x000000b8   Code   RO         7432    i.vTaskStartScheduler  tasks.o
    0x08006dd8   0x08006dd8   0x00000010   Code   RO         7434    i.vTaskSuspendAll   tasks.o
    0x08006de8   0x08006de8   0x00000090   Code   RO         7435    i.vTaskSwitchContext  tasks.o
    0x08006e78   0x08006e78   0x00000168   Code   RO         8550    i.xPortStartScheduler  port.o
    0x08006fe0   0x08006fe0   0x00000034   Code   RO         8551    i.xPortSysTickHandler  port.o
    0x08007014   0x08007014   0x000000e0   Code   RO         7004    i.xQueueGenericCreateStatic  queue.o
    0x080070f4   0x080070f4   0x00000098   Code   RO         7005    i.xQueueGenericReset  queue.o
    0x0800718c   0x0800718c   0x000001a8   Code   RO         7006    i.xQueueGenericSend  queue.o
    0x08007334   0x08007334   0x000000fc   Code   RO         7007    i.xQueueGenericSendFromISR  queue.o
    0x08007430   0x08007430   0x00000168   Code   RO         7016    i.xQueueReceive     queue.o
    0x08007598   0x08007598   0x0000008c   Code   RO         7437    i.xTaskCheckForTimeOut  tasks.o
    0x08007624   0x08007624   0x00000064   Code   RO         7438    i.xTaskCreate       tasks.o
    0x08007688   0x08007688   0x000000ba   Code   RO         7439    i.xTaskCreateStatic  tasks.o
    0x08007742   0x08007742   0x00000002   PAD
    0x08007744   0x08007744   0x00000020   Code   RO         7443    i.xTaskGetSchedulerState  tasks.o
    0x08007764   0x08007764   0x0000000c   Code   RO         7444    i.xTaskGetTickCount  tasks.o
    0x08007770   0x08007770   0x00000144   Code   RO         7446    i.xTaskIncrementTick  tasks.o
    0x080078b4   0x080078b4   0x000000a4   Code   RO         7449    i.xTaskPriorityDisinherit  tasks.o
    0x08007958   0x08007958   0x00000098   Code   RO         7451    i.xTaskRemoveFromEventList  tasks.o
    0x080079f0   0x080079f0   0x00000104   Code   RO         7452    i.xTaskResumeAll    tasks.o
    0x08007af4   0x08007af4   0x00000078   Code   RO         7788    i.xTimerCreateTimerTask  timers.o
    0x08007b6c   0x08007b6c   0x00000084   Code   RO         7789    i.xTimerGenericCommand  timers.o
    0x08007bf0   0x08007bf0   0x0000000a   Code   RO         9165    x$fpl$fpinit        fz_wm.l(fpinit.o)
    0x08007bfa   0x08007bfa   0x00000002   PAD
    0x08007bfc   0x08007bfc   0x0000006d   Data   RO          437    .constdata          stspin32g4_gate_driver.o
    0x08007c69   0x08007c69   0x00000003   PAD
    0x08007c6c   0x08007c6c   0x0000008c   Data   RO          685    .constdata          app_freertos.o
    0x08007cf8   0x08007cf8   0x00000068   Data   RO          994    .constdata          tim.o
    0x08007d60   0x08007d60   0x00000030   Data   RO         6091    .constdata          stm32g4xx_ll_usart.o
    0x08007d90   0x08007d90   0x00000018   Data   RO         6778    .constdata          system_stm32g4xx.o
    0x08007da8   0x08007da8   0x0000000c   Data   RO          686    .conststring        app_freertos.o
    0x08007db4   0x08007db4   0x00000020   Data   RO         9269    Region$$Table       anon$$obj.o
    0x08007dd4   0x08007dd4   0x00000004   Data   RO         8660    .init_array         perf_counter.o
    0x08007dd8   0x08007dd4   0x00000000   Data   RO         8961    .init_array         c_w.l(init_aeabi.o)


    Execution Region RW_IRAM1 (Exec base: 0x20000000, Load base: 0x08007dd8, Size: 0x00002608, Max: 0x00008000, ABSOLUTE)

    Exec Addr    Load Addr    Size         Type   Attr      Idx    E Section Name        Object

    0x20000000   0x08007dd8   0x00000003   Data   RW          212    .data               heartbeat.o
    0x20000003   0x08007ddb   0x00000001   PAD
    0x20000004   0x08007ddc   0x00000014   Data   RW          296    .data               stspin32g4.o
    0x20000018   0x08007df0   0x00000008   Data   RW          687    .data               app_freertos.o
    0x20000020   0x08007df8   0x00000004   Data   RW          741    .data               adc.o
    0x20000024   0x08007dfc   0x0000000c   Data   RW         3411    .data               stm32g4xx_hal.o
    0x20000030   0x08007e08   0x00000004   Data   RW         6779    .data               system_stm32g4xx.o
    0x20000034   0x08007e0c   0x0000003c   Data   RW         7455    .data               tasks.o
    0x20000070   0x08007e48   0x00000014   Data   RW         7797    .data               timers.o
    0x20000084   0x08007e5c   0x00000004   Data   RW         8034    .data               cmsis_os2.o
    0x20000088   0x08007e60   0x00000020   Data   RW         8496    .data               heap_4.o
    0x200000a8   0x08007e80   0x0000000c   Data   RW         8552    .data               port.o
    0x200000b4   0x08007e8c   0x00000004   PAD
    0x200000b8   0x08007e90   0x00000050   Data   RW         8659    .data               perf_counter.o
    0x20000108        -       0x000000d8   Zero   RW          739    .bss                adc.o
    0x200001e0        -       0x00000064   Zero   RW          795    .bss                fdcan.o
    0x20000244        -       0x000000b4   Zero   RW          882    .bss                opamp.o
    0x200002f8        -       0x00000064   Zero   RW          935    .bss                spi.o
    0x2000035c        -       0x0000004c   Zero   RW          993    .bss                tim.o
    0x200003a8        -       0x000002dc   Zero   RW         1145    .bss                usb.o
    0x20000684        -       0x0000004c   Zero   RW         1322    .bss                stm32g4xx_hal_timebase_tim.o
    0x200006d0        -       0x00000040   Zero   RW         7020    .bss                queue.o
    0x20000710        -       0x000004c4   Zero   RW         7454    .bss                tasks.o
    0x20000bd4        -       0x00000118   Zero   RW         7796    .bss                timers.o
    0x20000cec        -       0x000006b8   Zero   RW         8033    .bss                cmsis_os2.o
    0x200013a4        -       0x00000c00   Zero   RW         8495    .bss                heap_4.o
    0x20001fa4        -       0x00000060   Zero   RW         9172    .bss                c_w.l(libspace.o)
    0x20002004   0x08007ee0   0x00000004   PAD
    0x20002008        -       0x00000200   Zero   RW            2    HEAP                startup_stm32g431xx.o
    0x20002208        -       0x00000400   Zero   RW            1    STACK               startup_stm32g431xx.o


==============================================================================

Image component sizes


      Code (inc. data)   RO Data    RW Data    ZI Data      Debug   Object Name

       928         68          0          4        216       3738   adc.o
         0          0          0          0          0     684152   algorithm.o
        76         20        152          8          0      25594   app_freertos.o
       430         38          0          4       1720      65411   cmsis_os2.o
         0          0          0          0          0      19588   event_groups.o
       224         24          0          0        100      23359   fdcan.o
       196          8          0          0          0      11435   gpio.o
       724         74          0         32       3072       4999   heap_4.o
       152         20          0          3          0      50209   heartbeat.o
       488         24          0          0          0      71042   i2c.o
       148          0          0          0          0       3646   list.o
       518         32          0          0          0      53300   main.o
       356         38          0          0        180       3125   opamp.o
       694         88          4         80          0      24931   perf_counter.o
       154         18          0          0          0       6573   perfc_port_default.o
      1014         92          0         12          0      11801   port.o
      1922         20          0          0         64      17652   queue.o
       204         24          0          0        100       1945   spi.o
        64         26        472          0       1536        856   startup_stm32g431xx.o
       146         28          0         12          0       4867   stm32g4xx_hal.o
      3102        108          0          0          0      81935   stm32g4xx_hal_adc.o
      2370         80          0          0          0      80199   stm32g4xx_hal_adc_ex.o
       258         22          0          0          0      33666   stm32g4xx_hal_cortex.o
       644         16          0          0          0       4117   stm32g4xx_hal_fdcan.o
       460         32          0          0          0       1408   stm32g4xx_hal_gpio.o
        88          6          0          0          0        890   stm32g4xx_hal_msp.o
       394         10          0          0          0       2423   stm32g4xx_hal_opamp.o
       266          0          0          0          0       1315   stm32g4xx_hal_pcd.o
        40          0          0          0          0       1036   stm32g4xx_hal_pcd_ex.o
        20          6          0          0          0        579   stm32g4xx_hal_pwr_ex.o
       116         26          0          0          0       2890   stm32g4xx_hal_rcc.o
       252          0          0          0          0       1259   stm32g4xx_hal_spi.o
      2948        266          0          0          0      15522   stm32g4xx_hal_tim.o
       664         60          0          0          0       8071   stm32g4xx_hal_tim_ex.o
       156         22          0          0         76       1456   stm32g4xx_hal_timebase_tim.o
       158         28          0          0          0      50949   stm32g4xx_it.o
       302          0          0          0          0       7495   stm32g4xx_ll_gpio.o
       136          0          0          0          0      14830   stm32g4xx_ll_i2c.o
       732         84          0          0          0      28513   stm32g4xx_ll_rcc.o
      1264        176          0          0          0      58939   stm32g4xx_ll_tim.o
       310         28         48          0          0      28308   stm32g4xx_ll_usart.o
        40          0          0          0          0       1669   stm32g4xx_ll_usb.o
        12          6          0          0          0        596   stm32g4xx_ll_utils.o
         0          0          0          0          0        440   stream_buffer.o
       314         66          0         20          0      82744   stspin32g4.o
       484         66        109          0          0      69790   stspin32g4_gate_driver.o
        20          6         24          4          0       1171   system_stm32g4xx.o
        32         10          0          0          0        616   systick_wrapper_ual.o
      2808        346          0         60       1220      27814   tasks.o
      1370        100        104          0         76      90588   tim.o
      1318        124          0         20        280      33163   timers.o
       544         16          0          0          0      51798   usart.o
       124         20          0          0        732      23186   usb.o

    ----------------------------------------------------------------------
     30220       2372        948        264       9372    1897598   Object Totals
         0          0         32          0          0          0   (incl. Generated)
        36          0          3          5          0          0   (incl. Padding)

    ----------------------------------------------------------------------

      Code (inc. data)   RO Data    RW Data    ZI Data      Debug   Library Member Name

         8          0          0          0          0         68   __main.o
         0          0          0          0          0          0   __rtentry.o
        12          0          0          0          0          0   __rtentry2.o
         6          0          0          0          0          0   __rtentry4.o
        52          8          0          0          0          0   __scatter.o
        26          0          0          0          0          0   __scatter_copy.o
        28          0          0          0          0          0   __scatter_zi.o
        16          0          0          0          0         68   aeabi_memset.o
        18          0          0          0          0         80   exit.o
         6          0          0          0          0        152   heapauxi.o
         0          0          0          0          0          0   indicate_semi.o
        36         10          0          0          0         80   init_aeabi.o
         2          0          0          0          0          0   libinit.o
        10          0          0          0          0          0   libinit2.o
         2          0          0          0          0          0   libshutdown.o
         2          0          0          0          0          0   libshutdown2.o
         8          4          0          0         96         68   libspace.o
        72          0          0          0          0         76   llsdiv.o
       238          0          0          0          0        100   lludivv7m.o
        68          0          0          0          0         68   rt_memclr.o
        78          0          0          0          0         80   rt_memclr_w.o
       138          0          0          0          0         68   rt_memcpy_v6.o
       100          0          0          0          0         80   rt_memcpy_w.o
         2          0          0          0          0          0   rtexit.o
        10          0          0          0          0          0   rtexit2.o
        12          4          0          0          0         68   sys_exit.o
        74          0          0          0          0         80   sys_stackheap_outer.o
         2          0          0          0          0         68   use_no_semi.o
        10          0          0          0          0        116   fpinit.o

    ----------------------------------------------------------------------
      1048         26          0          0        100       1320   Library Totals
        12          0          0          0          4          0   (incl. Padding)

    ----------------------------------------------------------------------

      Code (inc. data)   RO Data    RW Data    ZI Data      Debug   Library Name

      1026         26          0          0         96       1204   c_w.l
        10          0          0          0          0        116   fz_wm.l

    ----------------------------------------------------------------------
      1048         26          0          0        100       1320   Library Totals

    ----------------------------------------------------------------------

==============================================================================


      Code (inc. data)   RO Data    RW Data    ZI Data      Debug   

     31268       2398        948        264       9472    1870546   Grand Totals
     31268       2398        948        264       9472    1870546   ELF Image Totals
     31268       2398        948        264          0          0   ROM Totals

==============================================================================

    Total RO  Size (Code + RO Data)                32216 (  31.46kB)
    Total RW  Size (RW Data + ZI Data)              9736 (   9.51kB)
    Total ROM Size (Code + RO Data + RW Data)      32480 (  31.72kB)

==============================================================================

