Component: ARM Compiler 5.06 update 7 (build 960) Tool: armlink [4d3601]

==============================================================================

Section Cross References

    startup_stm32g431xx.o(STACK) refers (Special) to heapauxi.o(.text) for __use_two_region_memory
    startup_stm32g431xx.o(HEAP) refers (Special) to heapauxi.o(.text) for __use_two_region_memory
    startup_stm32g431xx.o(RESET) refers (Special) to heapauxi.o(.text) for __use_two_region_memory
    startup_stm32g431xx.o(RESET) refers to startup_stm32g431xx.o(STACK) for __initial_sp
    startup_stm32g431xx.o(RESET) refers to startup_stm32g431xx.o(.text) for Reset_Handler
    startup_stm32g431xx.o(RESET) refers to stm32g4xx_it.o(i.NMI_Handler) for NMI_Handler
    startup_stm32g431xx.o(RESET) refers to stm32g4xx_it.o(i.HardFault_Handler) for HardFault_Handler
    startup_stm32g431xx.o(RESET) refers to stm32g4xx_it.o(i.MemManage_Handler) for MemManage_Handler
    startup_stm32g431xx.o(RESET) refers to stm32g4xx_it.o(i.BusFault_Handler) for BusFault_Handler
    startup_stm32g431xx.o(RESET) refers to stm32g4xx_it.o(i.UsageFault_Handler) for UsageFault_Handler
    startup_stm32g431xx.o(RESET) refers to port.o(.emb_text) for SVC_Handler
    startup_stm32g431xx.o(RESET) refers to stm32g4xx_it.o(i.DebugMon_Handler) for DebugMon_Handler
    startup_stm32g431xx.o(RESET) refers to cmsis_os2.o(i.SysTick_Handler) for SysTick_Handler
    startup_stm32g431xx.o(RESET) refers to stm32g4xx_it.o(i.ADC1_2_IRQHandler) for ADC1_2_IRQHandler
    startup_stm32g431xx.o(RESET) refers to stm32g4xx_it.o(i.TIM1_TRG_COM_TIM17_IRQHandler) for TIM1_TRG_COM_TIM17_IRQHandler
    startup_stm32g431xx.o(RESET) refers to stm32g4xx_it.o(i.TIM2_IRQHandler) for TIM2_IRQHandler
    startup_stm32g431xx.o(RESET) refers to stm32g4xx_it.o(i.TIM3_IRQHandler) for TIM3_IRQHandler
    startup_stm32g431xx.o(RESET) refers to stm32g4xx_it.o(i.USART1_IRQHandler) for USART1_IRQHandler
    startup_stm32g431xx.o(RESET) refers to stm32g4xx_it.o(i.I2C3_EV_IRQHandler) for I2C3_EV_IRQHandler
    startup_stm32g431xx.o(.text) refers (Special) to heapauxi.o(.text) for __use_two_region_memory
    startup_stm32g431xx.o(.text) refers to system_stm32g4xx.o(i.SystemInit) for SystemInit
    startup_stm32g431xx.o(.text) refers to __main.o(!!!main) for __main
    startup_stm32g431xx.o(.text) refers to startup_stm32g431xx.o(HEAP) for Heap_Mem
    startup_stm32g431xx.o(.text) refers to startup_stm32g431xx.o(STACK) for Stack_Mem
    main.o(i.HAL_TIM_PeriodElapsedCallback) refers to stm32g4xx_hal.o(i.HAL_IncTick) for HAL_IncTick
    main.o(i.SystemClock_Config) refers to main.o(i.LL_RCC_SetAHBPrescaler) for LL_RCC_SetAHBPrescaler
    main.o(i.SystemClock_Config) refers to stm32g4xx_ll_utils.o(i.LL_SetSystemCoreClock) for LL_SetSystemCoreClock
    main.o(i.SystemClock_Config) refers to stm32g4xx_hal_timebase_tim.o(i.HAL_InitTick) for HAL_InitTick
    main.o(i.SystemClock_Config) refers to main.o(i.Error_Handler) for Error_Handler
    main.o(i.main) refers to stm32g4xx_hal.o(i.HAL_Init) for HAL_Init
    main.o(i.main) refers to main.o(i.SystemClock_Config) for SystemClock_Config
    main.o(i.main) refers to gpio.o(i.MX_GPIO_Init) for MX_GPIO_Init
    main.o(i.main) refers to fdcan.o(i.MX_FDCAN1_Init) for MX_FDCAN1_Init
    main.o(i.main) refers to i2c.o(i.MX_I2C3_Init) for MX_I2C3_Init
    main.o(i.main) refers to opamp.o(i.MX_OPAMP1_Init) for MX_OPAMP1_Init
    main.o(i.main) refers to opamp.o(i.MX_OPAMP2_Init) for MX_OPAMP2_Init
    main.o(i.main) refers to opamp.o(i.MX_OPAMP3_Init) for MX_OPAMP3_Init
    main.o(i.main) refers to tim.o(i.MX_TIM1_Init) for MX_TIM1_Init
    main.o(i.main) refers to tim.o(i.MX_TIM16_Init) for MX_TIM16_Init
    main.o(i.main) refers to usart.o(i.MX_USART1_UART_Init) for MX_USART1_UART_Init
    main.o(i.main) refers to tim.o(i.MX_TIM2_Init) for MX_TIM2_Init
    main.o(i.main) refers to tim.o(i.MX_TIM8_Init) for MX_TIM8_Init
    main.o(i.main) refers to tim.o(i.MX_TIM3_Init) for MX_TIM3_Init
    main.o(i.main) refers to adc.o(i.MX_ADC1_Init) for MX_ADC1_Init
    main.o(i.main) refers to usb.o(i.MX_USB_PCD_Init) for MX_USB_PCD_Init
    main.o(i.main) refers to stspin32g4_gate_driver.o(i.gd_init) for gd_init
    main.o(i.main) refers to cmsis_os2.o(i.osKernelInitialize) for osKernelInitialize
    main.o(i.main) refers to app_freertos.o(i.MX_FREERTOS_Init) for MX_FREERTOS_Init
    main.o(i.main) refers to cmsis_os2.o(i.osKernelStart) for osKernelStart
    main.o(i.main) refers to stspin32g4_gate_driver.o(i.get_status) for get_status
    main.o(i.main) refers to main.o(i.LL_USART_TransmitData8) for LL_USART_TransmitData8
    main.o(i.main) refers to stspin32g4_gate_driver.o(i.gd_clear_fault) for gd_clear_fault
    main.o(i.main) refers to stm32g4xx_hal.o(i.HAL_Delay) for HAL_Delay
    gpio.o(i.MX_GPIO_Init) refers to rt_memclr_w.o(.text) for __aeabi_memclr4
[...]
    __rt_lib_init_getenv_1                   0x08000253   Thumb Code     0  libinit2.o(.ARM.Collect$$libinit$$00000023)
    __rt_lib_init_heap_1                     0x08000253   Thumb Code     0  libinit2.o(.ARM.Collect$$libinit$$0000000A)
    __rt_lib_init_lc_collate_1               0x08000253   Thumb Code     0  libinit2.o(.ARM.Collect$$libinit$$00000011)
    __rt_lib_init_lc_ctype_1                 0x08000253   Thumb Code     0  libinit2.o(.ARM.Collect$$libinit$$00000013)
    __rt_lib_init_lc_monetary_1              0x08000253   Thumb Code     0  libinit2.o(.ARM.Collect$$libinit$$00000015)
    __rt_lib_init_lc_numeric_1               0x08000253   Thumb Code     0  libinit2.o(.ARM.Collect$$libinit$$00000017)
    __rt_lib_init_lc_time_1                  0x08000253   Thumb Code     0  libinit2.o(.ARM.Collect$$libinit$$00000019)
    __rt_lib_init_preinit_1                  0x08000253   Thumb Code     0  libinit2.o(.ARM.Collect$$libinit$$00000004)
    __rt_lib_init_rand_1                     0x08000253   Thumb Code     0  libinit2.o(.ARM.Collect$$libinit$$0000000E)
    __rt_lib_init_return                     0x08000253   Thumb Code     0  libinit2.o(.ARM.Collect$$libinit$$00000033)
    __rt_lib_init_signal_1                   0x08000253   Thumb Code     0  libinit2.o(.ARM.Collect$$libinit$$0000001D)
    __rt_lib_init_stdio_1                    0x08000253   Thumb Code     0  libinit2.o(.ARM.Collect$$libinit$$00000025)
    __rt_lib_init_user_alloc_1               0x08000253   Thumb Code     0  libinit2.o(.ARM.Collect$$libinit$$0000000C)
    __rt_lib_shutdown                        0x08000255   Thumb Code     0  libshutdown.o(.ARM.Collect$$libshutdown$$00000000)
    __rt_lib_shutdown_cpp_1                  0x08000257   Thumb Code     0  libshutdown2.o(.ARM.Collect$$libshutdown$$00000004)
    __rt_lib_shutdown_fini_1                 0x08000257   Thumb Code     0  libshutdown2.o(.ARM.Collect$$libshutdown$$00000002)
    __rt_lib_shutdown_fp_trap_1              0x08000257   Thumb Code     0  libshutdown2.o(.ARM.Collect$$libshutdown$$00000009)
    __rt_lib_shutdown_heap_1                 0x08000257   Thumb Code     0  libshutdown2.o(.ARM.Collect$$libshutdown$$00000011)
    __rt_lib_shutdown_return                 0x08000257   Thumb Code     0  libshutdown2.o(.ARM.Collect$$libshutdown$$00000012)
    __rt_lib_shutdown_signal_1               0x08000257   Thumb Code     0  libshutdown2.o(.ARM.Collect$$libshutdown$$0000000C)
    __rt_lib_shutdown_stdio_1                0x08000257   Thumb Code     0  libshutdown2.o(.ARM.Collect$$libshutdown$$00000006)
    __rt_lib_shutdown_user_alloc_1           0x08000257   Thumb Code     0  libshutdown2.o(.ARM.Collect$$libshutdown$$0000000E)
    __rt_entry                               0x08000259   Thumb Code     0  __rtentry.o(.ARM.Collect$$rtentry$$00000000)
    __rt_entry_presh_1                       0x08000259   Thumb Code     0  __rtentry2.o(.ARM.Collect$$rtentry$$00000002)
    __rt_entry_sh                            0x08000259   Thumb Code     0  __rtentry4.o(.ARM.Collect$$rtentry$$00000004)
    __rt_entry_li                            0x0800025f   Thumb Code     0  __rtentry2.o(.ARM.Collect$$rtentry$$0000000A)
    __rt_entry_postsh_1                      0x0800025f   Thumb Code     0  __rtentry2.o(.ARM.Collect$$rtentry$$00000009)
    __rt_entry_main                          0x08000263   Thumb Code     0  __rtentry2.o(.ARM.Collect$$rtentry$$0000000D)
    __rt_entry_postli_1                      0x08000263   Thumb Code     0  __rtentry2.o(.ARM.Collect$$rtentry$$0000000C)
    __rt_exit                                0x0800026b   Thumb Code     0  rtexit.o(.ARM.Collect$$rtexit$$00000000)
    __rt_exit_ls                             0x0800026d   Thumb Code     0  rtexit2.o(.ARM.Collect$$rtexit$$00000003)
    __rt_exit_prels_1                        0x0800026d   Thumb Code     0  rtexit2.o(.ARM.Collect$$rtexit$$00000002)
    __rt_exit_exit                           0x08000271   Thumb Code     0  rtexit2.o(.ARM.Collect$$rtexit$$00000004)
    SVC_Handler                              0x08000279   Thumb Code    28  port.o(.emb_text)
    __asm___6_port_c_39a90d8d__prvStartFirstTask 0x08000299   Thumb Code    36  port.o(.emb_text)
    __asm___6_port_c_39a90d8d__prvEnableVFP  0x080002c1   Thumb Code    16  port.o(.emb_text)
    PendSV_Handler                           0x080002d5   Thumb Code    88  port.o(.emb_text)
    vPortGetIPSR                             0x08000331   Thumb Code     6  port.o(.emb_text)
    Reset_Handler                            0x08000339   Thumb Code     8  startup_stm32g431xx.o(.text)
    COMP1_2_3_IRQHandler                     0x08000353   Thumb Code     0  startup_stm32g431xx.o(.text)
    COMP4_IRQHandler                         0x08000353   Thumb Code     0  startup_stm32g431xx.o(.text)
    CORDIC_IRQHandler                        0x08000353   Thumb Code     0  startup_stm32g431xx.o(.text)
    CRS_IRQHandler                           0x08000353   Thumb Code     0  startup_stm32g431xx.o(.text)
    DMA1_Channel1_IRQHandler                 0x08000353   Thumb Code     0  startup_stm32g431xx.o(.text)
    DMA1_Channel2_IRQHandler                 0x08000353   Thumb Code     0  startup_stm32g431xx.o(.text)
    DMA1_Channel3_IRQHandler                 0x08000353   Thumb Code     0  startup_stm32g431xx.o(.text)
    DMA1_Channel4_IRQHandler                 0x08000353   Thumb Code     0  startup_stm32g431xx.o(.text)
    DMA1_Channel5_IRQHandler                 0x08000353   Thumb Code     0  startup_stm32g431xx.o(.text)
    DMA1_Channel6_IRQHandler                 0x08000353   Thumb Code     0  startup_stm32g431xx.o(.text)
    DMA2_Channel1_IRQHandler                 0x08000353   Thumb Code     0  startup_stm32g431xx.o(.text)
    DMA2_Channel2_IRQHandler                 0x08000353   Thumb Code     0  startup_stm32g431xx.o(.text)
    DMA2_Channel3_IRQHandler                 0x08000353   Thumb Code     0  startup_stm32g431xx.o(.text)
    DMA2_Channel4_IRQHandler                 0x08000353   Thumb Code     0  startup_stm32g431xx.o(.text)
    DMA2_Channel5_IRQHandler                 0x08000353   Thumb Code     0  startup_stm32g431xx.o(.text)
    DMA2_Channel6_IRQHandler                 0x08000353   Thumb Code     0  startup_stm32g431xx.o(.text)
    DMAMUX_OVR_IRQHandler                    0x08000353   Thumb Code     0  startup_stm32g431xx.o(.text)
    EXTI0_IRQHandler                         0x08000353   Thumb Code     0  startup_stm32g431xx.o(.text)
    EXTI15_10_IRQHandler                     0x08000353   Thumb Code     0  startup_stm32g431xx.o(.text)
    EXTI1_IRQHandler                         0x08000353   Thumb Code     0  startup_stm32g431xx.o(.text)
    EXTI2_IRQHandler                         0x08000353   Thumb Code     0  startup_stm32g431xx.o(.text)
    EXTI3_IRQHandler                         0x08000353   Thumb Code     0  startup_stm32g431xx.o(.text)
    EXTI4_IRQHandler                         0x08000353   Thumb Code     0  startup_stm32g431xx.o(.text)
    EXTI9_5_IRQHandler                       0x08000353   Thumb Code     0  startup_stm32g431xx.o(.text)
    FDCAN1_IT0_IRQHandler                    0x08000353   Thumb Code     0  startup_stm32g431xx.o(.text)
    FDCAN1_IT1_IRQHandler                    0x08000353   Thumb Code     0  startup_stm32g431xx.o(.text)
    FLASH_IRQHandler                         0x08000353   Thumb Code     0  startup_stm32g431xx.o(.text)
    FMAC_IRQHandler                          0x08000353   Thumb Code     0  startup_stm32g431xx.o(.text)
    FPU_IRQHandler                           0x08000353   Thumb Code     0  startup_stm32g431xx.o(.text)
    I2C1_ER_IRQHandler                       0x08000353   Thumb Code     0  startup_stm32g431xx.o(.text)
    I2C1_EV_IRQHandler                       0x08000353   Thumb Code     0  startup_stm32g431xx.o(.text)
    I2C2_ER_IRQHandler                       0x08000353   Thumb Code     0  startup_stm32g431xx.o(.text)
    I2C2_EV_IRQHandler                       0x08000353   Thumb Code     0  startup_stm32g431xx.o(.text)
    I2C3_ER_IRQHandler                       0x08000353   Thumb Code     0  startup_stm32g431xx.o(.text)
    LPTIM1_IRQHandler                        0x08000353   Thumb Code     0  startup_stm32g431xx.o(.text)
    LPUART1_IRQHandler                       0x08000353   Thumb Code     0  startup_stm32g431xx.o(.text)
    PVD_PVM_IRQHandler                       0x08000353   Thumb Code     0  startup_stm32g431xx.o(.text)
    RCC_IRQHandler                           0x08000353   Thumb Code     0  startup_stm32g431xx.o(.text)
    RNG_IRQHandler                           0x08000353   Thumb Code     0  startup_stm32g431xx.o(.text)
    RTC_Alarm_IRQHandler                     0x08000353   Thumb Code     0  startup_stm32g431xx.o(.text)
    RTC_TAMP_LSECSS_IRQHandler               0x08000353   Thumb Code     0  startup_stm32g431xx.o(.text)
    RTC_WKUP_IRQHandler                      0x08000353   Thumb Code     0  startup_stm32g431xx.o(.text)
    SAI1_IRQHandler                          0x08000353   Thumb Code     0  startup_stm32g431xx.o(.text)
    SPI1_IRQHandler                          0x08000353   Thumb Code     0  startup_stm32g431xx.o(.text)
    SPI2_IRQHandler                          0x08000353   Thumb Code     0  startup_stm32g431xx.o(.text)
    SPI3_IRQHandler                          0x08000353   Thumb Code     0  startup_stm32g431xx.o(.text)
    TIM1_BRK_TIM15_IRQHandler                0x08000353   Thumb Code     0  startup_stm32g431xx.o(.text)
    TIM1_CC_IRQHandler                       0x08000353   Thumb Code     0  startup_stm32g431xx.o(.text)
    TIM1_UP_TIM16_IRQHandler                 0x08000353   Thumb Code     0  startup_stm32g431xx.o(.text)
    TIM4_IRQHandler                          0x08000353   Thumb Code     0  startup_stm32g431xx.o(.text)
    TIM6_DAC_IRQHandler                      0x08000353   Thumb Code     0  startup_stm32g431xx.o(.text)
    TIM7_IRQHandler                          0x08000353   Thumb Code     0  startup_stm32g431xx.o(.text)
    TIM8_BRK_IRQHandler                      0x08000353   Thumb Code     0  startup_stm32g431xx.o(.text)
    TIM8_CC_IRQHandler                       0x08000353   Thumb Code     0  startup_stm32g431xx.o(.text)
    TIM8_TRG_COM_IRQHandler                  0x08000353   Thumb Code     0  startup_stm32g431xx.o(.text)
    TIM8_UP_IRQHandler                       0x08000353   Thumb Code     0  startup_stm32g431xx.o(.text)
    UART4_IRQHandler                         0x08000353   Thumb Code     0  startup_stm32g431xx.o(.text)
    UCPD1_IRQHandler                         0x08000353   Thumb Code     0  startup_stm32g431xx.o(.text)
    USART2_IRQHandler                        0x08000353   Thumb Code     0  startup_stm32g431xx.o(.text)
    USART3_IRQHandler                        0x08000353   Thumb Code     0  startup_stm32g431xx.o(.text)
    USBWakeUp_IRQHandler                     0x08000353   Thumb Code     0  startup_stm32g431xx.o(.text)
    USB_HP_IRQHandler                        0x08000353   Thumb Code     0  startup_stm32g431xx.o(.text)
    USB_LP_IRQHandler                        0x08000353   Thumb Code     0  startup_stm32g431xx.o(.text)
    WWDG_IRQHandler                          0x08000353   Thumb Code     0  startup_stm32g431xx.o(.text)
    __user_initial_stackheap                 0x08000355   Thumb Code     0  startup_stm32g431xx.o(.text)
    __aeabi_memcpy                           0x08000379   Thumb Code     0  rt_memcpy_v6.o(.text)
    __rt_memcpy                              0x08000379   Thumb Code   138  rt_memcpy_v6.o(.text)
    _memcpy_lastbytes                        0x080003df   Thumb Code     0  rt_memcpy_v6.o(.text)
    __aeabi_memset                           0x08000403   Thumb Code    16  aeabi_memset.o(.text)
    __aeabi_memclr4                          0x08000413   Thumb Code     0  rt_memclr_w.o(.text)
    __aeabi_memclr8                          0x08000413   Thumb Code     0  rt_memclr_w.o(.text)
    __rt_memclr_w                            0x08000413   Thumb Code    78  rt_memclr_w.o(.text)
    _memset_w                                0x08000417   Thumb Code     0  rt_memclr_w.o(.text)
    __use_two_region_memory                  0x08000461   Thumb Code     2  heapauxi.o(.text)
    __rt_heap_escrow$2region                 0x08000463   Thumb Code     2  heapauxi.o(.text)
    __rt_heap_expand$2region                 0x08000465   Thumb Code     2  heapauxi.o(.text)
    __read_errno                             0x08000467   Thumb Code    10  _rserrno.o(.text)
    __set_errno                              0x08000471   Thumb Code    12  _rserrno.o(.text)
    __aeabi_memcpy4                          0x0800047d   Thumb Code     0  rt_memcpy_w.o(.text)
    __aeabi_memcpy8                          0x0800047d   Thumb Code     0  rt_memcpy_w.o(.text)
    __rt_memcpy_w                            0x0800047d   Thumb Code   100  rt_memcpy_w.o(.text)
    _memcpy_lastbytes_aligned                0x080004c5   Thumb Code     0  rt_memcpy_w.o(.text)
    __aeabi_memclr                           0x080004e1   Thumb Code     0  rt_memclr.o(.text)
    __rt_memclr                              0x080004e1   Thumb Code    68  rt_memclr.o(.text)
    _memset                                  0x080004e5   Thumb Code     0  rt_memclr.o(.text)
    __aeabi_errno_addr                       0x08000525   Thumb Code     8  rt_errno_addr_intlibspace.o(.text)
    __errno$intlibspace                      0x08000525   Thumb Code     0  rt_errno_addr_intlibspace.o(.text)
    __rt_errno_addr$intlibspace              0x08000525   Thumb Code     0  rt_errno_addr_intlibspace.o(.text)
    __user_libspace                          0x0800052d   Thumb Code     8  libspace.o(.text)
    __user_perproc_libspace                  0x0800052d   Thumb Code     0  libspace.o(.text)
    __user_perthread_libspace                0x0800052d   Thumb Code     0  libspace.o(.text)
    __user_setup_stackheap                   0x08000535   Thumb Code    74  sys_stackheap_outer.o(.text)
    exit                                     0x0800057f   Thumb Code    18  exit.o(.text)
    _sys_exit                                0x08000591   Thumb Code     8  sys_exit.o(.text)
    __I$use$semihosting                      0x0800059d   Thumb Code     0  use_no_semi.o(.text)
    __use_no_semihosting_swi                 0x0800059d   Thumb Code     2  use_no_semi.o(.text)
    __semihosting_library_function           0x0800059f   Thumb Code     0  indicate_semi.o(.text)
    ADC1_2_IRQHandler                        0x080005a1   Thumb Code    14  stm32g4xx_it.o(i.ADC1_2_IRQHandler)
    BusFault_Handler                         0x080005b5   Thumb Code     4  stm32g4xx_it.o(i.BusFault_Handler)
    DebugMon_Handler                         0x080005b9   Thumb Code     2  stm32g4xx_it.o(i.DebugMon_Handler)
    Error_Handler                            0x080005bb   Thumb Code     6  main.o(i.Error_Handler)
    HAL_ADCEx_EndOfSamplingCallback          0x0800062d   Thumb Code     2  stm32g4xx_hal_adc_ex.o(i.HAL_ADCEx_EndOfSamplingCallback)
    HAL_ADCEx_InjectedConvCpltCallback       0x0800062f   Thumb Code     2  stm32g4xx_hal_adc_ex.o(i.HAL_ADCEx_InjectedConvCpltCallback)
    HAL_ADCEx_InjectedQueueOverflowCallback  0x08000631   Thumb Code     2  stm32g4xx_hal_adc_ex.o(i.HAL_ADCEx_InjectedQueueOverflowCallback)
    HAL_ADCEx_LevelOutOfWindow2Callback      0x08000633   Thumb Code     2  stm32g4xx_hal_adc_ex.o(i.HAL_ADCEx_LevelOutOfWindow2Callback)
    HAL_ADCEx_LevelOutOfWindow3Callback      0x08000635   Thumb Code     2  stm32g4xx_hal_adc_ex.o(i.HAL_ADCEx_LevelOutOfWindow3Callback)
    HAL_ADCEx_MultiModeConfigChannel         0x08000639   Thumb Code   260  stm32g4xx_hal_adc_ex.o(i.HAL_ADCEx_MultiModeConfigChannel)
    HAL_ADC_ConfigChannel                    0x08000745   Thumb Code  1252  stm32g4xx_hal_adc.o(i.HAL_ADC_ConfigChannel)
    HAL_ADC_ConvCpltCallback                 0x08000c4d   Thumb Code     2  stm32g4xx_hal_adc.o(i.HAL_ADC_ConvCpltCallback)
    HAL_ADC_ErrorCallback                    0x08000c4f   Thumb Code     2  stm32g4xx_hal_adc.o(i.HAL_ADC_ErrorCallback)
    HAL_ADC_IRQHandler                       0x08000c51   Thumb Code   808  stm32g4xx_hal_adc.o(i.HAL_ADC_IRQHandler)
    HAL_ADC_Init                             0x08000f81   Thumb Code   576  stm32g4xx_hal_adc.o(i.HAL_ADC_Init)
    HAL_ADC_LevelOutOfWindowCallback         0x080011dd   Thumb Code     2  stm32g4xx_hal_adc.o(i.HAL_ADC_LevelOutOfWindowCallback)
    HAL_ADC_MspInit                          0x080011e1   Thumb Code   196  adc.o(i.HAL_ADC_MspInit)
    HAL_Delay                                0x080012b1   Thumb Code    36  stm32g4xx_hal.o(i.HAL_Delay)
    HAL_FDCAN_Init                           0x080012d9   Thumb Code   526  stm32g4xx_hal_fdcan.o(i.HAL_FDCAN_Init)
    HAL_FDCAN_MspInit                        0x080014f1   Thumb Code   134  fdcan.o(i.HAL_FDCAN_MspInit)
    HAL_GPIO_Init                            0x08001585   Thumb Code   428  stm32g4xx_hal_gpio.o(i.HAL_GPIO_Init)
    HAL_GetTick                              0x08001751   Thumb Code     6  stm32g4xx_hal.o(i.HAL_GetTick)
    HAL_IncTick                              0x0800175d   Thumb Code    16  stm32g4xx_hal.o(i.HAL_IncTick)
    HAL_Init                                 0x08001775   Thumb Code    30  stm32g4xx_hal.o(i.HAL_Init)
    HAL_InitTick                             0x08001795   Thumb Code   134  stm32g4xx_hal_timebase_tim.o(i.HAL_InitTick)
    HAL_MspInit                              0x08001831   Thumb Code    82  stm32g4xx_hal_msp.o(i.HAL_MspInit)
    HAL_NVIC_EnableIRQ                       0x08001889   Thumb Code    40  stm32g4xx_hal_cortex.o(i.HAL_NVIC_EnableIRQ)
    HAL_NVIC_SetPriority                     0x080018b1   Thumb Code   122  stm32g4xx_hal_cortex.o(i.HAL_NVIC_SetPriority)
    HAL_NVIC_SetPriorityGrouping             0x0800192d   Thumb Code    32  stm32g4xx_hal_cortex.o(i.HAL_NVIC_SetPriorityGrouping)
    HAL_OPAMP_Init                           0x08001955   Thumb Code   330  stm32g4xx_hal_opamp.o(i.HAL_OPAMP_Init)
    HAL_OPAMP_MspInit                        0x08001aa9   Thumb Code   198  opamp.o(i.HAL_OPAMP_MspInit)
    HAL_PCDEx_ActivateLPM                    0x08001b7d   Thumb Code    40  stm32g4xx_hal_pcd_ex.o(i.HAL_PCDEx_ActivateLPM)
    HAL_PCD_Init                             0x08001ba5   Thumb Code   266  stm32g4xx_hal_pcd.o(i.HAL_PCD_Init)
    HAL_PCD_MspInit                          0x08001cb1   Thumb Code    62  usb.o(i.HAL_PCD_MspInit)
    HAL_PWREx_DisableUCPDDeadBattery         0x08001cf9   Thumb Code    14  stm32g4xx_hal_pwr_ex.o(i.HAL_PWREx_DisableUCPDDeadBattery)
    HAL_RCC_GetClockConfig                   0x08001d0d   Thumb Code    58  stm32g4xx_hal_rcc.o(i.HAL_RCC_GetClockConfig)
    HAL_RCC_GetHCLKFreq                      0x08001d51   Thumb Code     6  stm32g4xx_hal_rcc.o(i.HAL_RCC_GetHCLKFreq)
    HAL_RCC_GetPCLK2Freq                     0x08001d5d   Thumb Code    26  stm32g4xx_hal_rcc.o(i.HAL_RCC_GetPCLK2Freq)
    HAL_SYSCFG_DisableVREFBUF                0x08001d81   Thumb Code    14  stm32g4xx_hal.o(i.HAL_SYSCFG_DisableVREFBUF)
    HAL_SYSCFG_VREFBUF_HighImpedanceConfig   0x08001d95   Thumb Code    16  stm32g4xx_hal.o(i.HAL_SYSCFG_VREFBUF_HighImpedanceConfig)
    HAL_TIMEx_Break2Callback                 0x08001da9   Thumb Code     2  stm32g4xx_hal_tim_ex.o(i.HAL_TIMEx_Break2Callback)
    HAL_TIMEx_BreakCallback                  0x08001dab   Thumb Code     2  stm32g4xx_hal_tim_ex.o(i.HAL_TIMEx_BreakCallback)
    HAL_TIMEx_CommutCallback                 0x08001dad   Thumb Code     2  stm32g4xx_hal_tim_ex.o(i.HAL_TIMEx_CommutCallback)
    HAL_TIMEx_DirectionChangeCallback        0x08001daf   Thumb Code     2  stm32g4xx_hal_tim_ex.o(i.HAL_TIMEx_DirectionChangeCallback)
    HAL_TIMEx_EncoderIndexCallback           0x08001db1   Thumb Code     2  stm32g4xx_hal_tim_ex.o(i.HAL_TIMEx_EncoderIndexCallback)
    HAL_TIMEx_IndexErrorCallback             0x08001db3   Thumb Code     2  stm32g4xx_hal_tim_ex.o(i.HAL_TIMEx_IndexErrorCallback)
    HAL_TIMEx_TransitionErrorCallback        0x08001db5   Thumb Code     2  stm32g4xx_hal_tim_ex.o(i.HAL_TIMEx_TransitionErrorCallback)
    HAL_TIM_Base_Init                        0x08001db7   Thumb Code   110  stm32g4xx_hal_tim.o(i.HAL_TIM_Base_Init)
    HAL_TIM_Base_MspInit                     0x08001e25   Thumb Code     2  stm32g4xx_hal_tim.o(i.HAL_TIM_Base_MspInit)
    HAL_TIM_Base_Start_IT                    0x08001e29   Thumb Code   130  stm32g4xx_hal_tim.o(i.HAL_TIM_Base_Start_IT)
    HAL_TIM_IC_CaptureCallback               0x08001ec5   Thumb Code     2  stm32g4xx_hal_tim.o(i.HAL_TIM_IC_CaptureCallback)
    HAL_TIM_IRQHandler                       0x08001ec7   Thumb Code   544  stm32g4xx_hal_tim.o(i.HAL_TIM_IRQHandler)
    HAL_TIM_OC_DelayElapsedCallback          0x080020e7   Thumb Code     2  stm32g4xx_hal_tim.o(i.HAL_TIM_OC_DelayElapsedCallback)
    HAL_TIM_PWM_PulseFinishedCallback        0x080020e9   Thumb Code     2  stm32g4xx_hal_tim.o(i.HAL_TIM_PWM_PulseFinishedCallback)
    HAL_TIM_PeriodElapsedCallback            0x080020ed   Thumb Code    18  main.o(i.HAL_TIM_PeriodElapsedCallback)
    HAL_TIM_TriggerCallback                  0x08002105   Thumb Code     2  stm32g4xx_hal_tim.o(i.HAL_TIM_TriggerCallback)
    HardFault_Handler                        0x08002107   Thumb Code     4  stm32g4xx_it.o(i.HardFault_Handler)
    I2C3_EV_IRQHandler                       0x0800210b   Thumb Code     2  stm32g4xx_it.o(i.I2C3_EV_IRQHandler)
    LL_GPIO_Init                             0x08002235   Thumb Code   302  stm32g4xx_ll_gpio.o(i.LL_GPIO_Init)
    LL_I2C_Init                              0x080023c1   Thumb Code   136  stm32g4xx_ll_i2c.o(i.LL_I2C_Init)
    LL_RCC_GetUARTClockFreq                  0x08002449   Thumb Code   108  stm32g4xx_ll_rcc.o(i.LL_RCC_GetUARTClockFreq)
    LL_RCC_GetUSARTClockFreq                 0x080024bd   Thumb Code   278  stm32g4xx_ll_rcc.o(i.LL_RCC_GetUSARTClockFreq)
    LL_SetSystemCoreClock                    0x08002631   Thumb Code     6  stm32g4xx_ll_utils.o(i.LL_SetSystemCoreClock)
    LL_TIM_BDTR_Init                         0x0800263d   Thumb Code   144  stm32g4xx_ll_tim.o(i.LL_TIM_BDTR_Init)
    LL_TIM_Init                              0x080026e9   Thumb Code   172  stm32g4xx_ll_tim.o(i.LL_TIM_Init)
    LL_TIM_OC_Init                           0x080028a9   Thumb Code   132  stm32g4xx_ll_tim.o(i.LL_TIM_OC_Init)
    LL_USART_Init                            0x0800295d   Thumb Code   182  stm32g4xx_ll_usart.o(i.LL_USART_Init)
    MX_ADC1_Init                             0x08002a99   Thumb Code   150  adc.o(i.MX_ADC1_Init)
    MX_FDCAN1_Init                           0x08002b3d   Thumb Code    66  fdcan.o(i.MX_FDCAN1_Init)
    MX_FREERTOS_Init                         0x08002b89   Thumb Code    18  app_freertos.o(i.MX_FREERTOS_Init)
    MX_GPIO_Init                             0x08002ba9   Thumb Code   296  gpio.o(i.MX_GPIO_Init)
    MX_I2C3_Init                             0x08002cdd   Thumb Code   464  i2c.o(i.MX_I2C3_Init)
    MX_OPAMP1_Init                           0x08002ec5   Thumb Code    40  opamp.o(i.MX_OPAMP1_Init)
    MX_OPAMP2_Init                           0x08002ef5   Thumb Code    40  opamp.o(i.MX_OPAMP2_Init)
    MX_OPAMP3_Init                           0x08002f25   Thumb Code    40  opamp.o(i.MX_OPAMP3_Init)
    MX_TIM16_Init                            0x08002f55   Thumb Code    58  tim.o(i.MX_TIM16_Init)
    MX_TIM1_Init                             0x08002f95   Thumb Code   506  tim.o(i.MX_TIM1_Init)
    MX_TIM2_Init                             0x0800319d   Thumb Code   118  tim.o(i.MX_TIM2_Init)
    MX_TIM3_Init                             0x08003215   Thumb Code   108  tim.o(i.MX_TIM3_Init)
    MX_TIM8_Init                             0x08003285   Thumb Code    88  tim.o(i.MX_TIM8_Init)
    MX_USART1_UART_Init                      0x080032e1   Thumb Code   528  usart.o(i.MX_USART1_UART_Init)
    MX_USB_PCD_Init                          0x08003501   Thumb Code    42  usb.o(i.MX_USB_PCD_Init)
    MemManage_Handler                        0x08003535   Thumb Code     4  stm32g4xx_it.o(i.MemManage_Handler)
    NMI_Handler                              0x08003539   Thumb Code     4  stm32g4xx_it.o(i.NMI_Handler)
    StartDefaultTask                         0x08003a25   Thumb Code    10  app_freertos.o(i.StartDefaultTask)
    SysTick_Handler                          0x08003a2f   Thumb Code    22  cmsis_os2.o(i.SysTick_Handler)
    SystemClock_Config                       0x08003a45   Thumb Code   322  main.o(i.SystemClock_Config)
    SystemInit                               0x08003b9d   Thumb Code    14  system_stm32g4xx.o(i.SystemInit)
    TIM1_TRG_COM_TIM17_IRQHandler            0x08003bb1   Thumb Code    16  stm32g4xx_it.o(i.TIM1_TRG_COM_TIM17_IRQHandler)
    TIM2_IRQHandler                          0x08003bc5   Thumb Code    22  stm32g4xx_it.o(i.TIM2_IRQHandler)
    TIM3_IRQHandler                          0x08003bdd   Thumb Code    20  stm32g4xx_it.o(i.TIM3_IRQHandler)
    TIM_Base_SetConfig                       0x08003bf5   Thumb Code   174  stm32g4xx_hal_tim.o(i.TIM_Base_SetConfig)
    USART1_IRQHandler                        0x08003cc1   Thumb Code     2  stm32g4xx_it.o(i.USART1_IRQHandler)
    USB_DevInit                              0x08003cc3   Thumb Code    20  stm32g4xx_ll_usb.o(i.USB_DevInit)
    USB_DisableGlobalInt                     0x08003cd7   Thumb Code    20  stm32g4xx_ll_usb.o(i.USB_DisableGlobalInt)
    UsageFault_Handler                       0x08003ceb   Thumb Code     4  stm32g4xx_it.o(i.UsageFault_Handler)
    __ARM_fpclassify                         0x08003cef   Thumb Code    48  fpclassify.o(i.__ARM_fpclassify)
    __hardfp_fabs                            0x08003db7   Thumb Code    20  fabs.o(i.__hardfp_fabs)
    __hardfp_floor                           0x08003dd1   Thumb Code   252  floor.o(i.__hardfp_floor)
    __hardfp_fmod                            0x08003ee9   Thumb Code   254  fmod.o(i.__hardfp_fmod)
    __hardfp_sin                             0x08003ff1   Thumb Code   180  sin.o(i.__hardfp_sin)
    __ieee754_rem_pio2                       0x080040b9   Thumb Code   938  rred.o(i.__ieee754_rem_pio2)
    __kernel_cos                             0x080044f1   Thumb Code   322  cos_i.o(i.__kernel_cos)
    __kernel_poly                            0x08004661   Thumb Code   248  poly.o(i.__kernel_poly)
    __kernel_sin                             0x08004759   Thumb Code   280  sin_i.o(i.__kernel_sin)
    __mathlib_dbl_infnan                     0x08004889   Thumb Code    20  dunder.o(i.__mathlib_dbl_infnan)
    __mathlib_dbl_invalid                    0x080048a1   Thumb Code    24  dunder.o(i.__mathlib_dbl_invalid)
    __mathlib_dbl_underflow                  0x080048c1   Thumb Code    24  dunder.o(i.__mathlib_dbl_underflow)
    adc2_isr                                 0x080048e1   Thumb Code   116  stspin32g4.o(i.adc2_isr)
    fabs                                     0x08004975   Thumb Code    24  fabs.o(i.fabs)
    gd_clear_fault                           0x0800498d   Thumb Code    26  stspin32g4_gate_driver.o(i.gd_clear_fault)
    gd_init                                  0x080049b1   Thumb Code    60  stspin32g4_gate_driver.o(i.gd_init)
    gd_lock                                  0x080049ed   Thumb Code    26  stspin32g4_gate_driver.o(i.gd_lock)
    gd_reset                                 0x08004a11   Thumb Code    26  stspin32g4_gate_driver.o(i.gd_reset)
    gd_unlock                                0x08004a35   Thumb Code    26  stspin32g4_gate_driver.o(i.gd_unlock)
    gd_wakeup                                0x08004a59   Thumb Code    26  stspin32g4_gate_driver.o(i.gd_wakeup)
    get_status                               0x08004a79   Thumb Code    10  stspin32g4_gate_driver.o(i.get_status)
    heartbeat_handler                        0x08004a85   Thumb Code    74  heartbeat.o(i.heartbeat_handler)
    i2c_read_blocking                        0x08004add   Thumb Code    62  stspin32g4_gate_driver.o(i.i2c_read_blocking)
    i2c_send_blocking                        0x08004b25   Thumb Code    66  stspin32g4_gate_driver.o(i.i2c_send_blocking)
    main                                     0x08004b71   Thumb Code   120  main.o(i.main)
    ml_handler                               0x08004bed   Thumb Code    76  stspin32g4.o(i.ml_handler)
    open_loop_velocity                       0x08004ca5   Thumb Code   132  motion.o(i.open_loop_velocity)
    osDelay                                  0x08004d35   Thumb Code    30  cmsis_os2.o(i.osDelay)
    osKernelInitialize                       0x08004d55   Thumb Code    38  cmsis_os2.o(i.osKernelInitialize)
    osKernelStart                            0x08004d81   Thumb Code    82  cmsis_os2.o(i.osKernelStart)
    osThreadNew                              0x08004de1   Thumb Code   184  cmsis_os2.o(i.osThreadNew)
    pvPortMalloc                             0x080058bd   Thumb Code   306  heap_4.o(i.pvPortMalloc)
    pxPortInitialiseStack                    0x08005a09   Thumb Code    38  port.o(i.pxPortInitialiseStack)
    space_vector_pwm                         0x08005a35   Thumb Code   596  algorithm.o(i.space_vector_pwm)
    spg4_adc_start                           0x08005ca5   Thumb Code    10  stspin32g4.o(i.spg4_adc_start)
    spg4_set_pwm                             0x08005cb5   Thumb Code    64  stspin32g4.o(i.spg4_set_pwm)
    uxListRemove                             0x08005cfd   Thumb Code    40  list.o(i.uxListRemove)
    vApplicationGetIdleTaskMemory            0x08005d25   Thumb Code    14  cmsis_os2.o(i.vApplicationGetIdleTaskMemory)
    vApplicationGetTimerTaskMemory           0x08005d3d   Thumb Code    16  cmsis_os2.o(i.vApplicationGetTimerTaskMemory)
    vListInitialise                          0x08005d55   Thumb Code    26  list.o(i.vListInitialise)
    vListInitialiseItem                      0x08005d6f   Thumb Code     6  list.o(i.vListInitialiseItem)
    vListInsert                              0x08005d75   Thumb Code    52  list.o(i.vListInsert)
    vListInsertEnd                           0x08005da9   Thumb Code    24  list.o(i.vListInsertEnd)
    vPortEnterCritical                       0x08005dc1   Thumb Code    76  port.o(i.vPortEnterCritical)
    vPortExitCritical                        0x08005e15   Thumb Code    56  port.o(i.vPortExitCritical)
    vPortFree                                0x08005e51   Thumb Code   150  heap_4.o(i.vPortFree)
    vPortSetupTimerInterrupt                 0x08005ef5   Thumb Code    36  port.o(i.vPortSetupTimerInterrupt)
    vPortValidateInterruptPriority           0x08005f1d   Thumb Code   106  port.o(i.vPortValidateInterruptPriority)
    vQueueAddToRegistry                      0x08005f95   Thumb Code    38  queue.o(i.vQueueAddToRegistry)
    vQueueWaitForMessageRestricted           0x08005fc1   Thumb Code    74  queue.o(i.vQueueWaitForMessageRestricted)
    vTaskDelay                               0x0800600d   Thumb Code    82  tasks.o(i.vTaskDelay)
    vTaskInternalSetTimeOutState             0x08006069   Thumb Code    14  tasks.o(i.vTaskInternalSetTimeOutState)
    vTaskMissedYield                         0x08006081   Thumb Code     8  tasks.o(i.vTaskMissedYield)
    vTaskPlaceOnEventList                    0x0800608d   Thumb Code    52  tasks.o(i.vTaskPlaceOnEventList)
    vTaskPlaceOnEventListRestricted          0x080060c5   Thumb Code    60  tasks.o(i.vTaskPlaceOnEventListRestricted)
    vTaskStartScheduler                      0x08006105   Thumb Code   156  tasks.o(i.vTaskStartScheduler)
    vTaskSuspendAll                          0x080061bd   Thumb Code    12  tasks.o(i.vTaskSuspendAll)
    vTaskSwitchContext                       0x080061cd   Thumb Code   122  tasks.o(i.vTaskSwitchContext)
    xPortStartScheduler                      0x0800625d   Thumb Code   330  port.o(i.xPortStartScheduler)
    xPortSysTickHandler                      0x080063c5   Thumb Code    46  port.o(i.xPortSysTickHandler)
    xQueueGenericCreateStatic                0x080063f9   Thumb Code   224  queue.o(i.xQueueGenericCreateStatic)
    xQueueGenericReset                       0x080064d9   Thumb Code   146  queue.o(i.xQueueGenericReset)
    xQueueGenericSend                        0x08006571   Thumb Code   420  queue.o(i.xQueueGenericSend)
    xQueueGenericSendFromISR                 0x08006719   Thumb Code   252  queue.o(i.xQueueGenericSendFromISR)
    xQueueReceive                            0x08006815   Thumb Code   356  queue.o(i.xQueueReceive)
    xTaskCheckForTimeOut                     0x0800697d   Thumb Code   132  tasks.o(i.xTaskCheckForTimeOut)
    xTaskCreate                              0x08006a09   Thumb Code   100  tasks.o(i.xTaskCreate)
    xTaskCreateStatic                        0x08006a6d   Thumb Code   186  tasks.o(i.xTaskCreateStatic)
    xTaskGetSchedulerState                   0x08006b29   Thumb Code    24  tasks.o(i.xTaskGetSchedulerState)
    xTaskGetTickCount                        0x08006b49   Thumb Code     6  tasks.o(i.xTaskGetTickCount)
    xTaskIncrementTick                       0x08006b55   Thumb Code   280  tasks.o(i.xTaskIncrementTick)
    xTaskPriorityDisinherit                  0x08006c99   Thumb Code   152  tasks.o(i.xTaskPriorityDisinherit)
    xTaskRemoveFromEventList                 0x08006d3d   Thumb Code   126  tasks.o(i.xTaskRemoveFromEventList)
    xTaskResumeAll                           0x08006dd5   Thumb Code   222  tasks.o(i.xTaskResumeAll)
    xTimerCreateTimerTask                    0x08006ed9   Thumb Code   100  timers.o(i.xTimerCreateTimerTask)
    xTimerGenericCommand                     0x08006f51   Thumb Code   128  timers.o(i.xTimerGenericCommand)
    __aeabi_dneg                             0x08006fd5   Thumb Code     0  basic.o(x$fpl$basic)
    _dneg                                    0x08006fd5   Thumb Code     6  basic.o(x$fpl$basic)
    __aeabi_fneg                             0x08006fdb   Thumb Code     0  basic.o(x$fpl$basic)
    _fneg                                    0x08006fdb   Thumb Code     6  basic.o(x$fpl$basic)
    _dabs                                    0x08006fe1   Thumb Code     6  basic.o(x$fpl$basic)
    _fabs                                    0x08006fe7   Thumb Code     6  basic.o(x$fpl$basic)
    __aeabi_d2f                              0x08006fed   Thumb Code     0  d2f.o(x$fpl$d2f)
    _d2f                                     0x08006fed   Thumb Code    98  d2f.o(x$fpl$d2f)
    __aeabi_dadd                             0x08007051   Thumb Code     0  daddsub_clz.o(x$fpl$dadd)
    _dadd                                    0x08007051   Thumb Code   332  daddsub_clz.o(x$fpl$dadd)
    __fpl_dcmp_Inf                           0x080071a1   Thumb Code    24  dcmpi.o(x$fpl$dcmpinf)
    __aeabi_ddiv                             0x080071b9   Thumb Code     0  ddiv.o(x$fpl$ddiv)
    _ddiv                                    0x080071b9   Thumb Code   552  ddiv.o(x$fpl$ddiv)
    __aeabi_d2iz                             0x08007469   Thumb Code     0  dfix.o(x$fpl$dfix)
    _dfix                                    0x08007469   Thumb Code    94  dfix.o(x$fpl$dfix)
    __aeabi_i2d                              0x080074c7   Thumb Code     0  dflt_clz.o(x$fpl$dflt)
    _dflt                                    0x080074c7   Thumb Code    46  dflt_clz.o(x$fpl$dflt)
    __aeabi_ui2d                             0x080074f5   Thumb Code     0  dflt_clz.o(x$fpl$dfltu)
    _dfltu                                   0x080074f5   Thumb Code    38  dflt_clz.o(x$fpl$dfltu)
    __aeabi_cdcmple                          0x0800751d   Thumb Code     0  dleqf.o(x$fpl$dleqf)
    _dcmple                                  0x0800751d   Thumb Code   120  dleqf.o(x$fpl$dleqf)
    __fpl_dcmple_InfNaN                      0x0800757f   Thumb Code     0  dleqf.o(x$fpl$dleqf)
    __aeabi_dmul                             0x08007595   Thumb Code     0  dmul.o(x$fpl$dmul)
    _dmul                                    0x08007595   Thumb Code   332  dmul.o(x$fpl$dmul)
    __fpl_dnaninf                            0x080076e9   Thumb Code   156  dnaninf.o(x$fpl$dnaninf)
    _drem                                    0x08007785   Thumb Code   328  drem_clz.o(x$fpl$drem)
    __fpl_dretinf                            0x080078d5   Thumb Code    12  dretinf.o(x$fpl$dretinf)
    __aeabi_cdrcmple                         0x080078e1   Thumb Code     0  drleqf.o(x$fpl$drleqf)
    _drcmple                                 0x080078e1   Thumb Code   108  drleqf.o(x$fpl$drleqf)
    __aeabi_drsub                            0x0800794d   Thumb Code     0  daddsub_clz.o(x$fpl$drsb)
    _drsb                                    0x0800794d   Thumb Code    22  daddsub_clz.o(x$fpl$drsb)
    __aeabi_dsub                             0x08007965   Thumb Code     0  daddsub_clz.o(x$fpl$dsub)
    _dsub                                    0x08007965   Thumb Code   464  daddsub_clz.o(x$fpl$dsub)
    __aeabi_f2d                              0x08007b39   Thumb Code     0  f2d.o(x$fpl$f2d)
    _f2d                                     0x08007b39   Thumb Code    86  f2d.o(x$fpl$f2d)
    __fpl_fnaninf                            0x08007b8f   Thumb Code   140  fnaninf.o(x$fpl$fnaninf)
    _fp_init                                 0x08007c1b   Thumb Code    10  fpinit.o(x$fpl$fpinit)
    __fplib_config_fpu_vfp                   0x08007c23   Thumb Code     0  fpinit.o(x$fpl$fpinit)
    __fplib_config_pureend_doubles           0x08007c23   Thumb Code     0  fpinit.o(x$fpl$fpinit)
    __fpl_fretinf                            0x08007c25   Thumb Code    10  fretinf.o(x$fpl$fretinf)
    __I$use$fp                               0x08007c2e   Number         0  usenofp.o(x$fpl$usenofp)
    defaultTask_attributes                   0x08007c98   Data          36  app_freertos.o(.constdata)
    reg_stby                                 0x08007d8c   Data           1  stspin32g4_gate_driver.o(.constdata)
    reg_unlock                               0x08007d8d   Data           1  stspin32g4_gate_driver.o(.constdata)
    reg_lock                                 0x08007d8e   Data           1  stspin32g4_gate_driver.o(.constdata)
    reg_clear                                0x08007d8f   Data           1  stspin32g4_gate_driver.o(.constdata)
    reg_reset                                0x08007d90   Data           1  stspin32g4_gate_driver.o(.constdata)
    AHBPrescTable                            0x08007dc4   Data          16  system_stm32g4xx.o(.constdata)
    APBPrescTable                            0x08007dd4   Data           8  system_stm32g4xx.o(.constdata)
    Region$$Table$$Base                      0x08007f0c   Number         0  anon$$obj.o(Region$$Table)
    Region$$Table$$Limit                     0x08007f2c   Number         0  anon$$obj.o(Region$$Table)
    defaultTaskHandle                        0x20000000   Data           4  app_freertos.o(.data)
    angle_prev                               0x20000008   Data           4  motion.o(.data)
    d_time                                   0x2000000c   Data           4  motion.o(.data)
    a                                        0x20000010   Data           4  stspin32g4.o(.data)
    vbus_adc                                 0x20000014   Data           4  stspin32g4.o(.data)
    uwTick                                   0x20000018   Data           4  stm32g4xx_hal.o(.data)
    uwTickPrio                               0x2000001c   Data           4  stm32g4xx_hal.o(.data)
    uwTickFreq                               0x20000020   Data           4  stm32g4xx_hal.o(.data)
    SystemCoreClock                          0x20000024   Data           4  system_stm32g4xx.o(.data)
    pxCurrentTCB                             0x20000028   Data           4  tasks.o(.data)
    hadc1                                    0x200000a8   Data         108  adc.o(.bss)
    hfdcan1                                  0x20000114   Data         100  fdcan.o(.bss)
    hopamp1                                  0x20000178   Data          60  opamp.o(.bss)
    hopamp2                                  0x200001b4   Data          60  opamp.o(.bss)
    hopamp3                                  0x200001f0   Data          60  opamp.o(.bss)
    hpcd_USB_FS                              0x2000022c   Data         732  usb.o(.bss)
    htim17                                   0x20000508   Data          76  stm32g4xx_hal_timebase_tim.o(.bss)
    xQueueRegistry                           0x20000554   Data          64  queue.o(.bss)
    __libspace_start                         0x20001e28   Data          96  libspace.o(.bss)
    __temporary_stack_top$libspace           0x20001e88   Data           0  libspace.o(.bss)



==============================================================================

Memory Map of the image

  Image Entry point : 0x080001d9

  Load Region LR_IROM1 (Base: 0x08000000, Size: 0x00007fd4, Max: 0x00020000, ABSOLUTE)

    Execution Region ER_IROM1 (Exec base: 0x08000000, Load base: 0x08000000, Size: 0x00007f2c, Max: 0x00020000, ABSOLUTE)

    Exec Addr    Load Addr    Size         Type   Attr      Idx    E Section Name        Object

    0x08000000   0x08000000   0x000001d8   Data   RO            3    RESET               startup_stm32g431xx.o
    0x080001d8   0x080001d8   0x00000008   Code   RO         8201  * !!!main             c_w.l(__main.o)
    0x080001e0   0x080001e0   0x00000034   Code   RO         8496    !!!scatter          c_w.l(__scatter.o)
    0x08000214   0x08000214   0x0000001a   Code   RO         8498    !!handler_copy      c_w.l(__scatter_copy.o)
    0x0800022e   0x0800022e   0x00000002   PAD
    0x08000230   0x08000230   0x0000001c   Code   RO         8500    !!handler_zi        c_w.l(__scatter_zi.o)
    0x0800024c   0x0800024c   0x00000002   Code   RO         8365    .ARM.Collect$$libinit$$00000000  c_w.l(libinit.o)
    0x0800024e   0x0800024e   0x00000004   Code   RO         8370    .ARM.Collect$$libinit$$00000001  c_w.l(libinit2.o)
    0x08000252   0x08000252   0x00000000   Code   RO         8373    .ARM.Collect$$libinit$$00000004  c_w.l(libinit2.o)
    0x08000252   0x08000252   0x00000000   Code   RO         8376    .ARM.Collect$$libinit$$0000000A  c_w.l(libinit2.o)
    0x08000252   0x08000252   0x00000000   Code   RO         8378    .ARM.Collect$$libinit$$0000000C  c_w.l(libinit2.o)
    0x08000252   0x08000252   0x00000000   Code   RO         8380    .ARM.Collect$$libinit$$0000000E  c_w.l(libinit2.o)
    0x08000252   0x08000252   0x00000000   Code   RO         8383    .ARM.Collect$$libinit$$00000011  c_w.l(libinit2.o)
    0x08000252   0x08000252   0x00000000   Code   RO         8385    .ARM.Collect$$libinit$$00000013  c_w.l(libinit2.o)
    0x08000252   0x08000252   0x00000000   Code   RO         8387    .ARM.Collect$$libinit$$00000015  c_w.l(libinit2.o)
    0x08000252   0x08000252   0x00000000   Code   RO         8389    .ARM.Collect$$libinit$$00000017  c_w.l(libinit2.o)
    0x08000252   0x08000252   0x00000000   Code   RO         8391    .ARM.Collect$$libinit$$00000019  c_w.l(libinit2.o)
    0x08000252   0x08000252   0x00000000   Code   RO         8393    .ARM.Collect$$libinit$$0000001B  c_w.l(libinit2.o)
    0x08000252   0x08000252   0x00000000   Code   RO         8395    .ARM.Collect$$libinit$$0000001D  c_w.l(libinit2.o)
    0x08000252   0x08000252   0x00000000   Code   RO         8397    .ARM.Collect$$libinit$$0000001F  c_w.l(libinit2.o)
    0x08000252   0x08000252   0x00000000   Code   RO         8399    .ARM.Collect$$libinit$$00000021  c_w.l(libinit2.o)
    0x08000252   0x08000252   0x00000000   Code   RO         8401    .ARM.Collect$$libinit$$00000023  c_w.l(libinit2.o)
    0x08000252   0x08000252   0x00000000   Code   RO         8403    .ARM.Collect$$libinit$$00000025  c_w.l(libinit2.o)
    0x08000252   0x08000252   0x00000000   Code   RO         8407    .ARM.Collect$$libinit$$0000002C  c_w.l(libinit2.o)
    0x08000252   0x08000252   0x00000000   Code   RO         8409    .ARM.Collect$$libinit$$0000002E  c_w.l(libinit2.o)
    0x08000252   0x08000252   0x00000000   Code   RO         8411    .ARM.Collect$$libinit$$00000030  c_w.l(libinit2.o)
    0x08000252   0x08000252   0x00000000   Code   RO         8413    .ARM.Collect$$libinit$$00000032  c_w.l(libinit2.o)
    0x08000252   0x08000252   0x00000002   Code   RO         8414    .ARM.Collect$$libinit$$00000033  c_w.l(libinit2.o)
    0x08000254   0x08000254   0x00000002   Code   RO         8434    .ARM.Collect$$libshutdown$$00000000  c_w.l(libshutdown.o)
    0x08000256   0x08000256   0x00000000   Code   RO         8447    .ARM.Collect$$libshutdown$$00000002  c_w.l(libshutdown2.o)
    0x08000256   0x08000256   0x00000000   Code   RO         8449    .ARM.Collect$$libshutdown$$00000004  c_w.l(libshutdown2.o)
    0x08000256   0x08000256   0x00000000   Code   RO         8451    .ARM.Collect$$libshutdown$$00000006  c_w.l(libshutdown2.o)
    0x08000256   0x08000256   0x00000000   Code   RO         8454    .ARM.Collect$$libshutdown$$00000009  c_w.l(libshutdown2.o)
    0x08000256   0x08000256   0x00000000   Code   RO         8457    .ARM.Collect$$libshutdown$$0000000C  c_w.l(libshutdown2.o)
    0x08000256   0x08000256   0x00000000   Code   RO         8459    .ARM.Collect$$libshutdown$$0000000E  c_w.l(libshutdown2.o)
    0x08000256   0x08000256   0x00000000   Code   RO         8462    .ARM.Collect$$libshutdown$$00000011  c_w.l(libshutdown2.o)
    0x08000256   0x08000256   0x00000002   Code   RO         8463    .ARM.Collect$$libshutdown$$00000012  c_w.l(libshutdown2.o)
    0x08000258   0x08000258   0x00000000   Code   RO         8277    .ARM.Collect$$rtentry$$00000000  c_w.l(__rtentry.o)
    0x08000258   0x08000258   0x00000000   Code   RO         8328    .ARM.Collect$$rtentry$$00000002  c_w.l(__rtentry2.o)
    0x08000258   0x08000258   0x00000006   Code   RO         8340    .ARM.Collect$$rtentry$$00000004  c_w.l(__rtentry4.o)
    0x0800025e   0x0800025e   0x00000000   Code   RO         8330    .ARM.Collect$$rtentry$$00000009  c_w.l(__rtentry2.o)
    0x0800025e   0x0800025e   0x00000004   Code   RO         8331    .ARM.Collect$$rtentry$$0000000A  c_w.l(__rtentry2.o)
    0x08000262   0x08000262   0x00000000   Code   RO         8333    .ARM.Collect$$rtentry$$0000000C  c_w.l(__rtentry2.o)
    0x08000262   0x08000262   0x00000008   Code   RO         8334    .ARM.Collect$$rtentry$$0000000D  c_w.l(__rtentry2.o)
    0x0800026a   0x0800026a   0x00000002   Code   RO         8368    .ARM.Collect$$rtexit$$00000000  c_w.l(rtexit.o)
    0x0800026c   0x0800026c   0x00000000   Code   RO         8416    .ARM.Collect$$rtexit$$00000002  c_w.l(rtexit2.o)
    0x0800026c   0x0800026c   0x00000004   Code   RO         8417    .ARM.Collect$$rtexit$$00000003  c_w.l(rtexit2.o)
    0x08000270   0x08000270   0x00000006   Code   RO         8418    .ARM.Collect$$rtexit$$00000004  c_w.l(rtexit2.o)
    0x08000276   0x08000276   0x00000002   PAD
    0x08000278   0x08000278   0x000000be   Code   RO         8112    .emb_text           port.o
    0x08000336   0x08000336   0x00000002   PAD
    0x08000338   0x08000338   0x00000040   Code   RO            4    .text               startup_stm32g431xx.o
    0x08000378   0x08000378   0x0000008a   Code   RO         8191    .text               c_w.l(rt_memcpy_v6.o)
    0x08000402   0x08000402   0x00000010   Code   RO         8195    .text               c_w.l(aeabi_memset.o)
    0x08000412   0x08000412   0x0000004e   Code   RO         8197    .text               c_w.l(rt_memclr_w.o)
    0x08000460   0x08000460   0x00000006   Code   RO         8199    .text               c_w.l(heapauxi.o)
    0x08000466   0x08000466   0x00000016   Code   RO         8278    .text               c_w.l(_rserrno.o)
    0x0800047c   0x0800047c   0x00000064   Code   RO         8280    .text               c_w.l(rt_memcpy_w.o)
    0x080004e0   0x080004e0   0x00000044   Code   RO         8282    .text               c_w.l(rt_memclr.o)
    0x08000524   0x08000524   0x00000008   Code   RO         8345    .text               c_w.l(rt_errno_addr_intlibspace.o)
    0x0800052c   0x0800052c   0x00000008   Code   RO         8353    .text               c_w.l(libspace.o)
    0x08000534   0x08000534   0x0000004a   Code   RO         8356    .text               c_w.l(sys_stackheap_outer.o)
    0x0800057e   0x0800057e   0x00000012   Code   RO         8358    .text               c_w.l(exit.o)
    0x08000590   0x08000590   0x0000000c   Code   RO         8426    .text               c_w.l(sys_exit.o)
    0x0800059c   0x0800059c   0x00000002   Code   RO         8437    .text               c_w.l(use_no_semi.o)
    0x0800059e   0x0800059e   0x00000000   Code   RO         8439    .text               c_w.l(indicate_semi.o)
    0x0800059e   0x0800059e   0x00000002   PAD
    0x080005a0   0x080005a0   0x00000014   Code   RO          794    i.ADC1_2_IRQHandler  stm32g4xx_it.o
    0x080005b4   0x080005b4   0x00000004   Code   RO          795    i.BusFault_Handler  stm32g4xx_it.o
    0x080005b8   0x080005b8   0x00000002   Code   RO          796    i.DebugMon_Handler  stm32g4xx_it.o
    0x080005ba   0x080005ba   0x00000006   Code   RO           13    i.Error_Handler     main.o
    0x080005c0   0x080005c0   0x0000006c   Code   RO         4864    i.FDCAN_CalcultateRamBlockAddresses  stm32g4xx_hal_fdcan.o
    0x0800062c   0x0800062c   0x00000002   Code   RO         2971    i.HAL_ADCEx_EndOfSamplingCallback  stm32g4xx_hal_adc_ex.o
    0x0800062e   0x0800062e   0x00000002   Code   RO         2974    i.HAL_ADCEx_InjectedConvCpltCallback  stm32g4xx_hal_adc_ex.o
    0x08000630   0x08000630   0x00000002   Code   RO         2977    i.HAL_ADCEx_InjectedQueueOverflowCallback  stm32g4xx_hal_adc_ex.o
    0x08000632   0x08000632   0x00000002   Code   RO         2982    i.HAL_ADCEx_LevelOutOfWindow2Callback  stm32g4xx_hal_adc_ex.o
    0x08000634   0x08000634   0x00000002   Code   RO         2983    i.HAL_ADCEx_LevelOutOfWindow3Callback  stm32g4xx_hal_adc_ex.o
    0x08000636   0x08000636   0x00000002   PAD
    0x08000638   0x08000638   0x0000010c   Code   RO         2984    i.HAL_ADCEx_MultiModeConfigChannel  stm32g4xx_hal_adc_ex.o
    0x08000744   0x08000744   0x00000508   Code   RO         2696    i.HAL_ADC_ConfigChannel  stm32g4xx_hal_adc.o
    0x08000c4c   0x08000c4c   0x00000002   Code   RO         2697    i.HAL_ADC_ConvCpltCallback  stm32g4xx_hal_adc.o
    0x08000c4e   0x08000c4e   0x00000002   Code   RO         2700    i.HAL_ADC_ErrorCallback  stm32g4xx_hal_adc.o
    0x08000c50   0x08000c50   0x00000330   Code   RO         2704    i.HAL_ADC_IRQHandler  stm32g4xx_hal_adc.o
    0x08000f80   0x08000f80   0x0000025c   Code   RO         2705    i.HAL_ADC_Init      stm32g4xx_hal_adc.o
    0x080011dc   0x080011dc   0x00000002   Code   RO         2706    i.HAL_ADC_LevelOutOfWindowCallback  stm32g4xx_hal_adc.o
    0x080011de   0x080011de   0x00000002   PAD
    0x080011e0   0x080011e0   0x000000d0   Code   RO          403    i.HAL_ADC_MspInit   adc.o
    0x080012b0   0x080012b0   0x00000028   Code   RO         3301    i.HAL_Delay         stm32g4xx_hal.o
    0x080012d8   0x080012d8   0x00000218   Code   RO         4909    i.HAL_FDCAN_Init    stm32g4xx_hal_fdcan.o
    0x080014f0   0x080014f0   0x00000094   Code   RO          449    i.HAL_FDCAN_MspInit  fdcan.o
    0x08001584   0x08001584   0x000001cc   Code   RO         4070    i.HAL_GPIO_Init     stm32g4xx_hal_gpio.o
    0x08001750   0x08001750   0x0000000c   Code   RO         3305    i.HAL_GetTick       stm32g4xx_hal.o
    0x0800175c   0x0800175c   0x00000018   Code   RO         3311    i.HAL_IncTick       stm32g4xx_hal.o
    0x08001774   0x08001774   0x0000001e   Code   RO         3312    i.HAL_Init          stm32g4xx_hal.o
    0x08001792   0x08001792   0x00000002   PAD
    0x08001794   0x08001794   0x0000009c   Code   RO          919    i.HAL_InitTick      stm32g4xx_hal_timebase_tim.o
    0x08001830   0x08001830   0x00000058   Code   RO          893    i.HAL_MspInit       stm32g4xx_hal_msp.o
    0x08001888   0x08001888   0x00000028   Code   RO         4719    i.HAL_NVIC_EnableIRQ  stm32g4xx_hal_cortex.o
    0x080018b0   0x080018b0   0x0000007a   Code   RO         4725    i.HAL_NVIC_SetPriority  stm32g4xx_hal_cortex.o
    0x0800192a   0x0800192a   0x00000002   PAD
    0x0800192c   0x0800192c   0x00000028   Code   RO         4726    i.HAL_NVIC_SetPriorityGrouping  stm32g4xx_hal_cortex.o
    0x08001954   0x08001954   0x00000154   Code   RO         5368    i.HAL_OPAMP_Init    stm32g4xx_hal_opamp.o
    0x08001aa8   0x08001aa8   0x000000d4   Code   RO          534    i.HAL_OPAMP_MspInit  opamp.o
    0x08001b7c   0x08001b7c   0x00000028   Code   RO         6131    i.HAL_PCDEx_ActivateLPM  stm32g4xx_hal_pcd_ex.o
    0x08001ba4   0x08001ba4   0x0000010a   Code   RO         5923    i.HAL_PCD_Init      stm32g4xx_hal_pcd.o
    0x08001cae   0x08001cae   0x00000002   PAD
    0x08001cb0   0x08001cb0   0x00000048   Code   RO          749    i.HAL_PCD_MspInit   usb.o
    0x08001cf8   0x08001cf8   0x00000014   Code   RO         4485    i.HAL_PWREx_DisableUCPDDeadBattery  stm32g4xx_hal_pwr_ex.o
    0x08001d0c   0x08001d0c   0x00000044   Code   RO         3552    i.HAL_RCC_GetClockConfig  stm32g4xx_hal_rcc.o
    0x08001d50   0x08001d50   0x0000000c   Code   RO         3553    i.HAL_RCC_GetHCLKFreq  stm32g4xx_hal_rcc.o
    0x08001d5c   0x08001d5c   0x00000024   Code   RO         3556    i.HAL_RCC_GetPCLK2Freq  stm32g4xx_hal_rcc.o
    0x08001d80   0x08001d80   0x00000014   Code   RO         3322    i.HAL_SYSCFG_DisableVREFBUF  stm32g4xx_hal.o
    0x08001d94   0x08001d94   0x00000014   Code   RO         3327    i.HAL_SYSCFG_VREFBUF_HighImpedanceConfig  stm32g4xx_hal.o
    0x08001da8   0x08001da8   0x00000002   Code   RO         2208    i.HAL_TIMEx_Break2Callback  stm32g4xx_hal_tim_ex.o
    0x08001daa   0x08001daa   0x00000002   Code   RO         2209    i.HAL_TIMEx_BreakCallback  stm32g4xx_hal_tim_ex.o
    0x08001dac   0x08001dac   0x00000002   Code   RO         2210    i.HAL_TIMEx_CommutCallback  stm32g4xx_hal_tim_ex.o
    0x08001dae   0x08001dae   0x00000002   Code   RO         2221    i.HAL_TIMEx_DirectionChangeCallback  stm32g4xx_hal_tim_ex.o
    0x08001db0   0x08001db0   0x00000002   Code   RO         2235    i.HAL_TIMEx_EncoderIndexCallback  stm32g4xx_hal_tim_ex.o
    0x08001db2   0x08001db2   0x00000002   Code   RO         2249    i.HAL_TIMEx_IndexErrorCallback  stm32g4xx_hal_tim_ex.o
    0x08001db4   0x08001db4   0x00000002   Code   RO         2271    i.HAL_TIMEx_TransitionErrorCallback  stm32g4xx_hal_tim_ex.o
    0x08001db6   0x08001db6   0x0000006e   Code   RO         1483    i.HAL_TIM_Base_Init  stm32g4xx_hal_tim.o
    0x08001e24   0x08001e24   0x00000002   Code   RO         1485    i.HAL_TIM_Base_MspInit  stm32g4xx_hal_tim.o
    0x08001e26   0x08001e26   0x00000002   PAD
    0x08001e28   0x08001e28   0x0000009c   Code   RO         1488    i.HAL_TIM_Base_Start_IT  stm32g4xx_hal_tim.o
    0x08001ec4   0x08001ec4   0x00000002   Code   RO         1517    i.HAL_TIM_IC_CaptureCallback  stm32g4xx_hal_tim.o
    0x08001ec6   0x08001ec6   0x00000220   Code   RO         1531    i.HAL_TIM_IRQHandler  stm32g4xx_hal_tim.o
    0x080020e6   0x080020e6   0x00000002   Code   RO         1534    i.HAL_TIM_OC_DelayElapsedCallback  stm32g4xx_hal_tim.o
    0x080020e8   0x080020e8   0x00000002   Code   RO         1561    i.HAL_TIM_PWM_PulseFinishedCallback  stm32g4xx_hal_tim.o
    0x080020ea   0x080020ea   0x00000002   PAD
    0x080020ec   0x080020ec   0x00000018   Code   RO           14    i.HAL_TIM_PeriodElapsedCallback  main.o
    0x08002104   0x08002104   0x00000002   Code   RO         1574    i.HAL_TIM_TriggerCallback  stm32g4xx_hal_tim.o
    0x08002106   0x08002106   0x00000004   Code   RO          797    i.HardFault_Handler  stm32g4xx_it.o
    0x0800210a   0x0800210a   0x00000002   Code   RO          798    i.I2C3_EV_IRQHandler  stm32g4xx_it.o
    0x0800210c   0x0800210c   0x0000000a   Code   RO         2720    i.LL_ADC_GetMultimode  stm32g4xx_hal_adc.o
    0x08002116   0x08002116   0x00000012   Code   RO         2721    i.LL_ADC_GetOffsetChannel  stm32g4xx_hal_adc.o
    0x08002128   0x08002128   0x0000000a   Code   RO         2722    i.LL_ADC_INJ_IsConversionOngoing  stm32g4xx_hal_adc.o
    0x08002132   0x08002132   0x0000000a   Code   RO         2724    i.LL_ADC_IsEnabled  stm32g4xx_hal_adc.o
    0x0800213c   0x0800213c   0x0000000a   Code   RO         2996    i.LL_ADC_IsEnabled  stm32g4xx_hal_adc_ex.o
    0x08002146   0x08002146   0x0000000a   Code   RO         2725    i.LL_ADC_IsInternalRegulatorEnabled  stm32g4xx_hal_adc.o
    0x08002150   0x08002150   0x0000000a   Code   RO         2726    i.LL_ADC_REG_IsConversionOngoing  stm32g4xx_hal_adc.o
    0x0800215a   0x0800215a   0x0000000a   Code   RO         2997    i.LL_ADC_REG_IsConversionOngoing  stm32g4xx_hal_adc_ex.o
    0x08002164   0x08002164   0x00000012   Code   RO         2727    i.LL_ADC_REG_IsTriggerSourceSWStart  stm32g4xx_hal_adc.o
    0x08002176   0x08002176   0x00000002   PAD
    0x08002178   0x08002178   0x00000010   Code   RO         1095    i.LL_ADC_REG_StartConversion  stspin32g4.o
    0x08002188   0x08002188   0x00000028   Code   RO         2730    i.LL_ADC_SetChannelSamplingTime  stm32g4xx_hal_adc.o
    0x080021b0   0x080021b0   0x0000000c   Code   RO         2731    i.LL_ADC_SetCommonPathInternalCh  stm32g4xx_hal_adc.o
    0x080021bc   0x080021bc   0x00000016   Code   RO         2732    i.LL_ADC_SetOffsetState  stm32g4xx_hal_adc.o
    0x080021d2   0x080021d2   0x0000000c   Code   RO         2733    i.LL_ADC_SetSamplingTimeCommonConfig  stm32g4xx_hal_adc.o
    0x080021de   0x080021de   0x00000002   PAD
    0x080021e0   0x080021e0   0x0000001c   Code   RO          305    i.LL_AHB2_GRP1_EnableClock  gpio.o
    0x080021fc   0x080021fc   0x0000001c   Code   RO          588    i.LL_APB1_GRP1_EnableClock  tim.o
    0x08002218   0x08002218   0x0000001c   Code   RO          589    i.LL_APB2_GRP1_EnableClock  tim.o
    0x08002234   0x08002234   0x0000012e   Code   RO         2640    i.LL_GPIO_Init      stm32g4xx_ll_gpio.o
    0x08002362   0x08002362   0x00000004   Code   RO          306    i.LL_GPIO_ResetOutputPin  gpio.o
    0x08002366   0x08002366   0x0000005a   Code   RO         1186    i.LL_I2C_HandleTransfer  stspin32g4_gate_driver.o
    0x080023c0   0x080023c0   0x00000088   Code   RO         5257    i.LL_I2C_Init       stm32g4xx_ll_i2c.o
    0x08002448   0x08002448   0x00000074   Code   RO         5736    i.LL_RCC_GetUARTClockFreq  stm32g4xx_ll_rcc.o
    0x080024bc   0x080024bc   0x0000011c   Code   RO         5737    i.LL_RCC_GetUSARTClockFreq  stm32g4xx_ll_rcc.o
    0x080025d8   0x080025d8   0x00000014   Code   RO         5738    i.LL_RCC_GetUSARTClockSource  stm32g4xx_ll_rcc.o
    0x080025ec   0x080025ec   0x00000010   Code   RO         5741    i.LL_RCC_HSI_IsReady  stm32g4xx_ll_rcc.o
    0x080025fc   0x080025fc   0x00000010   Code   RO         5742    i.LL_RCC_LSE_IsReady  stm32g4xx_ll_rcc.o
    0x0800260c   0x0800260c   0x00000010   Code   RO         5743    i.LL_RCC_PLL_GetN   stm32g4xx_ll_rcc.o
    0x0800261c   0x0800261c   0x00000014   Code   RO           15    i.LL_RCC_SetAHBPrescaler  main.o
    0x08002630   0x08002630   0x0000000c   Code   RO         1288    i.LL_SetSystemCoreClock  stm32g4xx_ll_utils.o
    0x0800263c   0x0800263c   0x00000098   Code   RO         5481    i.LL_TIM_BDTR_Init  stm32g4xx_ll_tim.o
    0x080026d4   0x080026d4   0x0000000a   Code   RO          590    i.LL_TIM_DisableARRPreload  tim.o
    0x080026de   0x080026de   0x0000000a   Code   RO          591    i.LL_TIM_DisableMasterSlaveMode  tim.o
    0x080026e8   0x080026e8   0x000000c8   Code   RO         5490    i.LL_TIM_Init       stm32g4xx_ll_tim.o
    0x080027b0   0x080027b0   0x0000007c   Code   RO          592    i.LL_TIM_OC_DisableFast  tim.o
    0x0800282c   0x0800282c   0x0000007c   Code   RO          593    i.LL_TIM_OC_EnablePreload  tim.o
    0x080028a8   0x080028a8   0x00000084   Code   RO         5491    i.LL_TIM_OC_Init    stm32g4xx_ll_tim.o
    0x0800292c   0x0800292c   0x00000004   Code   RO         5492    i.LL_TIM_OC_SetCompareCH2  stm32g4xx_ll_tim.o
    0x08002930   0x08002930   0x00000010   Code   RO          594    i.LL_TIM_SetClockSource  tim.o
    0x08002940   0x08002940   0x00000010   Code   RO          595    i.LL_TIM_SetTriggerOutput  tim.o
    0x08002950   0x08002950   0x0000000c   Code   RO          596    i.LL_TIM_SetTriggerOutput2  tim.o
    0x0800295c   0x0800295c   0x000000cc   Code   RO         5657    i.LL_USART_Init     stm32g4xx_ll_usart.o
    0x08002a28   0x08002a28   0x0000000a   Code   RO         5658    i.LL_USART_IsEnabled  stm32g4xx_ll_usart.o
    0x08002a32   0x08002a32   0x00000002   PAD
    0x08002a34   0x08002a34   0x00000060   Code   RO         5659    i.LL_USART_SetBaudRate  stm32g4xx_ll_usart.o
    0x08002a94   0x08002a94   0x00000004   Code   RO           16    i.LL_USART_TransmitData8  main.o
    0x08002a98   0x08002a98   0x000000a4   Code   RO          404    i.MX_ADC1_Init      adc.o
    0x08002b3c   0x08002b3c   0x0000004c   Code   RO          450    i.MX_FDCAN1_Init    fdcan.o
    0x08002b88   0x08002b88   0x00000020   Code   RO          359    i.MX_FREERTOS_Init  app_freertos.o
    0x08002ba8   0x08002ba8   0x00000134   Code   RO          307    i.MX_GPIO_Init      gpio.o
    0x08002cdc   0x08002cdc   0x000001e8   Code   RO          494    i.MX_I2C3_Init      i2c.o
    0x08002ec4   0x08002ec4   0x00000030   Code   RO          535    i.MX_OPAMP1_Init    opamp.o
    0x08002ef4   0x08002ef4   0x00000030   Code   RO          536    i.MX_OPAMP2_Init    opamp.o
    0x08002f24   0x08002f24   0x00000030   Code   RO          537    i.MX_OPAMP3_Init    opamp.o
    0x08002f54   0x08002f54   0x00000040   Code   RO          597    i.MX_TIM16_Init     tim.o
    0x08002f94   0x08002f94   0x00000208   Code   RO          598    i.MX_TIM1_Init      tim.o
    0x0800319c   0x0800319c   0x00000076   Code   RO          599    i.MX_TIM2_Init      tim.o
    0x08003212   0x08003212   0x00000002   PAD
    0x08003214   0x08003214   0x00000070   Code   RO          600    i.MX_TIM3_Init      tim.o
    0x08003284   0x08003284   0x0000005c   Code   RO          601    i.MX_TIM8_Init      tim.o
    0x080032e0   0x080032e0   0x00000220   Code   RO          713    i.MX_USART1_UART_Init  usart.o
    0x08003500   0x08003500   0x00000034   Code   RO          750    i.MX_USB_PCD_Init   usb.o
    0x08003534   0x08003534   0x00000004   Code   RO          799    i.MemManage_Handler  stm32g4xx_it.o
    0x08003538   0x08003538   0x00000004   Code   RO          800    i.NMI_Handler       stm32g4xx_it.o
    0x0800353c   0x0800353c   0x00000040   Code   RO          602    i.NVIC_EncodePriority  tim.o
    0x0800357c   0x0800357c   0x000000a4   Code   RO         5495    i.OC1Config         stm32g4xx_ll_tim.o
    0x08003620   0x08003620   0x000000b0   Code   RO         5496    i.OC2Config         stm32g4xx_ll_tim.o
    0x080036d0   0x080036d0   0x000000a4   Code   RO         5497    i.OC3Config         stm32g4xx_ll_tim.o
    0x08003774   0x08003774   0x000000a4   Code   RO         5498    i.OC4Config         stm32g4xx_ll_tim.o
    0x08003818   0x08003818   0x00000084   Code   RO         5499    i.OC5Config         stm32g4xx_ll_tim.o
    0x0800389c   0x0800389c   0x00000080   Code   RO         5500    i.OC6Config         stm32g4xx_ll_tim.o
    0x0800391c   0x0800391c   0x00000024   Code   RO         5746    i.RCC_GetHCLKClockFreq  stm32g4xx_ll_rcc.o
    0x08003940   0x08003940   0x00000028   Code   RO         5747    i.RCC_GetPCLK1ClockFreq  stm32g4xx_ll_rcc.o
    0x08003968   0x08003968   0x00000028   Code   RO         5748    i.RCC_GetPCLK2ClockFreq  stm32g4xx_ll_rcc.o
    0x08003990   0x08003990   0x00000038   Code   RO         5749    i.RCC_GetSystemClockFreq  stm32g4xx_ll_rcc.o
    0x080039c8   0x080039c8   0x0000005c   Code   RO         5752    i.RCC_PLL_GetFreqDomain_SYS  stm32g4xx_ll_rcc.o
    0x08003a24   0x08003a24   0x0000000a   Code   RO          360    i.StartDefaultTask  app_freertos.o
    0x08003a2e   0x08003a2e   0x00000016   Code   RO         7527    i.SysTick_Handler   cmsis_os2.o
    0x08003a44   0x08003a44   0x00000158   Code   RO           17    i.SystemClock_Config  main.o
    0x08003b9c   0x08003b9c   0x00000014   Code   RO         6347    i.SystemInit        system_stm32g4xx.o
    0x08003bb0   0x08003bb0   0x00000014   Code   RO          801    i.TIM1_TRG_COM_TIM17_IRQHandler  stm32g4xx_it.o
    0x08003bc4   0x08003bc4   0x00000016   Code   RO          802    i.TIM2_IRQHandler   stm32g4xx_it.o
    0x08003bda   0x08003bda   0x00000002   PAD
    0x08003bdc   0x08003bdc   0x00000018   Code   RO          803    i.TIM3_IRQHandler   stm32g4xx_it.o
    0x08003bf4   0x08003bf4   0x000000cc   Code   RO         1576    i.TIM_Base_SetConfig  stm32g4xx_hal_tim.o
    0x08003cc0   0x08003cc0   0x00000002   Code   RO          804    i.USART1_IRQHandler  stm32g4xx_it.o
    0x08003cc2   0x08003cc2   0x00000014   Code   RO         6203    i.USB_DevInit       stm32g4xx_ll_usb.o
    0x08003cd6   0x08003cd6   0x00000014   Code   RO         6204    i.USB_DisableGlobalInt  stm32g4xx_ll_usb.o
    0x08003cea   0x08003cea   0x00000004   Code   RO          805    i.UsageFault_Handler  stm32g4xx_it.o
    0x08003cee   0x08003cee   0x00000030   Code   RO         8349    i.__ARM_fpclassify  m_wm.l(fpclassify.o)
    0x08003d1e   0x08003d1e   0x00000022   Code   RO          603    i.__NVIC_EnableIRQ  tim.o
    0x08003d40   0x08003d40   0x00000010   Code   RO          604    i.__NVIC_GetPriorityGrouping  tim.o
    0x08003d50   0x08003d50   0x00000010   Code   RO         4732    i.__NVIC_GetPriorityGrouping  stm32g4xx_hal_cortex.o
    0x08003d60   0x08003d60   0x00000028   Code   RO          605    i.__NVIC_SetPriority  tim.o
    0x08003d88   0x08003d88   0x00000028   Code   RO         4733    i.__NVIC_SetPriority  stm32g4xx_hal_cortex.o
    0x08003db0   0x08003db0   0x00000006   Code   RO         7529    i.__get_IPSR        cmsis_os2.o
    0x08003db6   0x08003db6   0x00000014   Code   RO         8241    i.__hardfp_fabs     m_wm.l(fabs.o)
    0x08003dca   0x08003dca   0x00000006   PAD
    0x08003dd0   0x08003dd0   0x00000118   Code   RO         8247    i.__hardfp_floor    m_wm.l(floor.o)
    0x08003ee8   0x08003ee8   0x00000104   Code   RO         8253    i.__hardfp_fmod     m_wm.l(fmod.o)
    0x08003fec   0x08003fec   0x00000004   PAD
    0x08003ff0   0x08003ff0   0x000000c8   Code   RO         8265    i.__hardfp_sin      m_wm.l(sin.o)
    0x080040b8   0x080040b8   0x00000438   Code   RO         8316    i.__ieee754_rem_pio2  m_wm.l(rred.o)
    0x080044f0   0x080044f0   0x00000170   Code   RO         8299    i.__kernel_cos      m_wm.l(cos_i.o)
    0x08004660   0x08004660   0x000000f8   Code   RO         8351    i.__kernel_poly     m_wm.l(poly.o)
    0x08004758   0x08004758   0x00000130   Code   RO         8321    i.__kernel_sin      m_wm.l(sin_i.o)
    0x08004888   0x08004888   0x00000014   Code   RO         8303    i.__mathlib_dbl_infnan  m_wm.l(dunder.o)
    0x0800489c   0x0800489c   0x00000004   PAD
    0x080048a0   0x080048a0   0x00000020   Code   RO         8305    i.__mathlib_dbl_invalid  m_wm.l(dunder.o)
    0x080048c0   0x080048c0   0x00000020   Code   RO         8308    i.__mathlib_dbl_underflow  m_wm.l(dunder.o)
    0x080048e0   0x080048e0   0x00000094   Code   RO         1098    i.adc2_isr          stspin32g4.o
    0x08004974   0x08004974   0x00000018   Code   RO         8243    i.fabs              m_wm.l(fabs.o)
    0x0800498c   0x0800498c   0x00000024   Code   RO         1187    i.gd_clear_fault    stspin32g4_gate_driver.o
    0x080049b0   0x080049b0   0x0000003c   Code   RO         1189    i.gd_init           stspin32g4_gate_driver.o
    0x080049ec   0x080049ec   0x00000024   Code   RO         1190    i.gd_lock           stspin32g4_gate_driver.o
    0x08004a10   0x08004a10   0x00000024   Code   RO         1191    i.gd_reset          stspin32g4_gate_driver.o
    0x08004a34   0x08004a34   0x00000024   Code   RO         1192    i.gd_unlock         stspin32g4_gate_driver.o
    0x08004a58   0x08004a58   0x00000020   Code   RO         1193    i.gd_wakeup         stspin32g4_gate_driver.o
    0x08004a78   0x08004a78   0x0000000a   Code   RO         1194    i.get_status        stspin32g4_gate_driver.o
    0x08004a82   0x08004a82   0x00000002   PAD
    0x08004a84   0x08004a84   0x00000058   Code   RO         1026    i.heartbeat_handler  heartbeat.o
    0x08004adc   0x08004adc   0x00000048   Code   RO         1195    i.i2c_read_blocking  stspin32g4_gate_driver.o
    0x08004b24   0x08004b24   0x0000004c   Code   RO         1196    i.i2c_send_blocking  stspin32g4_gate_driver.o
    0x08004b70   0x08004b70   0x0000007c   Code   RO           18    i.main              main.o
    0x08004bec   0x08004bec   0x00000054   Code   RO         1100    i.ml_handler        stspin32g4.o
    0x08004c40   0x08004c40   0x00000064   Code   RO          960    i.normalize_angle   algorithm.o
    0x08004ca4   0x08004ca4   0x00000090   Code   RO         1062    i.open_loop_velocity  motion.o
    0x08004d34   0x08004d34   0x0000001e   Code   RO         7530    i.osDelay           cmsis_os2.o
    0x08004d52   0x08004d52   0x00000002   PAD
    0x08004d54   0x08004d54   0x0000002c   Code   RO         7544    i.osKernelInitialize  cmsis_os2.o
    0x08004d80   0x08004d80   0x00000060   Code   RO         7547    i.osKernelStart     cmsis_os2.o
    0x08004de0   0x08004de0   0x000000b8   Code   RO         7589    i.osThreadNew       cmsis_os2.o
    0x08004e98   0x08004e98   0x0000007c   Code   RO         6964    i.prvAddCurrentTaskToDelayedList  tasks.o
    0x08004f14   0x08004f14   0x000000b8   Code   RO         6965    i.prvAddNewTaskToReadyList  tasks.o
    0x08004fcc   0x08004fcc   0x00000074   Code   RO         7340    i.prvCheckForValidListAndQueue  timers.o
    0x08005040   0x08005040   0x00000048   Code   RO         6966    i.prvCheckTasksWaitingTermination  tasks.o
    0x08005088   0x08005088   0x0000002a   Code   RO         6551    i.prvCopyDataFromQueue  queue.o
    0x080050b2   0x080050b2   0x0000007e   Code   RO         6552    i.prvCopyDataToQueue  queue.o
    0x08005130   0x08005130   0x00000050   Code   RO         6967    i.prvDeleteTCB      tasks.o
    0x08005180   0x08005180   0x00000028   Code   RO         7341    i.prvGetNextExpireTime  timers.o
    0x080051a8   0x080051a8   0x0000007c   Code   RO         8057    i.prvHeapInit       heap_4.o
    0x08005224   0x08005224   0x00000028   Code   RO         6968    i.prvIdleTask       tasks.o
    0x0800524c   0x0800524c   0x0000002a   Code   RO         6555    i.prvInitialiseNewQueue  queue.o
    0x08005276   0x08005276   0x000000be   Code   RO         6969    i.prvInitialiseNewTask  tasks.o
    0x08005334   0x08005334   0x00000068   Code   RO         6970    i.prvInitialiseTaskLists  tasks.o
    0x0800539c   0x0800539c   0x00000068   Code   RO         8058    i.prvInsertBlockIntoFreeList  heap_4.o
    0x08005404   0x08005404   0x00000058   Code   RO         7343    i.prvInsertTimerInActiveList  timers.o
    0x0800545c   0x0800545c   0x0000001a   Code   RO         6556    i.prvIsQueueEmpty   queue.o
    0x08005476   0x08005476   0x0000001e   Code   RO         6557    i.prvIsQueueFull    queue.o
    0x08005494   0x08005494   0x00000074   Code   RO         7344    i.prvProcessExpiredTimer  timers.o
    0x08005508   0x08005508   0x00000164   Code   RO         7345    i.prvProcessReceivedCommands  timers.o
    0x0800566c   0x0800566c   0x00000074   Code   RO         7346    i.prvProcessTimerOrBlockTask  timers.o
    0x080056e0   0x080056e0   0x00000034   Code   RO         6972    i.prvResetNextTaskUnblockTime  tasks.o
    0x08005714   0x08005714   0x0000002c   Code   RO         7347    i.prvSampleTimeNow  timers.o
    0x08005740   0x08005740   0x000000a4   Code   RO         7348    i.prvSwitchTimerLists  timers.o
    0x080057e4   0x080057e4   0x00000040   Code   RO         8113    i.prvTaskExitError  port.o
    0x08005824   0x08005824   0x0000001a   Code   RO         7349    i.prvTimerTask      timers.o
    0x0800583e   0x0800583e   0x0000007e   Code   RO         6558    i.prvUnlockQueue    queue.o
    0x080058bc   0x080058bc   0x0000014c   Code   RO         8059    i.pvPortMalloc      heap_4.o
    0x08005a08   0x08005a08   0x0000002c   Code   RO         8114    i.pxPortInitialiseStack  port.o
    0x08005a34   0x08005a34   0x00000270   Code   RO          963    i.space_vector_pwm  algorithm.o
    0x08005ca4   0x08005ca4   0x00000010   Code   RO         1102    i.spg4_adc_start    stspin32g4.o
    0x08005cb4   0x08005cb4   0x00000048   Code   RO         1104    i.spg4_set_pwm      stspin32g4.o
    0x08005cfc   0x08005cfc   0x00000028   Code   RO         6511    i.uxListRemove      list.o
    0x08005d24   0x08005d24   0x00000018   Code   RO         7601    i.vApplicationGetIdleTaskMemory  cmsis_os2.o
    0x08005d3c   0x08005d3c   0x00000018   Code   RO         7602    i.vApplicationGetTimerTaskMemory  cmsis_os2.o
    0x08005d54   0x08005d54   0x0000001a   Code   RO         6512    i.vListInitialise   list.o
    0x08005d6e   0x08005d6e   0x00000006   Code   RO         6513    i.vListInitialiseItem  list.o
    0x08005d74   0x08005d74   0x00000034   Code   RO         6514    i.vListInsert       list.o
    0x08005da8   0x08005da8   0x00000018   Code   RO         6515    i.vListInsertEnd    list.o
    0x08005dc0   0x08005dc0   0x00000054   Code   RO         8116    i.vPortEnterCritical  port.o
    0x08005e14   0x08005e14   0x0000003c   Code   RO         8117    i.vPortExitCritical  port.o
    0x08005e50   0x08005e50   0x000000a4   Code   RO         8060    i.vPortFree         heap_4.o
    0x08005ef4   0x08005ef4   0x00000028   Code   RO         8118    i.vPortSetupTimerInterrupt  port.o
    0x08005f1c   0x08005f1c   0x00000078   Code   RO         8119    i.vPortValidateInterruptPriority  port.o
    0x08005f94   0x08005f94   0x0000002c   Code   RO         6564    i.vQueueAddToRegistry  queue.o
    0x08005fc0   0x08005fc0   0x0000004a   Code   RO         6568    i.vQueueWaitForMessageRestricted  queue.o
    0x0800600a   0x0800600a   0x00000002   PAD
    0x0800600c   0x0800600c   0x0000005c   Code   RO         6985    i.vTaskDelay        tasks.o
    0x08006068   0x08006068   0x00000018   Code   RO         6990    i.vTaskInternalSetTimeOutState  tasks.o
    0x08006080   0x08006080   0x0000000c   Code   RO         6991    i.vTaskMissedYield  tasks.o
    0x0800608c   0x0800608c   0x00000038   Code   RO         6993    i.vTaskPlaceOnEventList  tasks.o
    0x080060c4   0x080060c4   0x00000040   Code   RO         6994    i.vTaskPlaceOnEventListRestricted  tasks.o
    0x08006104   0x08006104   0x000000b8   Code   RO         7002    i.vTaskStartScheduler  tasks.o
    0x080061bc   0x080061bc   0x00000010   Code   RO         7004    i.vTaskSuspendAll   tasks.o
    0x080061cc   0x080061cc   0x00000090   Code   RO         7005    i.vTaskSwitchContext  tasks.o
    0x0800625c   0x0800625c   0x00000168   Code   RO         8120    i.xPortStartScheduler  port.o
    0x080063c4   0x080063c4   0x00000034   Code   RO         8121    i.xPortSysTickHandler  port.o
    0x080063f8   0x080063f8   0x000000e0   Code   RO         6574    i.xQueueGenericCreateStatic  queue.o
    0x080064d8   0x080064d8   0x00000098   Code   RO         6575    i.xQueueGenericReset  queue.o
    0x08006570   0x08006570   0x000001a8   Code   RO         6576    i.xQueueGenericSend  queue.o
    0x08006718   0x08006718   0x000000fc   Code   RO         6577    i.xQueueGenericSendFromISR  queue.o
    0x08006814   0x08006814   0x00000168   Code   RO         6586    i.xQueueReceive     queue.o
    0x0800697c   0x0800697c   0x0000008c   Code   RO         7007    i.xTaskCheckForTimeOut  tasks.o
    0x08006a08   0x08006a08   0x00000064   Code   RO         7008    i.xTaskCreate       tasks.o
    0x08006a6c   0x08006a6c   0x000000ba   Code   RO         7009    i.xTaskCreateStatic  tasks.o
    0x08006b26   0x08006b26   0x00000002   PAD
    0x08006b28   0x08006b28   0x00000020   Code   RO         7013    i.xTaskGetSchedulerState  tasks.o
    0x08006b48   0x08006b48   0x0000000c   Code   RO         7014    i.xTaskGetTickCount  tasks.o
    0x08006b54   0x08006b54   0x00000144   Code   RO         7016    i.xTaskIncrementTick  tasks.o
    0x08006c98   0x08006c98   0x000000a4   Code   RO         7019    i.xTaskPriorityDisinherit  tasks.o
    0x08006d3c   0x08006d3c   0x00000098   Code   RO         7021    i.xTaskRemoveFromEventList  tasks.o
    0x08006dd4   0x08006dd4   0x00000104   Code   RO         7022    i.xTaskResumeAll    tasks.o
    0x08006ed8   0x08006ed8   0x00000078   Code   RO         7358    i.xTimerCreateTimerTask  timers.o
    0x08006f50   0x08006f50   0x00000084   Code   RO         7359    i.xTimerGenericCommand  timers.o
    0x08006fd4   0x08006fd4   0x00000018   Code   RO         8284    x$fpl$basic         fz_wm.l(basic.o)
    0x08006fec   0x08006fec   0x00000062   Code   RO         8203    x$fpl$d2f           fz_wm.l(d2f.o)
    0x0800704e   0x0800704e   0x00000002   PAD
    0x08007050   0x08007050   0x00000150   Code   RO         8205    x$fpl$dadd          fz_wm.l(daddsub_clz.o)
    0x080071a0   0x080071a0   0x00000018   Code   RO         8366    x$fpl$dcmpinf       fz_wm.l(dcmpi.o)
    0x080071b8   0x080071b8   0x000002b0   Code   RO         8212    x$fpl$ddiv          fz_wm.l(ddiv.o)
    0x08007468   0x08007468   0x0000005e   Code   RO         8215    x$fpl$dfix          fz_wm.l(dfix.o)
    0x080074c6   0x080074c6   0x0000002e   Code   RO         8220    x$fpl$dflt          fz_wm.l(dflt_clz.o)
    0x080074f4   0x080074f4   0x00000026   Code   RO         8219    x$fpl$dfltu         fz_wm.l(dflt_clz.o)
    0x0800751a   0x0800751a   0x00000002   PAD
    0x0800751c   0x0800751c   0x00000078   Code   RO         8347    x$fpl$dleqf         fz_wm.l(dleqf.o)
    0x08007594   0x08007594   0x00000154   Code   RO         8225    x$fpl$dmul          fz_wm.l(dmul.o)
    0x080076e8   0x080076e8   0x0000009c   Code   RO         8286    x$fpl$dnaninf       fz_wm.l(dnaninf.o)
    0x08007784   0x08007784   0x00000150   Code   RO         8288    x$fpl$drem          fz_wm.l(drem_clz.o)
    0x080078d4   0x080078d4   0x0000000c   Code   RO         8290    x$fpl$dretinf       fz_wm.l(dretinf.o)
    0x080078e0   0x080078e0   0x0000006c   Code   RO         8292    x$fpl$drleqf        fz_wm.l(drleqf.o)
    0x0800794c   0x0800794c   0x00000016   Code   RO         8206    x$fpl$drsb          fz_wm.l(daddsub_clz.o)
    0x08007962   0x08007962   0x00000002   PAD
    0x08007964   0x08007964   0x000001d4   Code   RO         8207    x$fpl$dsub          fz_wm.l(daddsub_clz.o)
    0x08007b38   0x08007b38   0x00000056   Code   RO         8227    x$fpl$f2d           fz_wm.l(f2d.o)
    0x08007b8e   0x08007b8e   0x0000008c   Code   RO         8294    x$fpl$fnaninf       fz_wm.l(fnaninf.o)
    0x08007c1a   0x08007c1a   0x0000000a   Code   RO         8424    x$fpl$fpinit        fz_wm.l(fpinit.o)
    0x08007c24   0x08007c24   0x0000000a   Code   RO         8296    x$fpl$fretinf       fz_wm.l(fretinf.o)
    0x08007c2e   0x08007c2e   0x00000000   Code   RO         8298    x$fpl$usenofp       fz_wm.l(usenofp.o)
    0x08007c2e   0x08007c2e   0x00000002   PAD
    0x08007c30   0x08007c30   0x0000008c   Data   RO          361    .constdata          app_freertos.o
    0x08007cbc   0x08007cbc   0x00000068   Data   RO          606    .constdata          tim.o
    0x08007d24   0x08007d24   0x0000006d   Data   RO         1197    .constdata          stspin32g4_gate_driver.o
    0x08007d91   0x08007d91   0x00000003   PAD
    0x08007d94   0x08007d94   0x00000030   Data   RO         5661    .constdata          stm32g4xx_ll_usart.o
    0x08007dc4   0x08007dc4   0x00000018   Data   RO         6348    .constdata          system_stm32g4xx.o
    0x08007ddc   0x08007ddc   0x00000004   PAD
    0x08007de0   0x08007de0   0x00000030   Data   RO         8300    .constdata          m_wm.l(cos_i.o)
    0x08007e10   0x08007e10   0x000000c8   Data   RO         8318    .constdata          m_wm.l(rred.o)
    0x08007ed8   0x08007ed8   0x00000028   Data   RO         8322    .constdata          m_wm.l(sin_i.o)
    0x08007f00   0x08007f00   0x0000000c   Data   RO          362    .conststring        app_freertos.o
    0x08007f0c   0x08007f0c   0x00000020   Data   RO         8494    Region$$Table       anon$$obj.o


    Execution Region RW_IRAM1 (Exec base: 0x20000000, Load base: 0x08007f2c, Size: 0x00002488, Max: 0x00008000, ABSOLUTE)

    Exec Addr    Load Addr    Size         Type   Attr      Idx    E Section Name        Object

    0x20000000   0x08007f2c   0x00000004   Data   RW          363    .data               app_freertos.o
    0x20000004   0x08007f30   0x00000003   Data   RW         1029    .data               heartbeat.o
    0x20000007   0x08007f33   0x00000001   PAD
    0x20000008   0x08007f34   0x00000008   Data   RW         1063    .data               motion.o
    0x20000010   0x08007f3c   0x00000008   Data   RW         1106    .data               stspin32g4.o
    0x20000018   0x08007f44   0x0000000c   Data   RW         3332    .data               stm32g4xx_hal.o
    0x20000024   0x08007f50   0x00000004   Data   RW         6349    .data               system_stm32g4xx.o
    0x20000028   0x08007f54   0x0000003c   Data   RW         7025    .data               tasks.o
    0x20000064   0x08007f90   0x00000014   Data   RW         7367    .data               timers.o
    0x20000078   0x08007fa4   0x00000004   Data   RW         7604    .data               cmsis_os2.o
    0x2000007c   0x08007fa8   0x00000020   Data   RW         8066    .data               heap_4.o
    0x2000009c   0x08007fc8   0x0000000c   Data   RW         8122    .data               port.o
    0x200000a8        -       0x0000006c   Zero   RW          405    .bss                adc.o
    0x20000114        -       0x00000064   Zero   RW          451    .bss                fdcan.o
    0x20000178        -       0x000000b4   Zero   RW          538    .bss                opamp.o
    0x2000022c        -       0x000002dc   Zero   RW          751    .bss                usb.o
    0x20000508        -       0x0000004c   Zero   RW          922    .bss                stm32g4xx_hal_timebase_tim.o
    0x20000554        -       0x00000040   Zero   RW         6590    .bss                queue.o
    0x20000594        -       0x000004c4   Zero   RW         7024    .bss                tasks.o
    0x20000a58        -       0x00000118   Zero   RW         7366    .bss                timers.o
    0x20000b70        -       0x000006b8   Zero   RW         7603    .bss                cmsis_os2.o
    0x20001228        -       0x00000c00   Zero   RW         8065    .bss                heap_4.o
    0x20001e28        -       0x00000060   Zero   RW         8354    .bss                c_w.l(libspace.o)
    0x20001e88        -       0x00000200   Zero   RW            2    HEAP                startup_stm32g431xx.o
    0x20002088        -       0x00000400   Zero   RW            1    STACK               startup_stm32g431xx.o


==============================================================================

Image component sizes


      Code (inc. data)   RO Data    RW Data    ZI Data      Debug   Object Name

       372         26          0          0        108      23497   adc.o
       724         48          0          0          0       2251   algorithm.o
        42         14        152          4          0       1977   app_freertos.o
       430         38          0          4       1720      65443   cmsis_os2.o
         0          0          0          0          0      19588   event_groups.o
       224         24          0          0        100      23339   fdcan.o
       340         16          0          0          0      34423   gpio.o
       724         74          0         32       3072       4959   heap_4.o
        88         14          0          3          0      45260   heartbeat.o
       488         24          0          0          0      71042   i2c.o
       148          0          0          0          0       3658   list.o
       522         36          0          0          0     813227   main.o
       144         12          0          8          0       2433   motion.o
       356         38          0          0        180       3105   opamp.o
      1014         92          0         12          0      11833   port.o
      1922         20          0          0         64      17608   queue.o
        64         26        472          0       1536        856   startup_stm32g431xx.o
       146         28          0         12          0       4879   stm32g4xx_hal.o
      2886         86          0          0          0      80482   stm32g4xx_hal_adc.o
       298          8          0          0          0      71904   stm32g4xx_hal_adc_ex.o
       258         22          0          0          0      33666   stm32g4xx_hal_cortex.o
       644         16          0          0          0       4137   stm32g4xx_hal_fdcan.o
       460         32          0          0          0       1424   stm32g4xx_hal_gpio.o
        88          6          0          0          0        886   stm32g4xx_hal_msp.o
       340         10          0          0          0       1773   stm32g4xx_hal_opamp.o
       266          0          0          0          0       1331   stm32g4xx_hal_pcd.o
        40          0          0          0          0       1056   stm32g4xx_hal_pcd_ex.o
        20          6          0          0          0        579   stm32g4xx_hal_pwr_ex.o
       116         26          0          0          0       2906   stm32g4xx_hal_rcc.o
      1024         56          0          0          0       6878   stm32g4xx_hal_tim.o
        14          0          0          0          0       4700   stm32g4xx_hal_tim_ex.o
       156         22          0          0         76       1460   stm32g4xx_hal_timebase_tim.o
       112         14          0          0          0      50402   stm32g4xx_it.o
       302          0          0          0          0       7515   stm32g4xx_ll_gpio.o
       136          0          0          0          0      14846   stm32g4xx_ll_i2c.o
       732         84          0          0          0      28513   stm32g4xx_ll_rcc.o
      1416        184          0          0          0      59738   stm32g4xx_ll_tim.o
       310         28         48          0          0      28328   stm32g4xx_ll_usart.o
        40          0          0          0          0       1685   stm32g4xx_ll_usb.o
        12          6          0          0          0        596   stm32g4xx_ll_utils.o
         0          0          0          0          0        440   stream_buffer.o
       336         58          0          8          0     118369   stspin32g4.o
       484         66        109          0          0      25462   stspin32g4_gate_driver.o
        20          6         24          4          0       1163   system_stm32g4xx.o
      2808        346          0         60       1220      27774   tasks.o
      1428         74        104          0          0      90399   tim.o
      1318        124          0         20        280      33123   timers.o
       544         16          0          0          0      51798   usart.o
       124         20          0          0        732      23166   usb.o

    ----------------------------------------------------------------------
     24514       1846        948        168       9088    1925877   Object Totals
         0          0         32          0          0          0   (incl. Generated)
        34          0          7          1          0          0   (incl. Padding)

    ----------------------------------------------------------------------

      Code (inc. data)   RO Data    RW Data    ZI Data      Debug   Library Member Name

         8          0          0          0          0         68   __main.o
         0          0          0          0          0          0   __rtentry.o
        12          0          0          0          0          0   __rtentry2.o
         6          0          0          0          0          0   __rtentry4.o
        52          8          0          0          0          0   __scatter.o
        26          0          0          0          0          0   __scatter_copy.o
        28          0          0          0          0          0   __scatter_zi.o
        22          0          0          0          0        100   _rserrno.o
        16          0          0          0          0         68   aeabi_memset.o
        18          0          0          0          0         80   exit.o
         6          0          0          0          0        152   heapauxi.o
         0          0          0          0          0          0   indicate_semi.o
         2          0          0          0          0          0   libinit.o
         6          0          0          0          0          0   libinit2.o
         2          0          0          0          0          0   libshutdown.o
         2          0          0          0          0          0   libshutdown2.o
         8          4          0          0         96         68   libspace.o
         8          4          0          0          0         68   rt_errno_addr_intlibspace.o
        68          0          0          0          0         68   rt_memclr.o
        78          0          0          0          0         80   rt_memclr_w.o
       138          0          0          0          0         68   rt_memcpy_v6.o
       100          0          0          0          0         80   rt_memcpy_w.o
         2          0          0          0          0          0   rtexit.o
        10          0          0          0          0          0   rtexit2.o
        12          4          0          0          0         68   sys_exit.o
        74          0          0          0          0         80   sys_stackheap_outer.o
         2          0          0          0          0         68   use_no_semi.o
        24          0          0          0          0        164   basic.o
        98          4          0          0          0        140   d2f.o
       826         16          0          0          0        492   daddsub_clz.o
        24          0          0          0          0        116   dcmpi.o
       688        140          0          0          0        256   ddiv.o
        94          4          0          0          0        140   dfix.o
        84          0          0          0          0        232   dflt_clz.o
       120          4          0          0          0        140   dleqf.o
       340         12          0          0          0        152   dmul.o
       156          4          0          0          0        140   dnaninf.o
       336         12          0          0          0        136   drem_clz.o
        12          0          0          0          0        116   dretinf.o
       108          0          0          0          0        128   drleqf.o
        86          4          0          0          0        132   f2d.o
       140          4          0          0          0        132   fnaninf.o
        10          0          0          0          0        116   fpinit.o
        10          0          0          0          0        116   fretinf.o
         0          0          0          0          0          0   usenofp.o
       368         46         48          0          0        200   cos_i.o
        84         16          0          0          0        372   dunder.o
        44          0          0          0          0        248   fabs.o
       280         28          0          0          0        156   floor.o
       260          6          0          0          0        144   fmod.o
        48          0          0          0          0        124   fpclassify.o
       248          0          0          0          0        152   poly.o
      1080        142        200          0          0        188   rred.o
       200         20          0          0          0        164   sin.o
       304         24         40          0          0        208   sin_i.o

    ----------------------------------------------------------------------
      6806        510        288          0         96       5920   Library Totals
        28          4          0          0          0          0   (incl. Padding)

    ----------------------------------------------------------------------

      Code (inc. data)   RO Data    RW Data    ZI Data      Debug   Library Name

       706         20          0          0         96       1116   c_w.l
      3156        204          0          0          0       2848   fz_wm.l
      2916        282        288          0          0       1956   m_wm.l

    ----------------------------------------------------------------------
      6806        510        288          0         96       5920   Library Totals

    ----------------------------------------------------------------------

==============================================================================


      Code (inc. data)   RO Data    RW Data    ZI Data      Debug   

     31320       2356       1236        168       9184    1904777   Grand Totals
     31320       2356       1236        168       9184    1904777   ELF Image Totals
     31320       2356       1236        168          0          0   ROM Totals

==============================================================================

    Total RO  Size (Code + RO Data)                32556 (  31.79kB)
    Total RW  Size (RW Data + ZI Data)              9352 (   9.13kB)
    Total ROM Size (Code + RO Data + RW Data)      32724 (  31.96kB)

==============================================================================

